BL51 BANKED LINKER/LOCATER V6.22.2.0                                                    03/04/2021  15:33:15  PAGE 1


BL51 BANKED LINKER/LOCATER V6.22.2.0, INVOKED BY:
D:\KEIL_V5\C51\BIN\BL51.EXE .\Objects\STARTUP_OB38A08T2.obj, .\Objects\Main.obj, .\Objects\InitROM.obj, .\Objects\I2C.ob
>> j, .\Objects\Timer.obj, .\Objects\UART0.obj, .\Objects\EEPROM.obj, .\Objects\ADC.obj, .\Objects\dqiot_drv.obj, .\Obje
>> cts\dqiot_drv_audio.obj, .\Objects\dqiot_drv_control.obj, .\Objects\dqiot_drv_fp.obj, .\Objects\dqiot_drv_led.obj, .\
>> Objects\dqiot_drv_touch.obj, .\Objects\dqiot_drv_wifi.obj, .\Objects\dqiot_fp_sy.obj, .\Objects\dqiot_drv_reset.obj, 
>> .\Objects\dq_otp.obj, .\Objects\mmi_alarm.obj, .\Objects\mmi_audio.obj, .\Objects\mmi_bsp.obj, .\Objects\mmi_com.obj,
>>  .\Objects\mmi_fm.obj, .\Objects\mmi_fps.obj, .\Objects\mmi_fs.obj, .\Objects\mmi_key.obj, .\Objects\mmi_led.obj, .\O
>> bjects\mmi_motor.obj, .\Objects\mmi_ms.obj, .\Objects\mmi_queue.obj, .\Objects\mmi_rfid.obj, .\Objects\mmi_rst.obj, .
>> \Objects\mmi_sys.obj, .\Objects\mmi_wifi.obj TO .\Objects\DS05 PRINT (.\Listings\DS05.m51) RAMSIZE (256)


MEMORY MODEL: LARGE WITH FLOATING POINT ARITHMETIC


INPUT MODULES INCLUDED:
  .\Objects\STARTUP_OB38A08T2.obj (?C_STARTUP)
  .\Objects\Main.obj (MAIN)
  .\Objects\InitROM.obj (INITROM)
  .\Objects\I2C.obj (I2C)
  .\Objects\Timer.obj (TIMER)
  .\Objects\UART0.obj (UART0)
  .\Objects\EEPROM.obj (EEPROM)
  .\Objects\ADC.obj (ADC)
  .\Objects\dqiot_drv.obj (DQIOT_DRV)
  .\Objects\dqiot_drv_audio.obj (DQIOT_DRV_AUDIO)
  .\Objects\dqiot_drv_control.obj (DQIOT_DRV_CONTROL)
  .\Objects\dqiot_drv_fp.obj (DQIOT_DRV_FP)
  .\Objects\dqiot_drv_led.obj (DQIOT_DRV_LED)
  .\Objects\dqiot_drv_touch.obj (DQIOT_DRV_TOUCH)
  .\Objects\dqiot_drv_wifi.obj (DQIOT_DRV_WIFI)
  .\Objects\dqiot_fp_sy.obj (DQIOT_FP_SY)
  .\Objects\dqiot_drv_reset.obj (DQIOT_DRV_RESET)
  .\Objects\dq_otp.obj (DQ_OTP)
  .\Objects\mmi_alarm.obj (MMI_ALARM)
  .\Objects\mmi_audio.obj (MMI_AUDIO)
  .\Objects\mmi_bsp.obj (MMI_BSP)
  .\Objects\mmi_com.obj (MMI_COM)
  .\Objects\mmi_fm.obj (MMI_FM)
  .\Objects\mmi_fps.obj (MMI_FPS)
  .\Objects\mmi_fs.obj (MMI_FS)
  .\Objects\mmi_key.obj (MMI_KEY)
  .\Objects\mmi_led.obj (MMI_LED)
  .\Objects\mmi_motor.obj (MMI_MOTOR)
  .\Objects\mmi_ms.obj (MMI_MS)
  .\Objects\mmi_queue.obj (MMI_QUEUE)
  .\Objects\mmi_rfid.obj (MMI_RFID)
  .\Objects\mmi_rst.obj (MMI_RST)
  .\Objects\mmi_sys.obj (MMI_SYS)
  .\Objects\mmi_wifi.obj (MMI_WIFI)
  D:\KEIL_V5\C51\LIB\C51FPL.LIB (?C?FPADD)
  D:\KEIL_V5\C51\LIB\C51FPL.LIB (?C?FPMUL)
  D:\KEIL_V5\C51\LIB\C51FPL.LIB (?C?FPCMP)
  D:\KEIL_V5\C51\LIB\C51FPL.LIB (?C?FCAST)
  D:\KEIL_V5\C51\LIB\C51FPL.LIB (?C?CASTF)
  D:\KEIL_V5\C51\LIB\C51FPL.LIB (POW)
  D:\KEIL_V5\C51\LIB\C51FPL.LIB (?C?FPGETOPN)
  D:\KEIL_V5\C51\LIB\C51FPL.LIB (?C?CHKFLOAT)
  D:\KEIL_V5\C51\LIB\C51FPL.LIB (?C?FPNEG)
BL51 BANKED LINKER/LOCATER V6.22.2.0                                                  03/04/2021  15:33:15  PAGE 2


  D:\KEIL_V5\C51\LIB\C51FPL.LIB (EXP)
  D:\KEIL_V5\C51\LIB\C51FPL.LIB (LOG)
  D:\KEIL_V5\C51\LIB\C51FPL.LIB (?C?FPDIV)
  D:\KEIL_V5\C51\LIB\C51FPL.LIB (?C?FPSERIES)
  D:\KEIL_V5\C51\LIB\C51L.LIB (?C_INIT)
  D:\KEIL_V5\C51\LIB\C51L.LIB (?C?COPY)
  D:\KEIL_V5\C51\LIB\C51L.LIB (?C?CLDPTR)
  D:\KEIL_V5\C51\LIB\C51L.LIB (?C?CLDOPTR)
  D:\KEIL_V5\C51\LIB\C51L.LIB (?C?CSTPTR)
  D:\KEIL_V5\C51\LIB\C51L.LIB (?C?CSTOPTR)
  D:\KEIL_V5\C51\LIB\C51L.LIB (?C?IMUL)
  D:\KEIL_V5\C51\LIB\C51L.LIB (?C?SIDIV)
  D:\KEIL_V5\C51\LIB\C51L.LIB (?C?IILDX)
  D:\KEIL_V5\C51\LIB\C51L.LIB (?C?ILDIX)
  D:\KEIL_V5\C51\LIB\C51L.LIB (?C?ISTPTR)
  D:\KEIL_V5\C51\LIB\C51L.LIB (?C?ULDIV)
  D:\KEIL_V5\C51\LIB\C51L.LIB (?C?LNEG)
  D:\KEIL_V5\C51\LIB\C51L.LIB (?C?ULSHR)
  D:\KEIL_V5\C51\LIB\C51L.LIB (?C?LLDCODE)
  D:\KEIL_V5\C51\LIB\C51L.LIB (?C?LLDXDATA0)
  D:\KEIL_V5\C51\LIB\C51L.LIB (?C?LLDCODE0)
  D:\KEIL_V5\C51\LIB\C51L.LIB (?C?LSTXDATA)
  D:\KEIL_V5\C51\LIB\C51L.LIB (?C?LSTKXDATA)
  D:\KEIL_V5\C51\LIB\C51L.LIB (?C?LSTKPTR)
  D:\KEIL_V5\C51\LIB\C51L.LIB (?C?CCASE)
  D:\KEIL_V5\C51\LIB\C51L.LIB (?C?ICALL)
  D:\KEIL_V5\C51\LIB\C51L.LIB (STRNCAT)
  D:\KEIL_V5\C51\LIB\C51L.LIB (?C?STRCPY)
  D:\KEIL_V5\C51\LIB\C51L.LIB (STRNCPY)
  D:\KEIL_V5\C51\LIB\C51L.LIB (STRLEN)
  D:\KEIL_V5\C51\LIB\C51L.LIB (?C?MEMCMP)
  D:\KEIL_V5\C51\LIB\C51L.LIB (?C?MEMSET)
  D:\KEIL_V5\C51\LIB\C51L.LIB (?C?UIDIV)
  D:\KEIL_V5\C51\LIB\C51L.LIB (?C?LSTKIDATA)
  D:\KEIL_V5\C51\LIB\C51L.LIB (?C?LSTKPDATA)


LINK MAP OF MODULE:  .\Objects\DS05 (?C_STARTUP)


            TYPE    BASE      LENGTH    RELOCATION   SEGMENT NAME
            -----------------------------------------------------

            * * * * * * *   D A T A   M E M O R Y   * * * * * * *
            REG     0000H     0008H     ABSOLUTE     "REG BANK 0"
            REG     0008H     0008H     ABSOLUTE     "REG BANK 1"
                    0010H     0010H                  *** GAP ***
            DATA    0020H     0002H     BIT_ADDR     ?BA?DQIOT_DRV_TOUCH
            BIT     0022H.0   0000H.1   UNIT         ?BI?UART0
            BIT     0022H.1   0000H.1   UNIT         ?BI?ADC
            BIT     0022H.2   0000H.1   UNIT         _BIT_GROUP_
                    0022H.3   0000H.5                *** GAP ***
            IDATA   0023H     0001H     UNIT         ?STACK

            * * * * * * *  X D A T A   M E M O R Y  * * * * * * *
            XDATA   0000H     00A2H     UNIT         _XDATA_GROUP_
            XDATA   00A2H     0039H     UNIT         ?XD?MMI_FS
BL51 BANKED LINKER/LOCATER V6.22.2.0                                                  03/04/2021  15:33:15  PAGE 3


            XDATA   00DBH     0031H     UNIT         ?XD?MMI_SYS
            XDATA   010CH     0027H     UNIT         ?XD?MMI_QUEUE
            XDATA   0133H     0019H     UNIT         ?XD?DQIOT_FP_SY
            XDATA   014CH     0019H     UNIT         ?XD?MMI_MS
            XDATA   0165H     0017H     UNIT         ?XD?DQIOT_DRV_AUDIO
            XDATA   017CH     0015H     UNIT         ?XD?UART0
            XDATA   0191H     0009H     UNIT         ?XD?_PS_SEARCH?DQIOT_FP_SY
            XDATA   019AH     0008H     UNIT         ?XD?_CONTROL_READDATAS?DQIOT_DRV_CONTROL
            XDATA   01A2H     0008H     UNIT         ?XD?MMI_WIFI
            XDATA   01AAH     0007H     UNIT         ?XD?MMI_RST
            XDATA   01B1H     0005H     UNIT         ?XD?_PS_AUTOENROLL?DQIOT_FP_SY
            XDATA   01B6H     0005H     UNIT         ?XD?_PS_AUTOIDENTIFY?DQIOT_FP_SY
            XDATA   01BBH     0005H     UNIT         ?XD?MMI_FPS
            XDATA   01C0H     0005H     UNIT         ?XD?MMI_LED
            XDATA   01C5H     0004H     UNIT         ?XD?MAIN
            XDATA   01C9H     0004H     UNIT         ?XD?DQIOT_DRV
            XDATA   01CDH     0004H     UNIT         ?XD?CONTROL_GET_CLOSE_STATE?DQIOT_DRV_CONTROL
            XDATA   01D1H     0004H     UNIT         ?XD?DQIOT_DRV_LED
            XDATA   01D5H     0004H     UNIT         ?XD?DQIOT_DRV_WIFI
            XDATA   01D9H     0004H     UNIT         ?XD?_PS_VALIDTEMPLETENUM?DQIOT_FP_SY
            XDATA   01DDH     0004H     UNIT         ?XD?DQIOT_DRV_RESET
            XDATA   01E1H     0004H     UNIT         ?XD?MMI_BSP
            XDATA   01E5H     0004H     UNIT         ?XD?_MMI_DQ_FP_SEARCH?MMI_FPS
            XDATA   01E9H     0004H     UNIT         ?XD?MMI_KEY
            XDATA   01EDH     0002H     UNIT         ?XD?TIMER
            XDATA   01EFH     0002H     UNIT         ?XD?ADC
            XDATA   01F1H     0002H     UNIT         ?XD?CONTROL_SET_CLOSE?DQIOT_DRV_CONTROL
            XDATA   01F3H     0002H     UNIT         ?XD?CONTROL_WAKE_UP?DQIOT_DRV_CONTROL
            XDATA   01F5H     0002H     UNIT         ?XD?WIFI_SLEEP_MODE?DQIOT_DRV_WIFI
            XDATA   01F7H     0002H     UNIT         ?XD?WIFI_ADD_PASSWORD?DQIOT_DRV_WIFI
            XDATA   01F9H     0002H     UNIT         ?XD?WIFI_DEL_PASSWORD?DQIOT_DRV_WIFI
            XDATA   01FBH     0002H     UNIT         ?XD?WIFI_ADD_FP?DQIOT_DRV_WIFI
            XDATA   01FDH     0002H     UNIT         ?XD?WIFI_DEL_FP?DQIOT_DRV_WIFI
            XDATA   01FFH     0002H     UNIT         ?XD?WIFI_OPEN_BY_RFID?DQIOT_DRV_WIFI
            XDATA   0201H     0002H     UNIT         ?XD?WIFI_OPEN_BY_KEY?DQIOT_DRV_WIFI
            XDATA   0203H     0002H     UNIT         ?XD?WIFI_DOOR_CLOSE?DQIOT_DRV_WIFI
            XDATA   0205H     0002H     UNIT         ?XD?WIFI_VIA_ALARM?DQIOT_DRV_WIFI
            XDATA   0207H     0002H     UNIT         ?XD?WIFI_RF_ALARM?DQIOT_DRV_WIFI
            XDATA   0209H     0001H     UNIT         ?XD?DQIOT_DRV_TOUCH
            XDATA   020AH     0001H     UNIT         ?XD?MMI_ALARM
            XDATA   020BH     0001H     UNIT         ?XD?MMI_AUDIO

            * * * * * * *   C O D E   M E M O R Y   * * * * * * *
            CODE    0000H     0003H     ABSOLUTE     
            CODE    0003H     0008H     UNIT         ?PR?_UART0_TX?UART0
            CODE    000BH     0003H     ABSOLUTE     
            CODE    000EH     0005H     UNIT         ?PR?MMI_DQ_FP_GET_IMAGE?MMI_FPS
            CODE    0013H     0003H     ABSOLUTE     
            CODE    0016H     0005H     UNIT         ?PR?MMI_DQ_FP_MATCH?MMI_FPS
            CODE    001BH     0003H     ABSOLUTE     
            CODE    001EH     0005H     UNIT         ?PR?MMI_DQ_FP_REG_MODULE?MMI_FPS
            CODE    0023H     0003H     ABSOLUTE     
            CODE    0026H     002CH     UNIT         ?PR?TIMER1_ISR?TIMER
            CODE    0052H     0001H     UNIT         ?PR?INT1_ISR?DQIOT_DRV
            CODE    0053H     0003H     ABSOLUTE     
            CODE    0056H     001DH     UNIT         ?PR?DQIOT_DRV_INIT?DQIOT_DRV
            CODE    0073H     0003H     ABSOLUTE     
BL51 BANKED LINKER/LOCATER V6.22.2.0                                                  03/04/2021  15:33:15  PAGE 4


            CODE    0076H     0015H     UNIT         ?PR?DELAY_US?I2C
            CODE    008BH     0003H     ABSOLUTE     
            CODE    008EH     000DH     UNIT         ?PR?DQIOT_DRV_FP_WAKE_UP?DQIOT_DRV_FP
            CODE    009BH     0003H     ABSOLUTE     
            CODE    009EH     0B35H     UNIT         ?C?LIB_CODE
            CODE    0BD3H     05D7H     UNIT         ?PR?_PARSEOTPKEY?DQ_OTP
            CODE    11AAH     05C2H     UNIT         ?PR?_MMI_MS_PWD_OPT_FUN?MMI_MS
            CODE    176CH     056CH     UNIT         ?PR?_PARSEOTPCHECKDATA?DQ_OTP
            CODE    1CD8H     0166H     UNIT         ?PR?_POW?POW
            CODE    1E3EH     00E9H     UNIT         ?PR?_MMI_DQ_FS_CHECK_INPUT_PWD?MMI_FS
            CODE    1F27H     0009H     UNIT         ?PR?DQIOT_DRV_TOUCH_WORK?DQIOT_DRV_TOUCH
            CODE    1F30H     0001H     ABSOLUTE     
            CODE    1F31H     0001H     ABSOLUTE     
            CODE    1F32H     0001H     ABSOLUTE     
            CODE    1F33H     0001H     ABSOLUTE     
            CODE    1F34H     0001H     ABSOLUTE     
            CODE    1F35H     0001H     ABSOLUTE     
            CODE    1F36H     0001H     UNIT         ?PR?MMI_DQ_ALARM_INIT?MMI_ALARM
            CODE    1F37H     0001H     ABSOLUTE     
            CODE    1F38H     0001H     ABSOLUTE     
            CODE    1F39H     0001H     ABSOLUTE     
            CODE    1F3AH     0001H     ABSOLUTE     
            CODE    1F3BH     0001H     ABSOLUTE     
            CODE    1F3CH     0001H     ABSOLUTE     
            CODE    1F3DH     0001H     ABSOLUTE     
            CODE    1F3EH     0001H     ABSOLUTE     
            CODE    1F3FH     0001H     ABSOLUTE     
            CODE    1F40H     0001H     ABSOLUTE     
            CODE    1F41H     0001H     ABSOLUTE     
            CODE    1F42H     0001H     ABSOLUTE     
            CODE    1F43H     0001H     ABSOLUTE     
            CODE    1F44H     0001H     ABSOLUTE     
            CODE    1F45H     0001H     ABSOLUTE     
            CODE    1F46H     0001H     ABSOLUTE     
            CODE    1F47H     0001H     ABSOLUTE     
            CODE    1F48H     0001H     ABSOLUTE     
            CODE    1F49H     0001H     ABSOLUTE     
            CODE    1F4AH     0001H     ABSOLUTE     
            CODE    1F4BH     0001H     ABSOLUTE     
            CODE    1F4CH     0004H     UNIT         ?PR?UART0_DEINIT?UART0
            CODE    1F50H     0001H     ABSOLUTE     
            CODE    1F51H     0001H     ABSOLUTE     
            CODE    1F52H     0001H     ABSOLUTE     
            CODE    1F53H     0001H     ABSOLUTE     
            CODE    1F54H     0001H     ABSOLUTE     
            CODE    1F55H     0001H     ABSOLUTE     
            CODE    1F56H     0001H     ABSOLUTE     
            CODE    1F57H     0001H     ABSOLUTE     
            CODE    1F58H     0001H     ABSOLUTE     
            CODE    1F59H     0001H     ABSOLUTE     
            CODE    1F5AH     0001H     ABSOLUTE     
            CODE    1F5BH     0001H     ABSOLUTE     
            CODE    1F5CH     0001H     ABSOLUTE     
            CODE    1F5DH     0001H     ABSOLUTE     
            CODE    1F5EH     0001H     ABSOLUTE     
            CODE    1F5FH     0001H     ABSOLUTE     
            CODE    1F60H     0010H     ABSOLUTE     
BL51 BANKED LINKER/LOCATER V6.22.2.0                                                  03/04/2021  15:33:15  PAGE 5


            CODE    1F70H     0010H     ABSOLUTE     
            CODE    1F80H     0018H     ABSOLUTE     
            CODE    1F98H     0008H     UNIT         ?PR?_ROM_BYTEREAD?EEPROM
            CODE    1FA0H     0030H     ABSOLUTE     
            CODE    1FD0H     0030H     ABSOLUTE     
            CODE    2000H     0302H     UNIT         ?PR?_DQ_CHECK_OTP?DQ_OTP
            CODE    2302H     028EH     UNIT         ?PR?_MMI_DQ_FS_CHECK_INPUT_PWD_FOR_OPEN?MMI_FS
            CODE    2590H     0268H     UNIT         ?PR?_MMI_MS_FPS_OPT_FUN?MMI_MS
            CODE    27F8H     015BH     UNIT         ?PR?SYSTEM_TIMER_EVENT_HANDLER?MMI_SYS
            CODE    2953H     013FH     UNIT         ?C_INITSEG
            CODE    2A92H     0129H     UNIT         ?PR?LOG?LOG
            CODE    2BBBH     011AH     UNIT         ?PR?_JUDGESTR?DQIOT_FP_SY
            CODE    2CD5H     00DBH     UNIT         ?PR?MMI_DQ_FS_INIT?MMI_FS
            CODE    2DB0H     00D8H     UNIT         ?PR?_FP_LIGHT?DQIOT_FP_SY
            CODE    2E88H     00C5H     UNIT         ?PR?_STRNCAT?STRNCAT
            CODE    2F4DH     00BDH     UNIT         ?PR?_MMI_DQ_FS_SET_PWD?MMI_FS
            CODE    300AH     00BDH     UNIT         ?PR?_MMI_DQ_SYS_DOOR_OPEN?MMI_SYS
            CODE    30C7H     00AEH     UNIT         ?PR?_GET_OTPKEY_S_ARRAY?DQ_OTP
            CODE    3175H     00A1H     UNIT         ?PR?_PS_HIGHSPEEDSEARCH?DQIOT_FP_SY
            CODE    3216H     00A0H     UNIT         ?PR?_PS_SEARCH?DQIOT_FP_SY
            CODE    32B6H     009AH     UNIT         ?C_C51STARTUP
            CODE    3350H     009AH     UNIT         ?PR?EXP?EXP
            CODE    33EAH     0099H     UNIT         ?PR?AUDIO_SELECT_HANDLE_IN_TIMER?DQIOT_DRV_AUDIO
            CODE    3483H     0098H     UNIT         ?PR?AUDIO_TIMER_EVENT_HANDLER?DQIOT_DRV_AUDIO
            CODE    351BH     0096H     UNIT         ?PR?_MMI_OUTQUEUE?MMI_QUEUE
            CODE    35B1H     0092H     UNIT         ?PR?DQIOT_DRV_TOUCH_NORMAL?DQIOT_DRV_TOUCH
            CODE    3643H     008FH     UNIT         ?PR?MMI_TASK_PROC?MMI_MS
            CODE    36D2H     0081H     UNIT         ?PR?_MMI_DQ_FS_PWD_BYTE_TO_STRING?MMI_FS
            CODE    3753H     007CH     UNIT         ?PR?WIFI_OPEN_REPLY_GET?DQIOT_DRV_WIFI
            CODE    37CFH     007CH     UNIT         ?PR?_MMI_DQ_FS_PWD_STRING_TO_BYTE?MMI_FS
            CODE    384BH     007BH     UNIT         ?PR?_CONTROL_READDATAS?DQIOT_DRV_CONTROL
            CODE    38C6H     007BH     UNIT         ?PR?_UH010_READDATAS?DQIOT_DRV_WIFI
            CODE    3941H     0077H     UNIT         ?PR?MMI_DQ_RST_TIMER_EVENT?MMI_RST
            CODE    39B8H     0074H     UNIT         ?PR?_GET_ADC_AVERAGE?ADC
            CODE    3A2CH     0070H     UNIT         ?PR?_DQIOT_DRV_AUDIO_PLAY?DQIOT_DRV_AUDIO
            CODE    3A9CH     006DH     UNIT         ?PR?_MMI_DQ_FDS_WRITE?MMI_FS
            CODE    3B09H     0069H     UNIT         ?PR?_MMI_DQ_SYS_DOOR_OPEN_FAIL?MMI_SYS
            CODE    3B72H     0068H     UNIT         ?PR?_STRNCPY?STRNCPY
            CODE    3BDAH     0066H     UNIT         ?PR?ADC_VOLT?ADC
            CODE    3C40H     0066H     UNIT         ?PR?_PS_STORECHAR?DQIOT_FP_SY
            CODE    3CA6H     0066H     UNIT         ?PR?_PS_DELETCHAR?DQIOT_FP_SY
            CODE    3D0CH     0064H     UNIT         ?PR?_MMI_DQ_FP_HIGH_SPEED_SEARCH?MMI_FPS
            CODE    3D70H     0064H     UNIT         ?PR?_MMI_DQ_FP_SEARCH?MMI_FPS
            CODE    3DD4H     0064H     UNIT         ?PR?_MMI_DQ_GET_KEY_MAP?MMI_KEY
            CODE    3E38H     0063H     UNIT         ?PR?_I2C_MASTER_READ_DATA?I2C
            CODE    3E9BH     0062H     UNIT         ?PR?MMI_DQ_WIFI_CHECK_OPEN?MMI_WIFI
            CODE    3EFDH     0061H     UNIT         ?PR?_MMI_DQ_FDS_READ?MMI_FS
            CODE    3F5EH     005FH     UNIT         ?PR?MMI_INQUEUE?MMI_QUEUE
            CODE    3FBDH     005EH     UNIT         ?PR?CONTROL_GET_CLOSE_STATE?DQIOT_DRV_CONTROL
            CODE    401BH     005EH     UNIT         ?PR?_PS_AUTOIDENTIFY?DQIOT_FP_SY
            CODE    4079H     005DH     UNIT         ?PR?_PS_AUTOENROLL?DQIOT_FP_SY
            CODE    40D6H     005CH     UNIT         ?PR?_MMI_MS_RESET_OPT_FUN?MMI_MS
            CODE    4132H     005BH     UNIT         ?PR?MMI_DQ_FS_RESET?MMI_FS
            CODE    418DH     005AH     UNIT         ?PR?WIFI_NET_CONNECT_STATE?DQIOT_DRV_WIFI
            CODE    41E7H     005AH     UNIT         ?PR?MMI_DQ_SIGNAL_LED_SHINE_TOGGLE?MMI_LED
            CODE    4241H     0059H     UNIT         ?PR?_PS_VALIDTEMPLETENUM?DQIOT_FP_SY
            CODE    429AH     0055H     UNIT         ?PR?MMI_DQ_WIFI_CHECK_CONNECT?MMI_WIFI
BL51 BANKED LINKER/LOCATER V6.22.2.0                                                  03/04/2021  15:33:15  PAGE 6


            CODE    42EFH     0051H     UNIT         ?PR?DQIOT_DRV_AUDIO_STOP?DQIOT_DRV_AUDIO
            CODE    4340H     004FH     UNIT         ?PR?MMI_DQ_WIFI_OPEN_ASK?MMI_WIFI
            CODE    438FH     004DH     UNIT         ?PR?_MMI_DQ_FP_STORE_CHAR?MMI_FPS
            CODE    43DCH     004AH     UNIT         ?PR?MMI_INITQUEUE?MMI_QUEUE
            CODE    4426H     0047H     UNIT         ?PR?AS608_PACKHEAD2?DQIOT_FP_SY
            CODE    446DH     0047H     UNIT         ?PR?_MMI_DQ_SYS_SET_DELAY_EVENT?MMI_SYS
            CODE    44B4H     0044H     UNIT         ?PR?AS608_PACKHEAD?DQIOT_FP_SY
            CODE    44F8H     0044H     UNIT         ?PR?MMI_DQ_MS_SYS_MSG_HANDLE?MMI_MS
            CODE    453CH     0042H     UNIT         ?PR?_SENDCHECK?DQIOT_FP_SY
            CODE    457EH     0041H     UNIT         ?PR?TIMER3_ISR?TIMER
            CODE    45BFH     0041H     UNIT         ?PR?UART0_ISR?UART0
            CODE    4600H     0041H     UNIT         ?PR?FP_GET_START_FLAG?DQIOT_FP_SY
            CODE    4641H     0040H     UNIT         ?PR?MMI_DQ_FS_CLR_SET?MMI_FS
            CODE    4681H     003FH     UNIT         ?PR?MAIN?MAIN
            CODE    46C0H     003FH     UNIT         ?PR?_MMI_DQ_FP_GEN_CHAR?MMI_FPS
            CODE    46FFH     003EH     UNIT         ?PR?MMI_DQ_WIFI_SETTING?MMI_WIFI
            CODE    473DH     003BH     UNIT         ?PR?WDT_ISR?MAIN
            CODE    4778H     003BH     UNIT         ?PR?_I2C_MASTER_WRITE_DATA?I2C
            CODE    47B3H     003BH     UNIT         ?PR?TIMER0_ISR?TIMER
            CODE    47EEH     003AH     UNIT         ?PR?_PS_GENCHAR?DQIOT_FP_SY
            CODE    4828H     0039H     UNIT         ?PR?_CHECKARRAYONLY?DQ_OTP
            CODE    4861H     0039H     UNIT         ?PR?MMI_DQ_KEY_LIGHT_FLASH_TOGGLE?MMI_LED
            CODE    489AH     0036H     UNIT         ?PR?_IIC_MASTER_READ_BYTE?I2C
            CODE    48D0H     0035H     UNIT         ?PR?UART0_INIT?UART0
            CODE    4905H     0033H     UNIT         ?PR?_IIC_MASTER_WRITE_BYTE?I2C
            CODE    4938H     0033H     UNIT         ?PR?MMI_DQ_SYS_TIME_OUT_HANDLE?MMI_SYS
            CODE    496BH     0031H     UNIT         ?PR?ADCINTERRUPT?ADC
            CODE    499CH     0031H     UNIT         ?PR?_MMI_DQ_SIGNAL_LED_SHINE_TIMER_START?MMI_LED
            CODE    49CDH     0030H     UNIT         ?PR?MMI_DQ_FP_INIT?MMI_FPS
            CODE    49FDH     0030H     UNIT         ?PR?MMI_DQ_FS_GET_FP_UNUSE_INDEX?MMI_FS
            CODE    4A2DH     002FH     UNIT         ?PR?MMI_DQ_ALARM_TASK_PRO?MMI_ALARM
            CODE    4A5CH     002FH     UNIT         ?PR?MMI_QUEUELENGTH?MMI_QUEUE
            CODE    4A8BH     002CH     UNIT         ?PR?_MMI_DQ_FS_DEL_FP?MMI_FS
            CODE    4AB7H     002CH     UNIT         ?PR?MMI_DQ_SYS_CHECK_VBAT?MMI_SYS
            CODE    4AE3H     002AH     UNIT         ?PR?_PS_HANDSHAKE?DQIOT_FP_SY
            CODE    4B0DH     0028H     UNIT         ?PR?PS_GETIMAGE?DQIOT_FP_SY
            CODE    4B35H     0026H     UNIT         ?PR?MMI_MS_PWD_INIT_VAR?MMI_MS
            CODE    4B5BH     0025H     UNIT         ?PR?PS_MATCH?DQIOT_FP_SY
            CODE    4B80H     0024H     UNIT         ?PR?_MMI_DQ_MS_SET_MSG_QUE?MMI_MS
            CODE    4BA4H     0023H     UNIT         ?PR?PS_REGMODEL?DQIOT_FP_SY
            CODE    4BC7H     0023H     UNIT         ?PR?PS_EMPTY?DQIOT_FP_SY
            CODE    4BEAH     0023H     UNIT         ?PR?MMI_DQ_LED_TASK_PROC?MMI_LED
            CODE    4C0DH     0022H     UNIT         ?PR?PS_SLEEP?DQIOT_FP_SY
            CODE    4C2FH     0022H     UNIT         ?PR?MMI_DQ_SYS_ADD_FP?MMI_SYS
            CODE    4C51H     0022H     UNIT         ?PR?MMI_DQ_SYS_WIFI_SETTING?MMI_SYS
            CODE    4C73H     0021H     UNIT         ?PR?MMI_SLEEP_TASK_PROC?MMI_MS
            CODE    4C94H     0021H     UNIT         ?PR?MMI_DQ_RST_GET_STATE?MMI_RST
            CODE    4CB5H     0021H     UNIT         ?PR?MMI_DQ_SYS_WIFI_OPEN?MMI_SYS
            CODE    4CD6H     0020H     UNIT         ?PR?DQIOT_DRV_SIGNAL_LED_INIT?DQIOT_DRV_LED
            CODE    4CF6H     0020H     UNIT         ?PR?PS_GETECHO?DQIOT_FP_SY
            CODE    4D16H     0020H     UNIT         ?PR?_MMI_DQ_FS_SET_FP?MMI_FS
            CODE    4D36H     001FH     UNIT         ?PR?TIMER_INIT?TIMER
            CODE    4D55H     001FH     UNIT         ?PR?TOUCH_ISR?DQIOT_DRV_TOUCH
            CODE    4D74H     001EH     UNIT         ?PR?CONTROL_OPEN_MOTOR?DQIOT_DRV_CONTROL
            CODE    4D92H     001EH     UNIT         ?PR?CONTROL_CLOSED_MOTOR?DQIOT_DRV_CONTROL
            CODE    4DB0H     001EH     UNIT         ?PR?CONTROL_OPEN_SOLENOID?DQIOT_DRV_CONTROL
            CODE    4DCEH     001EH     UNIT         ?PR?CONTROL_CLOSED_SOLENOID?DQIOT_DRV_CONTROL
BL51 BANKED LINKER/LOCATER V6.22.2.0                                                  03/04/2021  15:33:15  PAGE 7


            CODE    4DECH     001EH     UNIT         ?PR?CONTROL_OPEN_ALARM?DQIOT_DRV_CONTROL
            CODE    4E0AH     001EH     UNIT         ?PR?CONTROL_CLOSED_ALARM?DQIOT_DRV_CONTROL
            CODE    4E28H     001EH     UNIT         ?PR?CONTROL_SET_CLOSE?DQIOT_DRV_CONTROL
            CODE    4E46H     001EH     UNIT         ?PR?WIFI_OPEN_ASK?DQIOT_DRV_WIFI
            CODE    4E64H     001EH     UNIT         ?PR?_MMI_DQ_FS_CHECK_FP?MMI_FS
            CODE    4E82H     001DH     UNIT         ?PR?_SENDLENGTH?DQIOT_FP_SY
            CODE    4E9FH     001DH     UNIT         ?PR?MMI_WAIT_SLEEP_TASK_PROC?MMI_MS
            CODE    4EBCH     001CH     UNIT         ?PR?_TIMER1_DELAY?TIMER
            CODE    4ED8H     001AH     UNIT         ?PR?CONTROL_OPEN_LIGHT?DQIOT_DRV_CONTROL
            CODE    4EF2H     001AH     UNIT         ?PR?CONTROL_CLOSED_LIGHT?DQIOT_DRV_CONTROL
            CODE    4F0CH     001AH     UNIT         ?PR?WIFI_NET_CONNECT_SEND?DQIOT_DRV_WIFI
            CODE    4F26H     001AH     UNIT         ?PR?_MMI_DQ_AUD_PLAY_WITH_ID?MMI_AUDIO
            CODE    4F40H     001AH     UNIT         ?PR?_MMI_DQ_SYS_EXE_MENU_FUN?MMI_SYS
            CODE    4F5AH     0019H     UNIT         ?PR?IIC_MASTER_START?I2C
            CODE    4F73H     0019H     UNIT         ?PR?_MMI_DQ_FS_SET_FACTORY_FLAG?MMI_FS
            CODE    4F8CH     0019H     UNIT         ?PR?_MMI_DQ_FS_SET_WIFI_SETTING?MMI_FS
            CODE    4FA5H     0019H     UNIT         ?PR?MMI_MS_WIFI_OPT_FUN?MMI_MS
            CODE    4FBEH     0019H     UNIT         ?PR?MMI_DQ_WIFI_CONNECTED_FAIL?MMI_WIFI
            CODE    4FD7H     0019H     UNIT         ?PR?MMI_DQ_WIFI_CONNECTED_SUC?MMI_WIFI
            CODE    4FF0H     0018H     UNIT         ?PR?_ROM_1BYTEPROGRAM?EEPROM
            CODE    5008H     0018H     UNIT         ?PR?MMI_DQ_FP_WORK?MMI_FPS
            CODE    5020H     0017H     UNIT         ?PR?DQIOT_DRV_AUDIO_INIT?DQIOT_DRV_AUDIO
            CODE    5037H     0017H     UNIT         ?PR?_DQIOT_DRV_SIGNAL_LED_TOGGLE?DQIOT_DRV_LED
            CODE    504EH     0017H     UNIT         ?PR?MMI_DQ_MOTOR_TURN_RIGHT?MMI_MOTOR
            CODE    5065H     0017H     UNIT         ?PR?MMI_DQ_WIFI_SEND_PWD_110?MMI_WIFI
            CODE    507CH     0017H     UNIT         ?PR?MMI_DQ_WIFI_SEND_FP_110?MMI_WIFI
            CODE    5093H     0016H     UNIT         ?PR?_AS608_SENDDATA?DQIOT_FP_SY
            CODE    50A9H     0016H     UNIT         ?PR?MMI_DQ_WIFI_LOWPOWER_ALARM?MMI_WIFI
            CODE    50BFH     0015H     UNIT         ?PR?_CONTROL_WRITE_BYTE?DQIOT_DRV_CONTROL
            CODE    50D4H     0015H     UNIT         ?PR?CONTROL_WAKE_UP?DQIOT_DRV_CONTROL
            CODE    50E9H     0015H     UNIT         ?PR?_UH010_WRITE_BYTE?DQIOT_DRV_WIFI
            CODE    50FEH     0015H     UNIT         ?PR?WIFI_WAKE_UP?DQIOT_DRV_WIFI
            CODE    5113H     0015H     UNIT         ?PR?WIFI_SLEEP_MODE?DQIOT_DRV_WIFI
            CODE    5128H     0015H     UNIT         ?PR?WIFI_ADD_PASSWORD?DQIOT_DRV_WIFI
            CODE    513DH     0015H     UNIT         ?PR?WIFI_DEL_PASSWORD?DQIOT_DRV_WIFI
            CODE    5152H     0015H     UNIT         ?PR?WIFI_ADD_FP?DQIOT_DRV_WIFI
            CODE    5167H     0015H     UNIT         ?PR?WIFI_DEL_FP?DQIOT_DRV_WIFI
            CODE    517CH     0015H     UNIT         ?PR?WIFI_OPEN_BY_WIFI?DQIOT_DRV_WIFI
            CODE    5191H     0015H     UNIT         ?PR?WIFI_OPEN_BY_PASSWORD?DQIOT_DRV_WIFI
            CODE    51A6H     0015H     UNIT         ?PR?WIFI_OPEN_BY_RFID?DQIOT_DRV_WIFI
            CODE    51BBH     0015H     UNIT         ?PR?WIFI_OPEN_BY_FP?DQIOT_DRV_WIFI
            CODE    51D0H     0015H     UNIT         ?PR?WIFI_OPEN_BY_KEY?DQIOT_DRV_WIFI
            CODE    51E5H     0015H     UNIT         ?PR?WIFI_VIA_ALARM?DQIOT_DRV_WIFI
            CODE    51FAH     0015H     UNIT         ?PR?WIFI_PW_ALARM?DQIOT_DRV_WIFI
            CODE    520FH     0015H     UNIT         ?PR?WIFI_FP_ALARM?DQIOT_DRV_WIFI
            CODE    5224H     0015H     UNIT         ?PR?WIFI_RF_ALARM?DQIOT_DRV_WIFI
            CODE    5239H     0015H     UNIT         ?PR?WIFI_LOWPOWER_ALARM?DQIOT_DRV_WIFI
            CODE    524EH     0015H     UNIT         ?PR?WIFI_SEND_FP_110?DQIOT_DRV_WIFI
            CODE    5263H     0015H     UNIT         ?PR?WIFI_SEND_PWD_110?DQIOT_DRV_WIFI
            CODE    5278H     0015H     UNIT         ?PR?WIFI_SET_110?DQIOT_DRV_WIFI
            CODE    528DH     0015H     UNIT         ?PR?MMI_DQ_ALARM_START?MMI_ALARM
            CODE    52A2H     0015H     UNIT         ?PR?MMI_QUE_ISFULL?MMI_QUEUE
            CODE    52B7H     0015H     UNIT         ?PR?MMI_DQ_SYS_WAKE_UP?MMI_SYS
            CODE    52CCH     0015H     UNIT         ?PR?MMI_DQ_WIFI_GET_RUNNING_FLAG?MMI_WIFI
            CODE    52E1H     0015H     UNIT         ?PR?_STRLEN?STRLEN
            CODE    52F6H     0014H     UNIT         ?PR?WIFI_DOOR_CLOSE?DQIOT_DRV_WIFI
            CODE    530AH     0014H     UNIT         ?PR?MMI_DQ_INSIDE_LED_TIMER_STOP?MMI_LED
BL51 BANKED LINKER/LOCATER V6.22.2.0                                                  03/04/2021  15:33:15  PAGE 8


            CODE    531EH     0013H     UNIT         ?PR?ADC?ADC
            CODE    5331H     0013H     UNIT         ?PR?INT1_INIT?DQIOT_DRV
            CODE    5344H     0013H     UNIT         ?PR?MMI_DQ_SYS_GET_INSIDE_LED_TIMER?MMI_SYS
            CODE    5357H     0012H     UNIT         ?PR?_WRITE_EEPROM?EEPROM
            CODE    5369H     0012H     UNIT         ?PR?DQIOT_DRV_ENTER_SLEEP?DQIOT_DRV
            CODE    537BH     0012H     UNIT         ?PR?_MMI_QUEUE_GETPREID?MMI_QUEUE
            CODE    538DH     0012H     UNIT         ?PR?MMI_QUE_ISEMPTY?MMI_QUEUE
            CODE    539FH     0012H     UNIT         ?PR?MMI_DQ_SYS_DOOR_OPEN_CB?MMI_SYS
            CODE    53B1H     0012H     UNIT         ?PR?MMI_DQ_SYS_ADD_110_FP?MMI_SYS
            CODE    53C3H     0012H     UNIT         ?PR?MMI_DQ_SYS_DEL_FP?MMI_SYS
            CODE    53D5H     0011H     UNIT         ?PR?I2C_MASTER_INIT?I2C
            CODE    53E6H     0011H     UNIT         ?PR?ISP_ENABLE?EEPROM
            CODE    53F7H     0011H     UNIT         ?PR?ISP_DISABLE?EEPROM
            CODE    5408H     0011H     UNIT         ?PR?ADC_READ12?ADC
            CODE    5419H     0011H     UNIT         ?PR?DQIOT_DRV_WAKE_UP?DQIOT_DRV
            CODE    542AH     0011H     UNIT         ?PR?DQIOT_DRV_AUDIO_DEINIT?DQIOT_DRV_AUDIO
            CODE    543BH     0011H     UNIT         ?PR?DQIOT_DRV_FP_ENTER_SLEEP?DQIOT_DRV_FP
            CODE    544CH     0011H     UNIT         ?PR?_MMI_DQ_FS_SET_OPEN_MODE?MMI_FS
            CODE    545DH     0011H     UNIT         ?PR?_MMI_DQ_FS_SET_PRO_SOUND?MMI_FS
            CODE    546EH     0011H     UNIT         ?PR?_MMI_QUEUE_GETNEXTID?MMI_QUEUE
            CODE    547FH     0011H     UNIT         ?PR?MMI_DQ_SYS_ENTER_SLEEP?MMI_SYS
            CODE    5490H     0010H     UNIT         ?PR?_READ_EEPROM?EEPROM
            CODE    54A0H     0010H     UNIT         ?PR?MMI_DQ_ALARM_STOP?MMI_ALARM
            CODE    54B0H     0010H     UNIT         ?PR?_MMI_DQ_SYS_SET_WIFI_CHECK?MMI_SYS
            CODE    54C0H     000FH     UNIT         ?PR?DQIOT_DRV_TOUCH_CHECK?DQIOT_DRV_TOUCH
            CODE    54CFH     000FH     UNIT         ?PR?_MMI_DQ_SIGNAL_LED_LIGHT?MMI_LED
            CODE    54DEH     000FH     UNIT         ?PR?_MMI_DQ_SIGNAL_LED_CLOSE?MMI_LED
            CODE    54EDH     000FH     UNIT         ?PR?MMI_DQ_SYS_DOOR_CLOSE_CB?MMI_SYS
            CODE    54FCH     000FH     UNIT         ?PR?MMI_DQ_SYS_GET_WIFI_CHECK_FLAG?MMI_SYS
            CODE    550BH     000FH     UNIT         ?PR?MMI_DQ_SYS_GET_ALARM_TIMER_FLAG?MMI_SYS
            CODE    551AH     000FH     UNIT         ?PR?MMI_DQ_SYS_GET_TIMER2_FLAG?MMI_SYS
            CODE    5529H     000FH     UNIT         ?PR?MMI_DQ_SYS_SHOW_CUR_MENU_LIST?MMI_SYS
            CODE    5538H     000EH     UNIT         ?PR?MMI_DQ_KEY_LIGHT_FLASH_TIMER_START?MMI_LED
            CODE    5546H     000EH     UNIT         ?PR?MMI_DQ_SYS_SET_LED_SHINE_TIMER?MMI_SYS
            CODE    5554H     000EH     UNIT         ?PR?MMI_DQ_SYS_SET_LED_FLASH_TIMER?MMI_SYS
            CODE    5562H     000DH     UNIT         ?PR?DQIOT_DRV_RESET_INIT?DQIOT_DRV_RESET
            CODE    556FH     000DH     UNIT         ?PR?MMI_DQ_MOTOR_TURN_BACK?MMI_MOTOR
            CODE    557CH     000DH     UNIT         ?PR?MMI_DQ_MS_GET_RUN_FLAG?MMI_MS
            CODE    5589H     000DH     UNIT         ?PR?MMI_DQ_SYS_ALARM_TIMER_START?MMI_SYS
            CODE    5596H     000DH     UNIT         ?PR?MMI_DQ_SYS_ADD_PWD?MMI_SYS
            CODE    55A3H     000DH     UNIT         ?PR?MMI_DQ_SYS_ADD_110_PWD?MMI_SYS
            CODE    55B0H     000DH     UNIT         ?PR?MMI_DQ_SYS_CHG_ADMIN_PWD?MMI_SYS
            CODE    55BDH     000DH     UNIT         ?PR?MMI_DQ_WIFI_ADD_PASSWORD?MMI_WIFI
            CODE    55CAH     000DH     UNIT         ?PR?MMI_DQ_WIFI_DEL_PASSWORD?MMI_WIFI
            CODE    55D7H     000DH     UNIT         ?PR?MMI_DQ_WIFI_ADD_FP?MMI_WIFI
            CODE    55E4H     000DH     UNIT         ?PR?MMI_DQ_WIFI_DEL_FP?MMI_WIFI
            CODE    55F1H     000DH     UNIT         ?PR?MMI_DQ_WIFI_OPEN_BY_PASSWORD?MMI_WIFI
            CODE    55FEH     000DH     UNIT         ?PR?MMI_DQ_WIFI_OPEN_BY_FP?MMI_WIFI
            CODE    560BH     000DH     UNIT         ?PR?MMI_DQ_WIFI_OPEN_BY_RFID?MMI_WIFI
            CODE    5618H     000DH     UNIT         ?PR?MMI_DQ_WIFI_OPEN_BY_KEY?MMI_WIFI
            CODE    5625H     000DH     UNIT         ?PR?MMI_DQ_WIFI_VIA_ALARM?MMI_WIFI
            CODE    5632H     000DH     UNIT         ?PR?MMI_DQ_WIFI_PW_ALARM?MMI_WIFI
            CODE    563FH     000DH     UNIT         ?PR?MMI_DQ_WIFI_FP_ALARM?MMI_WIFI
            CODE    564CH     000DH     UNIT         ?PR?MMI_DQ_WIFI_RFID_ALARM?MMI_WIFI
            CODE    5659H     000DH     UNIT         ?PR?MMI_DQ_WIFI_SET_110?MMI_WIFI
            CODE    5666H     000CH     UNIT         ?PR?_DQIOT_DRV_SIGNAL_LED_OFF?DQIOT_DRV_LED
            CODE    5672H     000CH     UNIT         ?PR?DQIOT_DRV_GET_TOUCH_FLAG?DQIOT_DRV_TOUCH
BL51 BANKED LINKER/LOCATER V6.22.2.0                                                  03/04/2021  15:33:15  PAGE 9


            CODE    567EH     000CH     UNIT         ?PR?MMI_DQ_SYS_SET_INSIDE_LED_TIMER?MMI_SYS
            CODE    568AH     000CH     UNIT         ?PR?MMI_DQ_SYS_DELAY_EVENT_PRO?MMI_SYS
            CODE    5696H     000BH     UNIT         ?PR?ADC_INIT?ADC
            CODE    56A1H     000BH     UNIT         ?PR?MMI_DQ_SYS_CLEAR_INSIDE_LED_TIMER?MMI_SYS
            CODE    56ACH     000AH     UNIT         ?PR?IIC_MASTER_STOP?I2C
            CODE    56B6H     000AH     UNIT         ?PR?MMI_DQ_SYS_ALARM_TIMER_STOP?MMI_SYS
            CODE    56C0H     000AH     UNIT         ?PR?MMI_DQ_SYS_SET_OPEN_MODE?MMI_SYS
            CODE    56CAH     0009H     UNIT         ?CO?DQ_OTP
            CODE    56D3H     0009H     UNIT         ?PR?MMI_DQ_SYS_INIT?MMI_SYS
            CODE    56DCH     0008H     UNIT         ?PR?_GET_ADC_DATA?ADC
            CODE    56E4H     0008H     UNIT         ?PR?MMI_DQ_AUD_PLAY_KEY_TONE?MMI_AUDIO
            CODE    56ECH     0008H     UNIT         ?PR?_MMI_DQ_FS_SET_ALARM_FLAG?MMI_FS
            CODE    56F4H     0008H     UNIT         ?PR?_MMI_DQ_FS_SET_BUSINESS_FLAG?MMI_FS
            CODE    56FCH     0008H     UNIT         ?PR?MMI_DQ_SYS_AUD_END?MMI_SYS
            CODE    5704H     0008H     UNIT         ?PR?MMI_DQ_SYS_GET_LED_TIMER_FLAG?MMI_SYS
            CODE    570CH     0008H     UNIT         ?PR?MMI_DQ_SYS_SLEEP_TIMER_RESET?MMI_SYS
            CODE    5714H     0007H     UNIT         ?PR?DQIOT_DRV_FP_INIT?DQIOT_DRV_FP
            CODE    571BH     0007H     UNIT         ?PR?_DQIOT_DRV_SIGNAL_LED_ON?DQIOT_DRV_LED
            CODE    5722H     0007H     UNIT         ?PR?_MMI_DQ_FP_DELETE?MMI_FPS
            CODE    5729H     0006H     UNIT         ?PR?_ADC_START?ADC
            CODE    572FH     0006H     UNIT         ?PR?DQIOT_DRV_AUDIO_CHECK_BUSY?DQIOT_DRV_AUDIO
            CODE    5735H     0006H     UNIT         ?PR?DQIOT_DRV_AUDIO_GET_STATE?DQIOT_DRV_AUDIO
            CODE    573BH     0006H     UNIT         ?PR?DQIOT_DRV_AUDIO_GET_SECTION?DQIOT_DRV_AUDIO
            CODE    5741H     0006H     UNIT         ?PR?DQIOT_DRV_FP_GET_INT_STATE?DQIOT_DRV_FP
            CODE    5747H     0006H     UNIT         ?PR?DQIOT_DRV_GET_TOUCH_VALUE?DQIOT_DRV_TOUCH
            CODE    574DH     0006H     UNIT         ?PR?FP_GET_LIGHT?DQIOT_FP_SY
            CODE    5753H     0006H     UNIT         ?PR?DQIOT_DRV_GET_RESET_PIN?DQIOT_DRV_RESET
            CODE    5759H     0006H     UNIT         ?PR?MMI_DQ_GET_ALARM_STATE?MMI_ALARM
            CODE    575FH     0006H     UNIT         ?PR?_MMI_DQ_SET_AUD_STATE?MMI_AUDIO
            CODE    5765H     0006H     UNIT         ?PR?MMI_DQ_FS_GET_OPEN_MODE?MMI_FS
            CODE    576BH     0006H     UNIT         ?PR?MMI_DQ_FS_GET_PRO_SOUND?MMI_FS
            CODE    5771H     0006H     UNIT         ?PR?MMI_DQ_FS_GET_FACTORY_FLAG?MMI_FS
            CODE    5777H     0006H     UNIT         ?PR?MMI_DQ_FS_GET_WIFI_SETTING?MMI_FS
            CODE    577DH     0006H     UNIT         ?PR?MMI_DQ_FS_GET_ALARM_FLAG?MMI_FS
            CODE    5783H     0006H     UNIT         ?PR?MMI_DQ_FS_GET_BUSINESS_FLAG?MMI_FS
            CODE    5789H     0006H     UNIT         ?PR?_MMI_DQ_KEY_LIGHT_LIGHT?MMI_LED
            CODE    578FH     0006H     UNIT         ?PR?_MMI_DQ_KEY_LIGHT_CLOSE?MMI_LED
            CODE    5795H     0006H     UNIT         ?PR?MMI_DQ_INSIDE_LED_TIMER_START?MMI_LED
            CODE    579BH     0006H     UNIT         ?PR?_MMI_DQ_MS_SET_SYS_STATE?MMI_MS
            CODE    57A1H     0006H     UNIT         ?PR?MMI_DQ_MS_GET_SYS_STATE?MMI_MS
            CODE    57A7H     0006H     UNIT         ?PR?MMI_MS_OPT_TIME_INIT?MMI_MS
            CODE    57ADH     0006H     UNIT         ?PR?MMI_DQ_SYS_DOOR_CLOSE?MMI_SYS
            CODE    57B3H     0006H     UNIT         ?PR?MMI_DQ_SYS_GET_WIFI_CHECK_TYPE?MMI_SYS
            CODE    57B9H     0005H     UNIT         ?PR?MMI_DQ_FP_EMPTY?MMI_FPS
            CODE    57BEH     0005H     UNIT         ?PR?_MMI_DQ_FP_GET_VALID_TEMPLETE?MMI_FPS
            CODE    57C3H     0005H     UNIT         ?PR?MMI_DQ_FP_GET_LIGHT?MMI_FPS
            CODE    57C8H     0004H     UNIT         ?CO?DQIOT_DRV_WIFI
            CODE    57CCH     0003H     UNIT         ?PR?TIMER0_START?TIMER
            CODE    57CFH     0003H     UNIT         ?PR?TIMER0_STOP?TIMER
            CODE    57D2H     0003H     UNIT         ?PR?TIMER3_START?TIMER
            CODE    57D5H     0003H     UNIT         ?PR?DQIOT_DRV_TOUCH_INIT?DQIOT_DRV_TOUCH
            CODE    57D8H     0003H     UNIT         ?PR?_SENDFLAG?DQIOT_FP_SY
            CODE    57DBH     0003H     UNIT         ?PR?_SENDCMD?DQIOT_FP_SY
            CODE    57DEH     0003H     UNIT         ?PR?PS_RESET?DQIOT_FP_SY
            CODE    57E1H     0003H     UNIT         ?PR?MMI_DQ_AUD_INIT?MMI_AUDIO
            CODE    57E4H     0003H     UNIT         ?PR?MMI_DQ_AUD_STOP?MMI_AUDIO
            CODE    57E7H     0003H     UNIT         ?PR?MMI_DQ_AUD_GET_STATE?MMI_AUDIO
BL51 BANKED LINKER/LOCATER V6.22.2.0                                                  03/04/2021  15:33:15  PAGE 10


            CODE    57EAH     0003H     UNIT         ?PR?MMI_DQ_AUD_GET_END_FLAG?MMI_AUDIO
            CODE    57EDH     0003H     UNIT         ?PR?MMI_DQ_BSP_INIT?MMI_BSP
            CODE    57F0H     0003H     UNIT         ?PR?MMI_DQ_BSP_WAKE_UP?MMI_BSP
            CODE    57F3H     0003H     UNIT         ?PR?MMI_DQ_BSP_ENTER_SLEEP?MMI_BSP
            CODE    57F6H     0003H     UNIT         ?PR?MMI_DQ_FP_GET_FP_MODE?MMI_FPS
            CODE    57F9H     0003H     UNIT         ?PR?_MMI_DQ_FP_LIGHT?MMI_FPS
            CODE    57FCH     0003H     UNIT         ?PR?MMI_DQ_FP_GET_PIN?MMI_FPS
            CODE    57FFH     0003H     UNIT         ?PR?MMI_DQ_KEY_INIT?MMI_KEY
            CODE    5802H     0003H     UNIT         ?PR?MMI_DQ_KEY_CHECK?MMI_KEY
            CODE    5805H     0003H     UNIT         ?PR?MMI_DQ_KEY_WORK?MMI_KEY
            CODE    5808H     0003H     UNIT         ?PR?MMI_DQ_KEY_GET_VALUE?MMI_KEY
            CODE    580BH     0003H     UNIT         ?PR?MMI_DQ_LED_INIT?MMI_LED
            CODE    580EH     0003H     UNIT         ?PR?_MMI_DQ_SIGNAL_LED_TOGGLE?MMI_LED
            CODE    5811H     0003H     UNIT         ?PR?MMI_DQ_INSIDE_LED_LIGHT?MMI_LED
            CODE    5814H     0003H     UNIT         ?PR?MMI_DQ_INSIDE_LED_CLOSE?MMI_LED
            CODE    5817H     0003H     UNIT         ?PR?MMI_DQ_RST_GET_PIN?MMI_RST
            CODE    581AH     0003H     UNIT         ?PR?MMI_DQ_SYS_GET_MENU_COUNT?MMI_SYS
            CODE    581DH     0003H     UNIT         ?PR?MMI_DQ_WIFI_WAKEUP?MMI_WIFI
            CODE    5820H     0003H     UNIT         ?PR?MMI_DQ_WIFI_SLEEP?MMI_WIFI
            CODE    5823H     0003H     UNIT         ?PR?MMI_DQ_WIFI_OPEN_BY_WIFI?MMI_WIFI
            CODE    5826H     0003H     UNIT         ?PR?MMI_DQ_WIFI_DOOR_CLOSE?MMI_WIFI
            CODE    5829H     0002H     UNIT         ?CO?DQIOT_DRV_CONTROL
            CODE    582BH     0001H     UNIT         ?PR?MMI_DQ_KEY_ENTERSLEEP?MMI_KEY
            CODE    582CH     0001H     UNIT         ?PR?MMI_DQ_MOTOR_STOP?MMI_MOTOR
            CODE    582DH     0001H     UNIT         ?PR?MMI_DQ_RST_INIT?MMI_RST



OVERLAY MAP OF MODULE:   .\Objects\DS05 (?C_STARTUP)


SEGMENT                                             BIT_GROUP          XDATA_GROUP
  +--> CALLED SEGMENT                            START    LENGTH     START    LENGTH
------------------------------------------------------------------------------------
?C_C51STARTUP                                    -----    -----      -----    -----
  +--> ?PR?MAIN?MAIN
  +--> ?C_INITSEG

?PR?MAIN?MAIN                                    -----    -----      -----    -----
  +--> ?PR?MMI_DQ_BSP_INIT?MMI_BSP
  +--> ?PR?MMI_DQ_LED_INIT?MMI_LED
  +--> ?PR?MMI_DQ_KEY_INIT?MMI_KEY
  +--> ?PR?MMI_DQ_AUD_INIT?MMI_AUDIO
  +--> ?PR?MMI_DQ_FP_INIT?MMI_FPS
  +--> ?PR?MMI_DQ_SYS_INIT?MMI_SYS
  +--> ?PR?MMI_DQ_SYS_CHECK_VBAT?MMI_SYS
  +--> ?PR?_MMI_DQ_MS_SET_SYS_STATE?MMI_MS
  +--> ?PR?MMI_DQ_MS_GET_SYS_STATE?MMI_MS
  +--> ?PR?MMI_SLEEP_TASK_PROC?MMI_MS
  +--> ?PR?MMI_TASK_PROC?MMI_MS
  +--> ?PR?MMI_DQ_MS_SYS_MSG_HANDLE?MMI_MS
  +--> ?PR?MMI_WAIT_SLEEP_TASK_PROC?MMI_MS

?PR?MMI_DQ_BSP_INIT?MMI_BSP                      -----    -----      -----    -----
  +--> ?PR?DQIOT_DRV_INIT?DQIOT_DRV

?PR?DQIOT_DRV_INIT?DQIOT_DRV                     -----    -----      -----    -----
BL51 BANKED LINKER/LOCATER V6.22.2.0                                                  03/04/2021  15:33:15  PAGE 11


  +--> ?PR?TIMER_INIT?TIMER
  +--> ?PR?UART0_INIT?UART0
  +--> ?PR?I2C_MASTER_INIT?I2C

?PR?MMI_DQ_LED_INIT?MMI_LED                      -----    -----      -----    -----
  +--> ?PR?DQIOT_DRV_SIGNAL_LED_INIT?DQIOT_D...

?PR?MMI_DQ_KEY_INIT?MMI_KEY                      -----    -----      -----    -----
  +--> ?PR?DQIOT_DRV_TOUCH_INIT?DQIOT_DRV_TOUCH

?PR?MMI_DQ_AUD_INIT?MMI_AUDIO                    -----    -----      -----    -----
  +--> ?PR?DQIOT_DRV_AUDIO_INIT?DQIOT_DRV_AUDIO

?PR?MMI_DQ_FP_INIT?MMI_FPS                       -----    -----      0005H    0002H
  +--> ?PR?DQIOT_DRV_FP_INIT?DQIOT_DRV_FP
  +--> ?PR?_TIMER1_DELAY?TIMER
  +--> ?PR?FP_GET_START_FLAG?DQIOT_FP_SY
  +--> ?PR?_FP_LIGHT?DQIOT_FP_SY

?PR?FP_GET_START_FLAG?DQIOT_FP_SY                -----    -----      0007H    0001H

?PR?_FP_LIGHT?DQIOT_FP_SY                        -----    -----      0008H    0004H
  +--> ?PR?AS608_PACKHEAD?DQIOT_FP_SY
  +--> ?PR?_SENDFLAG?DQIOT_FP_SY
  +--> ?PR?_SENDLENGTH?DQIOT_FP_SY
  +--> ?PR?_SENDCMD?DQIOT_FP_SY
  +--> ?PR?_AS608_SENDDATA?DQIOT_FP_SY
  +--> ?PR?_SENDCHECK?DQIOT_FP_SY
  +--> ?PR?_JUDGESTR?DQIOT_FP_SY

?PR?AS608_PACKHEAD?DQIOT_FP_SY                   -----    -----      -----    -----
  +--> ?PR?_AS608_SENDDATA?DQIOT_FP_SY

?PR?_AS608_SENDDATA?DQIOT_FP_SY                  -----    -----      -----    -----
  +--> ?PR?_UART0_TX?UART0

?PR?_SENDFLAG?DQIOT_FP_SY                        -----    -----      -----    -----
  +--> ?PR?_AS608_SENDDATA?DQIOT_FP_SY

?PR?_SENDLENGTH?DQIOT_FP_SY                      -----    -----      0015H    0002H
  +--> ?PR?_AS608_SENDDATA?DQIOT_FP_SY

?PR?_SENDCMD?DQIOT_FP_SY                         -----    -----      -----    -----
  +--> ?PR?_AS608_SENDDATA?DQIOT_FP_SY

?PR?_SENDCHECK?DQIOT_FP_SY                       -----    -----      0015H    0002H
  +--> ?PR?_AS608_SENDDATA?DQIOT_FP_SY

?PR?_JUDGESTR?DQIOT_FP_SY                        -----    -----      0015H    0005H
  +--> ?PR?_TIMER1_DELAY?TIMER

?PR?MMI_DQ_SYS_INIT?MMI_SYS                      -----    -----      -----    -----
  +--> ?PR?MMI_INITQUEUE?MMI_QUEUE
  +--> ?PR?MMI_MS_PWD_INIT_VAR?MMI_MS
  +--> ?PR?MMI_DQ_FS_INIT?MMI_FS

?PR?MMI_DQ_FS_INIT?MMI_FS                        -----    -----      -----    -----
BL51 BANKED LINKER/LOCATER V6.22.2.0                                                  03/04/2021  15:33:15  PAGE 12


  +--> ?PR?_MMI_DQ_FDS_READ?MMI_FS
  +--> ?PR?_MMI_DQ_FDS_WRITE?MMI_FS
  +--> ?PR?MMI_DQ_FP_EMPTY?MMI_FPS
  +--> ?PR?MMI_DQ_FS_CLR_SET?MMI_FS

?PR?_MMI_DQ_FDS_READ?MMI_FS                      -----    -----      0000H    0008H
  +--> ?PR?_READ_EEPROM?EEPROM

?PR?_READ_EEPROM?EEPROM                          -----    -----      -----    -----
  +--> ?PR?ISP_ENABLE?EEPROM
  +--> ?PR?ISP_DISABLE?EEPROM

?PR?_MMI_DQ_FDS_WRITE?MMI_FS                     -----    -----      0029H    0008H
  +--> ?PR?_WRITE_EEPROM?EEPROM

?PR?_WRITE_EEPROM?EEPROM                         -----    -----      -----    -----
  +--> ?PR?ISP_ENABLE?EEPROM
  +--> ?PR?ISP_DISABLE?EEPROM

?PR?MMI_DQ_FP_EMPTY?MMI_FPS                      -----    -----      -----    -----
  +--> ?PR?PS_EMPTY?DQIOT_FP_SY

?PR?PS_EMPTY?DQIOT_FP_SY                         -----    -----      -----    -----
  +--> ?PR?AS608_PACKHEAD?DQIOT_FP_SY
  +--> ?PR?_SENDFLAG?DQIOT_FP_SY
  +--> ?PR?_SENDLENGTH?DQIOT_FP_SY
  +--> ?PR?_SENDCMD?DQIOT_FP_SY
  +--> ?PR?_SENDCHECK?DQIOT_FP_SY
  +--> ?PR?_JUDGESTR?DQIOT_FP_SY

?PR?MMI_DQ_FS_CLR_SET?MMI_FS                     -----    -----      -----    -----
  +--> ?PR?_MMI_DQ_FDS_WRITE?MMI_FS

?PR?MMI_DQ_SYS_CHECK_VBAT?MMI_SYS                -----    -----      0005H    0001H
  +--> ?PR?ADC_VOLT?ADC
  +--> ?PR?_MMI_DQ_AUD_PLAY_WITH_ID?MMI_AUDIO
  +--> ?PR?MMI_DQ_WIFI_LOWPOWER_ALARM?MMI_WIFI
  +--> ?PR?_MMI_DQ_MS_SET_SYS_STATE?MMI_MS

?PR?ADC_VOLT?ADC                                 -----    -----      0006H    0004H
  +--> ?PR?_TIMER1_DELAY?TIMER
  +--> ?PR?_GET_ADC_AVERAGE?ADC

?PR?_GET_ADC_AVERAGE?ADC                         -----    -----      000AH    0007H
  +--> ?PR?_GET_ADC_DATA?ADC
  +--> ?PR?_TIMER1_DELAY?TIMER

?PR?_GET_ADC_DATA?ADC                            -----    -----      0011H    0001H
  +--> ?PR?ADC?ADC

?PR?ADC?ADC                                      -----    -----      -----    -----
  +--> ?PR?_ADC_START?ADC

?PR?_MMI_DQ_AUD_PLAY_WITH_ID?MMI_AUDIO           -----    -----      009FH    0001H
  +--> ?PR?MMI_DQ_FS_GET_PRO_SOUND?MMI_FS
  +--> ?PR?_DQIOT_DRV_AUDIO_PLAY?DQIOT_DRV_A...

BL51 BANKED LINKER/LOCATER V6.22.2.0                                                  03/04/2021  15:33:15  PAGE 13


?PR?_DQIOT_DRV_AUDIO_PLAY?DQIOT_DRV_A...         -----    -----      00A0H    0002H
  +--> ?PR?TIMER0_START?TIMER

?PR?MMI_DQ_WIFI_LOWPOWER_ALARM?MMI_WIFI          -----    -----      -----    -----
  +--> ?PR?MMI_DQ_WIFI_WAKEUP?MMI_WIFI
  +--> ?PR?_TIMER1_DELAY?TIMER
  +--> ?PR?WIFI_LOWPOWER_ALARM?DQIOT_DRV_WIFI

?PR?MMI_DQ_WIFI_WAKEUP?MMI_WIFI                  -----    -----      -----    -----
  +--> ?PR?WIFI_WAKE_UP?DQIOT_DRV_WIFI

?PR?WIFI_WAKE_UP?DQIOT_DRV_WIFI                  -----    -----      0009H    0002H
  +--> ?PR?_UH010_WRITE_BYTE?DQIOT_DRV_WIFI

?PR?_UH010_WRITE_BYTE?DQIOT_DRV_WIFI             -----    -----      -----    -----
  +--> ?PR?_I2C_MASTER_WRITE_DATA?I2C

?PR?_I2C_MASTER_WRITE_DATA?I2C                   -----    -----      0011H    0006H
  +--> ?PR?IIC_MASTER_START?I2C
  +--> ?PR?_IIC_MASTER_WRITE_BYTE?I2C
  +--> ?PR?IIC_MASTER_STOP?I2C

?PR?IIC_MASTER_START?I2C                         -----    -----      -----    -----
  +--> ?PR?DELAY_US?I2C

?PR?_IIC_MASTER_WRITE_BYTE?I2C                   -----    -----      -----    -----
  +--> ?PR?DELAY_US?I2C

?PR?IIC_MASTER_STOP?I2C                          -----    -----      -----    -----
  +--> ?PR?DELAY_US?I2C

?PR?WIFI_LOWPOWER_ALARM?DQIOT_DRV_WIFI           -----    -----      0006H    0002H
  +--> ?PR?_UH010_WRITE_BYTE?DQIOT_DRV_WIFI

?PR?MMI_SLEEP_TASK_PROC?MMI_MS                   -----    -----      -----    -----
  +--> ?PR?MMI_DQ_KEY_CHECK?MMI_KEY
  +--> ?PR?MMI_DQ_RST_GET_PIN?MMI_RST
  +--> ?PR?MMI_DQ_FP_GET_PIN?MMI_FPS
  +--> ?PR?DQIOT_DRV_GET_TOUCH_VALUE?DQIOT_D...
  +--> ?PR?_MMI_DQ_GET_KEY_MAP?MMI_KEY
  +--> ?PR?MMI_DQ_SYS_WAKE_UP?MMI_SYS

?PR?MMI_DQ_KEY_CHECK?MMI_KEY                     -----    -----      -----    -----
  +--> ?PR?DQIOT_DRV_TOUCH_CHECK?DQIOT_DRV_T...

?PR?DQIOT_DRV_TOUCH_CHECK?DQIOT_DRV_T...         -----    -----      -----    -----
  +--> ?PR?DQIOT_DRV_TOUCH_NORMAL?DQIOT_DRV_...

?PR?MMI_DQ_RST_GET_PIN?MMI_RST                   -----    -----      -----    -----
  +--> ?PR?DQIOT_DRV_GET_RESET_PIN?DQIOT_DRV...

?PR?MMI_DQ_FP_GET_PIN?MMI_FPS                    -----    -----      -----    -----
  +--> ?PR?DQIOT_DRV_FP_GET_INT_STATE?DQIOT_...

?PR?MMI_DQ_SYS_WAKE_UP?MMI_SYS                   -----    -----      -----    -----
  +--> ?PR?MMI_DQ_BSP_WAKE_UP?MMI_BSP
  +--> ?PR?MMI_DQ_SYS_CHECK_VBAT?MMI_SYS
BL51 BANKED LINKER/LOCATER V6.22.2.0                                                  03/04/2021  15:33:15  PAGE 14


  +--> ?PR?MMI_DQ_WIFI_WAKEUP?MMI_WIFI
  +--> ?PR?MMI_DQ_FP_INIT?MMI_FPS
  +--> ?PR?_MMI_DQ_MS_SET_SYS_STATE?MMI_MS

?PR?MMI_DQ_BSP_WAKE_UP?MMI_BSP                   -----    -----      -----    -----
  +--> ?PR?DQIOT_DRV_WAKE_UP?DQIOT_DRV

?PR?DQIOT_DRV_WAKE_UP?DQIOT_DRV                  -----    -----      -----    -----
  +--> ?PR?DQIOT_DRV_FP_WAKE_UP?DQIOT_DRV_FP
  +--> ?PR?DQIOT_DRV_AUDIO_INIT?DQIOT_DRV_AUDIO
  +--> ?PR?UART0_INIT?UART0

?PR?MMI_TASK_PROC?MMI_MS                         -----    -----      0000H    0002H
  +--> ?PR?MMI_DQ_KEY_WORK?MMI_KEY
  +--> ?PR?_MMI_DQ_GET_KEY_MAP?MMI_KEY
  +--> ?PR?_MMI_DQ_MS_SET_MSG_QUE?MMI_MS
  +--> ?PR?MMI_DQ_AUD_GET_END_FLAG?MMI_AUDIO
  +--> ?PR?MMI_DQ_RST_GET_STATE?MMI_RST
  +--> ?PR?MMI_DQ_SYS_GET_TIMER2_FLAG?MMI_SYS
  +--> ?PR?MMI_DQ_FP_WORK?MMI_FPS
  +--> ?PR?MMI_DQ_SYS_GET_WIFI_CHECK_FLAG?MM...
  +--> ?PR?MMI_DQ_LED_TASK_PROC?MMI_LED
  +--> ?PR?MMI_DQ_ALARM_TASK_PRO?MMI_ALARM

?PR?MMI_DQ_KEY_WORK?MMI_KEY                      -----    -----      -----    -----
  +--> ?PR?DQIOT_DRV_TOUCH_WORK?DQIOT_DRV_TOUCH

?PR?DQIOT_DRV_TOUCH_WORK?DQIOT_DRV_TOUCH         -----    -----      -----    -----
  +--> ?PR?DQIOT_DRV_TOUCH_NORMAL?DQIOT_DRV_...

?PR?_MMI_DQ_MS_SET_MSG_QUE?MMI_MS                -----    -----      0002H    0003H
  +--> ?PR?MMI_INQUEUE?MMI_QUEUE

?PR?MMI_INQUEUE?MMI_QUEUE                        -----    -----      0005H    0005H
  +--> ?PR?MMI_QUE_ISFULL?MMI_QUEUE
  +--> ?PR?_MMI_QUEUE_GETNEXTID?MMI_QUEUE

?PR?MMI_QUE_ISFULL?MMI_QUEUE                     -----    -----      -----    -----
  +--> ?PR?_MMI_QUEUE_GETNEXTID?MMI_QUEUE

?PR?MMI_DQ_FP_WORK?MMI_FPS                       -----    -----      -----    -----
  +--> ?PR?DQIOT_DRV_FP_GET_INT_STATE?DQIOT_...

?PR?MMI_DQ_LED_TASK_PROC?MMI_LED                 -----    -----      0002H    0001H
  +--> ?PR?MMI_DQ_SYS_GET_LED_TIMER_FLAG?MMI...
  +--> ?PR?MMI_DQ_INSIDE_LED_CLOSE?MMI_LED
  +--> ?PR?MMI_DQ_SIGNAL_LED_SHINE_TOGGLE?MM...
  +--> ?PR?MMI_DQ_KEY_LIGHT_FLASH_TOGGLE?MMI...

?PR?MMI_DQ_INSIDE_LED_CLOSE?MMI_LED              -----    -----      -----    -----
  +--> ?PR?CONTROL_CLOSED_LIGHT?DQIOT_DRV_CO...

?PR?CONTROL_CLOSED_LIGHT?DQIOT_DRV_CO...         -----    -----      0006H    0002H
  +--> ?PR?_CONTROL_WRITE_BYTE?DQIOT_DRV_CON...

?PR?_CONTROL_WRITE_BYTE?DQIOT_DRV_CON...         -----    -----      -----    -----
  +--> ?PR?_I2C_MASTER_WRITE_DATA?I2C
BL51 BANKED LINKER/LOCATER V6.22.2.0                                                  03/04/2021  15:33:15  PAGE 15



?PR?MMI_DQ_SIGNAL_LED_SHINE_TOGGLE?MM...         -----    -----      0003H    0001H
  +--> ?PR?_MMI_DQ_SIGNAL_LED_TOGGLE?MMI_LED
  +--> ?PR?MMI_DQ_SYS_SET_LED_SHINE_TIMER?MM...

?PR?_MMI_DQ_SIGNAL_LED_TOGGLE?MMI_LED            -----    -----      -----    -----
  +--> ?PR?_DQIOT_DRV_SIGNAL_LED_TOGGLE?DQIO...

?PR?MMI_DQ_KEY_LIGHT_FLASH_TOGGLE?MMI...         -----    -----      -----    -----
  +--> ?PR?_MMI_DQ_KEY_LIGHT_LIGHT?MMI_LED
  +--> ?PR?_MMI_DQ_KEY_LIGHT_CLOSE?MMI_LED
  +--> ?PR?MMI_DQ_SYS_SET_LED_FLASH_TIMER?MM...

?PR?_MMI_DQ_KEY_LIGHT_LIGHT?MMI_LED              -----    -----      0003H    0001H

?PR?_MMI_DQ_KEY_LIGHT_CLOSE?MMI_LED              -----    -----      0003H    0001H

?PR?MMI_DQ_ALARM_TASK_PRO?MMI_ALARM              -----    -----      0002H    0001H
  +--> ?PR?MMI_DQ_SYS_GET_ALARM_TIMER_FLAG?M...
  +--> ?PR?MMI_DQ_MS_GET_SYS_STATE?MMI_MS
  +--> ?PR?CONTROL_CLOSED_ALARM?DQIOT_DRV_CO...
  +--> ?PR?_MMI_DQ_SIGNAL_LED_LIGHT?MMI_LED
  +--> ?PR?_MMI_DQ_SIGNAL_LED_CLOSE?MMI_LED

?PR?CONTROL_CLOSED_ALARM?DQIOT_DRV_CO...         -----    -----      0009H    0002H
  +--> ?PR?_CONTROL_WRITE_BYTE?DQIOT_DRV_CON...

?PR?_MMI_DQ_SIGNAL_LED_LIGHT?MMI_LED             -----    -----      -----    -----
  +--> ?PR?_DQIOT_DRV_SIGNAL_LED_ON?DQIOT_DR...

?PR?_MMI_DQ_SIGNAL_LED_CLOSE?MMI_LED             -----    -----      -----    -----
  +--> ?PR?_DQIOT_DRV_SIGNAL_LED_OFF?DQIOT_D...

?PR?MMI_DQ_MS_SYS_MSG_HANDLE?MMI_MS              -----    -----      0000H    0003H
  +--> ?PR?_MMI_OUTQUEUE?MMI_QUEUE
  +--> ?PR?MMI_DQ_SYS_SLEEP_TIMER_RESET?MMI_SYS
  +--> ?PR?_MMI_MS_PWD_OPT_FUN?MMI_MS
  +--> ?PR?_MMI_MS_FPS_OPT_FUN?MMI_MS
  +--> ?PR?_MMI_MS_RESET_OPT_FUN?MMI_MS
  +--> ?PR?MMI_DQ_SYS_DELAY_EVENT_PRO?MMI_SYS
  +--> ?PR?MMI_MS_WIFI_OPT_FUN?MMI_MS

?PR?_MMI_OUTQUEUE?MMI_QUEUE                      -----    -----      0003H    0002H
  +--> ?PR?MMI_QUE_ISEMPTY?MMI_QUEUE
  +--> ?PR?_MMI_QUEUE_GETNEXTID?MMI_QUEUE

?PR?_MMI_MS_PWD_OPT_FUN?MMI_MS                   -----    -----      0003H    0003H
  +--> ?PR?MMI_DQ_MS_GET_SYS_STATE?MMI_MS
  +--> ?PR?MMI_DQ_AUD_PLAY_KEY_TONE?MMI_AUDIO
  +--> ?PR?_MMI_DQ_FS_SET_ALARM_FLAG?MMI_FS
  +--> ?PR?_MMI_DQ_AUD_PLAY_WITH_ID?MMI_AUDIO
  +--> ?PR?_MMI_DQ_SIGNAL_LED_LIGHT?MMI_LED
  +--> ?PR?MMI_MS_PWD_INIT_VAR?MMI_MS
  +--> ?PR?MMI_DQ_GET_ALARM_STATE?MMI_ALARM
  +--> ?PR?MMI_DQ_INSIDE_LED_TIMER_STOP?MMI_LED
  +--> ?PR?_MMI_DQ_SET_AUD_STATE?MMI_AUDIO
  +--> ?PR?_MMI_DQ_SIGNAL_LED_CLOSE?MMI_LED
BL51 BANKED LINKER/LOCATER V6.22.2.0                                                  03/04/2021  15:33:15  PAGE 16


  +--> ?PR?_MMI_DQ_SIGNAL_LED_SHINE_TIMER_ST...
  +--> ?PR?MMI_DQ_FS_GET_PRO_SOUND?MMI_FS
  +--> ?PR?_MMI_DQ_FS_SET_PRO_SOUND?MMI_FS
  +--> ?PR?_MMI_DQ_MS_SET_SYS_STATE?MMI_MS
  +--> ?PR?MMI_DQ_SYS_WIFI_OPEN?MMI_SYS
  +--> ?PR?MMI_DQ_FS_GET_BUSINESS_FLAG?MMI_FS
  +--> ?PR?MMI_DQ_AUD_STOP?MMI_AUDIO
  +--> ?PR?_MMI_DQ_FS_SET_BUSINESS_FLAG?MMI_FS
  +--> ?PR?_MMI_DQ_SYS_DOOR_OPEN_FAIL?MMI_SYS
  +--> ?PR?_MMI_DQ_FS_CHECK_INPUT_PWD_FOR_OP...
  +--> ?PR?_MMI_DQ_SYS_DOOR_OPEN?MMI_SYS
  +--> ?PR?_MMI_DQ_FS_CHECK_INPUT_PWD?MMI_FS
  +--> ?PR?MMI_DQ_ALARM_STOP?MMI_ALARM
  +--> ?PR?MMI_DQ_SYS_SHOW_CUR_MENU_LIST?MMI...
  +--> ?PR?_MMI_DQ_FS_SET_PWD?MMI_FS
  +--> ?PR?MMI_DQ_WIFI_SET_110?MMI_WIFI
  +--> ?PR?_MMI_DQ_FS_SET_OPEN_MODE?MMI_FS
  +--> ?PR?MMI_DQ_SYS_GET_MENU_COUNT?MMI_SYS
  +--> ?PR?_MMI_DQ_SYS_EXE_MENU_FUN?MMI_SYS

?PR?MMI_DQ_AUD_PLAY_KEY_TONE?MMI_AUDIO           -----    -----      -----    -----
  +--> ?PR?MMI_DQ_AUD_STOP?MMI_AUDIO
  +--> ?PR?_MMI_DQ_AUD_PLAY_WITH_ID?MMI_AUDIO

?PR?MMI_DQ_AUD_STOP?MMI_AUDIO                    -----    -----      -----    -----
  +--> ?PR?DQIOT_DRV_AUDIO_STOP?DQIOT_DRV_AUDIO

?PR?DQIOT_DRV_AUDIO_STOP?DQIOT_DRV_AUDIO         -----    -----      -----    -----
  +--> ?PR?TIMER0_STOP?TIMER
  +--> ?PR?TIMER0_START?TIMER

?PR?MMI_DQ_INSIDE_LED_TIMER_STOP?MMI_LED         -----    -----      -----    -----
  +--> ?PR?MMI_DQ_SYS_GET_INSIDE_LED_TIMER?M...
  +--> ?PR?MMI_DQ_INSIDE_LED_CLOSE?MMI_LED
  +--> ?PR?MMI_DQ_SYS_CLEAR_INSIDE_LED_TIMER...

?PR?_MMI_DQ_SIGNAL_LED_SHINE_TIMER_ST...         -----    -----      0008H    0002H
  +--> ?PR?_MMI_DQ_SIGNAL_LED_LIGHT?MMI_LED
  +--> ?PR?_MMI_DQ_SIGNAL_LED_CLOSE?MMI_LED
  +--> ?PR?MMI_DQ_SYS_SET_LED_SHINE_TIMER?MM...

?PR?_MMI_DQ_FS_SET_PRO_SOUND?MMI_FS              -----    -----      -----    -----
  +--> ?PR?_MMI_DQ_FDS_WRITE?MMI_FS

?PR?MMI_DQ_SYS_WIFI_OPEN?MMI_SYS                 -----    -----      -----    -----
  +--> ?PR?MMI_DQ_FS_GET_WIFI_SETTING?MMI_FS
  +--> ?PR?MMI_DQ_WIFI_OPEN_ASK?MMI_WIFI
  +--> ?PR?_MMI_DQ_AUD_PLAY_WITH_ID?MMI_AUDIO
  +--> ?PR?_MMI_DQ_SIGNAL_LED_CLOSE?MMI_LED
  +--> ?PR?_MMI_DQ_MS_SET_SYS_STATE?MMI_MS

?PR?MMI_DQ_WIFI_OPEN_ASK?MMI_WIFI                -----    -----      0006H    0001H
  +--> ?PR?MMI_DQ_WIFI_WAKEUP?MMI_WIFI
  +--> ?PR?_TIMER1_DELAY?TIMER
  +--> ?PR?WIFI_OPEN_ASK?DQIOT_DRV_WIFI
  +--> ?PR?_MMI_DQ_SYS_SET_WIFI_CHECK?MMI_SYS

BL51 BANKED LINKER/LOCATER V6.22.2.0                                                  03/04/2021  15:33:15  PAGE 17


?PR?WIFI_OPEN_ASK?DQIOT_DRV_WIFI                 -----    -----      0007H    0002H
  +--> ?PR?_UH010_WRITE_BYTE?DQIOT_DRV_WIFI

?PR?_MMI_DQ_SYS_DOOR_OPEN_FAIL?MMI_SYS           -----    -----      -----    -----
  +--> ?PR?_MMI_DQ_AUD_PLAY_WITH_ID?MMI_AUDIO
  +--> ?PR?_MMI_DQ_SIGNAL_LED_SHINE_TIMER_ST...
  +--> ?PR?MMI_DQ_WIFI_PW_ALARM?MMI_WIFI
  +--> ?PR?_MMI_DQ_SIGNAL_LED_LIGHT?MMI_LED
  +--> ?PR?MMI_DQ_WIFI_FP_ALARM?MMI_WIFI
  +--> ?PR?_MMI_DQ_MS_SET_SYS_STATE?MMI_MS
  +--> ?PR?MMI_DQ_ALARM_START?MMI_ALARM

?PR?MMI_DQ_WIFI_PW_ALARM?MMI_WIFI                -----    -----      -----    -----
  +--> ?PR?MMI_DQ_WIFI_WAKEUP?MMI_WIFI
  +--> ?PR?_TIMER1_DELAY?TIMER
  +--> ?PR?WIFI_PW_ALARM?DQIOT_DRV_WIFI

?PR?WIFI_PW_ALARM?DQIOT_DRV_WIFI                 -----    -----      0008H    0002H
  +--> ?PR?_UH010_WRITE_BYTE?DQIOT_DRV_WIFI

?PR?MMI_DQ_WIFI_FP_ALARM?MMI_WIFI                -----    -----      -----    -----
  +--> ?PR?MMI_DQ_WIFI_WAKEUP?MMI_WIFI
  +--> ?PR?_TIMER1_DELAY?TIMER
  +--> ?PR?WIFI_FP_ALARM?DQIOT_DRV_WIFI

?PR?WIFI_FP_ALARM?DQIOT_DRV_WIFI                 -----    -----      0008H    0002H
  +--> ?PR?_UH010_WRITE_BYTE?DQIOT_DRV_WIFI

?PR?MMI_DQ_ALARM_START?MMI_ALARM                 -----    -----      -----    -----
  +--> ?PR?CONTROL_OPEN_ALARM?DQIOT_DRV_CONTROL
  +--> ?PR?MMI_DQ_SYS_ALARM_TIMER_START?MMI_SYS
  +--> ?PR?_MMI_DQ_SIGNAL_LED_SHINE_TIMER_ST...

?PR?CONTROL_OPEN_ALARM?DQIOT_DRV_CONTROL         -----    -----      0008H    0002H
  +--> ?PR?_CONTROL_WRITE_BYTE?DQIOT_DRV_CON...

?PR?_MMI_DQ_FS_CHECK_INPUT_PWD_FOR_OP...         -----    -----      0006H    0023H
  +--> ?PR?_MMI_DQ_FS_PWD_BYTE_TO_STRING?MMI_FS
  +--> ?PR?_DQ_CHECK_OTP?DQ_OTP
  +--> ?PR?_MMI_DQ_FDS_WRITE?MMI_FS

?PR?_MMI_DQ_FS_PWD_BYTE_TO_STRING?MMI_FS         -----    -----      0029H    0007H

?PR?_DQ_CHECK_OTP?DQ_OTP                         -----    -----      0029H    002BH
  +--> ?PR?_PARSEOTPKEY?DQ_OTP
  +--> ?PR?_PARSEOTPCHECKDATA?DQ_OTP

?PR?_PARSEOTPKEY?DQ_OTP                          -----    -----      0054H    003AH
  +--> ?PR?_STRLEN?STRLEN
  +--> ?PR?_GET_OTPKEY_S_ARRAY?DQ_OTP
  +--> ?PR?_STRNCPY?STRNCPY
  +--> ?CO?DQ_OTP
  +--> ?PR?_STRNCAT?STRNCAT
  +--> ?PR?_POW?POW

?PR?_GET_OTPKEY_S_ARRAY?DQ_OTP                   -----    -----      008EH    0008H
  +--> ?PR?_CHECKARRAYONLY?DQ_OTP
BL51 BANKED LINKER/LOCATER V6.22.2.0                                                  03/04/2021  15:33:15  PAGE 18



?PR?_CHECKARRAYONLY?DQ_OTP                       -----    -----      0096H    0004H

?PR?_STRNCPY?STRNCPY                             -----    -----      008EH    000AH

?PR?_STRNCAT?STRNCAT                             -----    -----      008EH    000AH

?PR?_POW?POW                                     -----    -----      008EH    000AH
  +--> ?PR?LOG?LOG
  +--> ?PR?EXP?EXP

?PR?LOG?LOG                                      0022H.2  0000H.1    0098H    0004H

?PR?_PARSEOTPCHECKDATA?DQ_OTP                    -----    -----      0054H    003AH
  +--> ?PR?_STRLEN?STRLEN
  +--> ?PR?_GET_OTPKEY_S_ARRAY?DQ_OTP
  +--> ?PR?_STRNCPY?STRNCPY
  +--> ?CO?DQ_OTP
  +--> ?PR?_STRNCAT?STRNCAT
  +--> ?PR?_POW?POW

?PR?_MMI_DQ_SYS_DOOR_OPEN?MMI_SYS                -----    -----      0008H    0001H
  +--> ?PR?MMI_DQ_FS_GET_OPEN_MODE?MMI_FS
  +--> ?PR?_MMI_DQ_SIGNAL_LED_LIGHT?MMI_LED
  +--> ?PR?_MMI_DQ_AUD_PLAY_WITH_ID?MMI_AUDIO
  +--> ?PR?_MMI_DQ_MS_SET_SYS_STATE?MMI_MS
  +--> ?PR?MMI_DQ_ALARM_STOP?MMI_ALARM
  +--> ?PR?_MMI_DQ_FS_SET_ALARM_FLAG?MMI_FS
  +--> ?PR?_MMI_DQ_SIGNAL_LED_CLOSE?MMI_LED
  +--> ?PR?MMI_DQ_INSIDE_LED_TIMER_START?MMI...
  +--> ?PR?MMI_DQ_MOTOR_TURN_RIGHT?MMI_MOTOR
  +--> ?PR?MMI_DQ_SYS_DOOR_OPEN_CB?MMI_SYS
  +--> ?PR?MMI_DQ_WIFI_SEND_PWD_110?MMI_WIFI
  +--> ?PR?MMI_DQ_WIFI_SEND_FP_110?MMI_WIFI
  +--> ?PR?MMI_DQ_WIFI_OPEN_BY_PASSWORD?MMI_...
  +--> ?PR?MMI_DQ_WIFI_OPEN_BY_FP?MMI_WIFI
  +--> ?PR?MMI_DQ_WIFI_OPEN_BY_WIFI?MMI_WIFI

?PR?MMI_DQ_ALARM_STOP?MMI_ALARM                  -----    -----      -----    -----
  +--> ?PR?CONTROL_CLOSED_ALARM?DQIOT_DRV_CO...
  +--> ?PR?MMI_DQ_SYS_ALARM_TIMER_STOP?MMI_SYS
  +--> ?PR?_MMI_DQ_SIGNAL_LED_CLOSE?MMI_LED

?PR?MMI_DQ_INSIDE_LED_TIMER_START?MMI...         -----    -----      -----    -----
  +--> ?PR?MMI_DQ_INSIDE_LED_LIGHT?MMI_LED
  +--> ?PR?MMI_DQ_SYS_SET_INSIDE_LED_TIMER?M...

?PR?MMI_DQ_INSIDE_LED_LIGHT?MMI_LED              -----    -----      -----    -----
  +--> ?PR?CONTROL_OPEN_LIGHT?DQIOT_DRV_CONTROL

?PR?CONTROL_OPEN_LIGHT?DQIOT_DRV_CONTROL         -----    -----      0009H    0002H
  +--> ?PR?_CONTROL_WRITE_BYTE?DQIOT_DRV_CON...

?PR?MMI_DQ_MOTOR_TURN_RIGHT?MMI_MOTOR            -----    -----      -----    -----
  +--> ?PR?CONTROL_OPEN_LIGHT?DQIOT_DRV_CONTROL
  +--> ?PR?_TIMER1_DELAY?TIMER
  +--> ?PR?CONTROL_OPEN_SOLENOID?DQIOT_DRV_C...
BL51 BANKED LINKER/LOCATER V6.22.2.0                                                  03/04/2021  15:33:15  PAGE 19


  +--> ?PR?CONTROL_OPEN_MOTOR?DQIOT_DRV_CONTROL

?PR?CONTROL_OPEN_SOLENOID?DQIOT_DRV_C...         -----    -----      0009H    0002H
  +--> ?PR?_CONTROL_WRITE_BYTE?DQIOT_DRV_CON...

?PR?CONTROL_OPEN_MOTOR?DQIOT_DRV_CONTROL         -----    -----      0009H    0002H
  +--> ?PR?_CONTROL_WRITE_BYTE?DQIOT_DRV_CON...

?PR?MMI_DQ_SYS_DOOR_OPEN_CB?MMI_SYS              -----    -----      -----    -----
  +--> ?PR?_MMI_DQ_AUD_PLAY_WITH_ID?MMI_AUDIO
  +--> ?PR?MMI_DQ_SYS_DOOR_CLOSE?MMI_SYS
  +--> ?PR?_MMI_DQ_SYS_SET_DELAY_EVENT?MMI_SYS

?PR?MMI_DQ_SYS_DOOR_CLOSE?MMI_SYS                -----    -----      -----    -----
  +--> ?PR?MMI_DQ_MOTOR_TURN_BACK?MMI_MOTOR
  +--> ?PR?MMI_DQ_SYS_DOOR_CLOSE_CB?MMI_SYS

?PR?MMI_DQ_MOTOR_TURN_BACK?MMI_MOTOR             -----    -----      -----    -----
  +--> ?PR?CONTROL_CLOSED_SOLENOID?DQIOT_DRV...
  +--> ?PR?_TIMER1_DELAY?TIMER
  +--> ?PR?CONTROL_CLOSED_MOTOR?DQIOT_DRV_CO...

?PR?CONTROL_CLOSED_SOLENOID?DQIOT_DRV...         -----    -----      0009H    0002H
  +--> ?PR?_CONTROL_WRITE_BYTE?DQIOT_DRV_CON...

?PR?CONTROL_CLOSED_MOTOR?DQIOT_DRV_CO...         -----    -----      0009H    0002H
  +--> ?PR?_CONTROL_WRITE_BYTE?DQIOT_DRV_CON...

?PR?MMI_DQ_SYS_DOOR_CLOSE_CB?MMI_SYS             -----    -----      -----    -----
  +--> ?PR?_MMI_DQ_AUD_PLAY_WITH_ID?MMI_AUDIO
  +--> ?PR?_MMI_DQ_SIGNAL_LED_CLOSE?MMI_LED
  +--> ?PR?_MMI_DQ_MS_SET_SYS_STATE?MMI_MS

?PR?_MMI_DQ_SYS_SET_DELAY_EVENT?MMI_SYS          -----    -----      0009H    0003H

?PR?MMI_DQ_WIFI_SEND_PWD_110?MMI_WIFI            -----    -----      -----    -----
  +--> ?PR?MMI_DQ_WIFI_WAKEUP?MMI_WIFI
  +--> ?PR?_TIMER1_DELAY?TIMER
  +--> ?PR?WIFI_SEND_PWD_110?DQIOT_DRV_WIFI
  +--> ?PR?WIFI_OPEN_BY_PASSWORD?DQIOT_DRV_WIFI

?PR?WIFI_SEND_PWD_110?DQIOT_DRV_WIFI             -----    -----      0009H    0002H
  +--> ?PR?_UH010_WRITE_BYTE?DQIOT_DRV_WIFI

?PR?WIFI_OPEN_BY_PASSWORD?DQIOT_DRV_WIFI         -----    -----      0009H    0002H
  +--> ?PR?_UH010_WRITE_BYTE?DQIOT_DRV_WIFI

?PR?MMI_DQ_WIFI_SEND_FP_110?MMI_WIFI             -----    -----      -----    -----
  +--> ?PR?MMI_DQ_WIFI_WAKEUP?MMI_WIFI
  +--> ?PR?_TIMER1_DELAY?TIMER
  +--> ?PR?WIFI_SEND_FP_110?DQIOT_DRV_WIFI
  +--> ?PR?WIFI_OPEN_BY_FP?DQIOT_DRV_WIFI

?PR?WIFI_SEND_FP_110?DQIOT_DRV_WIFI              -----    -----      0009H    0002H
  +--> ?PR?_UH010_WRITE_BYTE?DQIOT_DRV_WIFI

?PR?WIFI_OPEN_BY_FP?DQIOT_DRV_WIFI               -----    -----      0009H    0002H
BL51 BANKED LINKER/LOCATER V6.22.2.0                                                  03/04/2021  15:33:15  PAGE 20


  +--> ?PR?_UH010_WRITE_BYTE?DQIOT_DRV_WIFI

?PR?MMI_DQ_WIFI_OPEN_BY_PASSWORD?MMI_...         -----    -----      -----    -----
  +--> ?PR?MMI_DQ_WIFI_WAKEUP?MMI_WIFI
  +--> ?PR?_TIMER1_DELAY?TIMER
  +--> ?PR?WIFI_OPEN_BY_PASSWORD?DQIOT_DRV_WIFI

?PR?MMI_DQ_WIFI_OPEN_BY_FP?MMI_WIFI              -----    -----      -----    -----
  +--> ?PR?MMI_DQ_WIFI_WAKEUP?MMI_WIFI
  +--> ?PR?_TIMER1_DELAY?TIMER
  +--> ?PR?WIFI_OPEN_BY_FP?DQIOT_DRV_WIFI

?PR?MMI_DQ_WIFI_OPEN_BY_WIFI?MMI_WIFI            -----    -----      -----    -----
  +--> ?PR?WIFI_OPEN_BY_WIFI?DQIOT_DRV_WIFI

?PR?WIFI_OPEN_BY_WIFI?DQIOT_DRV_WIFI             -----    -----      0009H    0002H
  +--> ?PR?_UH010_WRITE_BYTE?DQIOT_DRV_WIFI

?PR?_MMI_DQ_FS_CHECK_INPUT_PWD?MMI_FS            -----    -----      0006H    000BH
  +--> ?PR?_MMI_DQ_FS_PWD_STRING_TO_BYTE?MMI_FS

?PR?_MMI_DQ_FS_PWD_STRING_TO_BYTE?MMI_FS         -----    -----      0011H    0008H

?PR?MMI_DQ_SYS_SHOW_CUR_MENU_LIST?MMI...         -----    -----      -----    -----
  +--> ?PR?_MMI_DQ_AUD_PLAY_WITH_ID?MMI_AUDIO
  +--> ?PR?_MMI_DQ_FP_LIGHT?MMI_FPS
  +--> ?PR?_MMI_DQ_MS_SET_SYS_STATE?MMI_MS

?PR?_MMI_DQ_FP_LIGHT?MMI_FPS                     -----    -----      -----    -----
  +--> ?PR?_FP_LIGHT?DQIOT_FP_SY

?PR?_MMI_DQ_FS_SET_PWD?MMI_FS                    -----    -----      0006H    000AH
  +--> ?PR?_MMI_DQ_FS_PWD_STRING_TO_BYTE?MMI_FS
  +--> ?PR?_MMI_DQ_FDS_WRITE?MMI_FS

?PR?MMI_DQ_WIFI_SET_110?MMI_WIFI                 -----    -----      -----    -----
  +--> ?PR?MMI_DQ_WIFI_WAKEUP?MMI_WIFI
  +--> ?PR?_TIMER1_DELAY?TIMER
  +--> ?PR?WIFI_SET_110?DQIOT_DRV_WIFI

?PR?WIFI_SET_110?DQIOT_DRV_WIFI                  -----    -----      0008H    0002H
  +--> ?PR?_UH010_WRITE_BYTE?DQIOT_DRV_WIFI

?PR?_MMI_DQ_FS_SET_OPEN_MODE?MMI_FS              -----    -----      -----    -----
  +--> ?PR?_MMI_DQ_FDS_WRITE?MMI_FS

?PR?_MMI_MS_FPS_OPT_FUN?MMI_MS                   -----    -----      0003H    0005H
  +--> ?PR?MMI_DQ_MS_GET_SYS_STATE?MMI_MS
  +--> ?PR?MMI_DQ_AUD_STOP?MMI_AUDIO
  +--> ?PR?MMI_DQ_FP_GET_IMAGE?MMI_FPS
  +--> ?PR?_MMI_DQ_FP_GEN_CHAR?MMI_FPS
  +--> ?PR?_MMI_DQ_FP_HIGH_SPEED_SEARCH?MMI_FPS
  +--> ?PR?_MMI_DQ_FS_CHECK_FP?MMI_FS
  +--> ?PR?_MMI_DQ_FP_LIGHT?MMI_FPS
  +--> ?PR?_MMI_DQ_SYS_DOOR_OPEN?MMI_SYS
  +--> ?PR?MMI_DQ_FP_MATCH?MMI_FPS
  +--> ?PR?_MMI_DQ_FS_DEL_FP?MMI_FS
BL51 BANKED LINKER/LOCATER V6.22.2.0                                                  03/04/2021  15:33:15  PAGE 21


  +--> ?PR?_MMI_DQ_FP_DELETE?MMI_FPS
  +--> ?PR?_MMI_DQ_AUD_PLAY_WITH_ID?MMI_AUDIO
  +--> ?PR?MMI_DQ_SYS_SHOW_CUR_MENU_LIST?MMI...
  +--> ?PR?_MMI_DQ_SYS_DOOR_OPEN_FAIL?MMI_SYS
  +--> ?PR?MMI_DQ_FP_REG_MODULE?MMI_FPS
  +--> ?PR?MMI_DQ_FS_GET_FP_UNUSE_INDEX?MMI_FS
  +--> ?PR?_MMI_DQ_FP_STORE_CHAR?MMI_FPS
  +--> ?PR?_MMI_DQ_FS_SET_FP?MMI_FS
  +--> ?PR?MMI_DQ_WIFI_SET_110?MMI_WIFI

?PR?MMI_DQ_FP_GET_IMAGE?MMI_FPS                  -----    -----      -----    -----
  +--> ?PR?PS_GETIMAGE?DQIOT_FP_SY

?PR?PS_GETIMAGE?DQIOT_FP_SY                      -----    -----      -----    -----
  +--> ?PR?AS608_PACKHEAD?DQIOT_FP_SY
  +--> ?PR?_SENDFLAG?DQIOT_FP_SY
  +--> ?PR?_SENDLENGTH?DQIOT_FP_SY
  +--> ?PR?_SENDCMD?DQIOT_FP_SY
  +--> ?PR?_SENDCHECK?DQIOT_FP_SY
  +--> ?PR?_JUDGESTR?DQIOT_FP_SY

?PR?_MMI_DQ_FP_GEN_CHAR?MMI_FPS                  -----    -----      0008H    0001H
  +--> ?PR?_PS_GENCHAR?DQIOT_FP_SY

?PR?_PS_GENCHAR?DQIOT_FP_SY                      -----    -----      0009H    0001H
  +--> ?PR?AS608_PACKHEAD?DQIOT_FP_SY
  +--> ?PR?_SENDFLAG?DQIOT_FP_SY
  +--> ?PR?_SENDLENGTH?DQIOT_FP_SY
  +--> ?PR?_SENDCMD?DQIOT_FP_SY
  +--> ?PR?_AS608_SENDDATA?DQIOT_FP_SY
  +--> ?PR?_SENDCHECK?DQIOT_FP_SY
  +--> ?PR?_JUDGESTR?DQIOT_FP_SY

?PR?_MMI_DQ_FP_HIGH_SPEED_SEARCH?MMI_FPS         -----    -----      0008H    0004H
  +--> ?PR?_PS_HIGHSPEEDSEARCH?DQIOT_FP_SY

?PR?_PS_HIGHSPEEDSEARCH?DQIOT_FP_SY              -----    -----      000CH    0009H
  +--> ?PR?AS608_PACKHEAD?DQIOT_FP_SY
  +--> ?PR?_SENDFLAG?DQIOT_FP_SY
  +--> ?PR?_SENDLENGTH?DQIOT_FP_SY
  +--> ?PR?_SENDCMD?DQIOT_FP_SY
  +--> ?PR?_AS608_SENDDATA?DQIOT_FP_SY
  +--> ?PR?_SENDCHECK?DQIOT_FP_SY
  +--> ?PR?_JUDGESTR?DQIOT_FP_SY

?PR?MMI_DQ_FP_MATCH?MMI_FPS                      -----    -----      -----    -----
  +--> ?PR?PS_MATCH?DQIOT_FP_SY

?PR?PS_MATCH?DQIOT_FP_SY                         -----    -----      -----    -----
  +--> ?PR?AS608_PACKHEAD?DQIOT_FP_SY
  +--> ?PR?_SENDFLAG?DQIOT_FP_SY
  +--> ?PR?_SENDLENGTH?DQIOT_FP_SY
  +--> ?PR?_SENDCMD?DQIOT_FP_SY
  +--> ?PR?_SENDCHECK?DQIOT_FP_SY
  +--> ?PR?_JUDGESTR?DQIOT_FP_SY

?PR?_MMI_DQ_FS_DEL_FP?MMI_FS                     -----    -----      -----    -----
BL51 BANKED LINKER/LOCATER V6.22.2.0                                                  03/04/2021  15:33:15  PAGE 22


  +--> ?PR?_MMI_DQ_FS_CHECK_FP?MMI_FS
  +--> ?PR?_MMI_DQ_FDS_WRITE?MMI_FS

?PR?_MMI_DQ_FP_DELETE?MMI_FPS                    -----    -----      -----    -----
  +--> ?PR?_PS_DELETCHAR?DQIOT_FP_SY

?PR?_PS_DELETCHAR?DQIOT_FP_SY                    -----    -----      0008H    0004H
  +--> ?PR?AS608_PACKHEAD?DQIOT_FP_SY
  +--> ?PR?_SENDFLAG?DQIOT_FP_SY
  +--> ?PR?_SENDLENGTH?DQIOT_FP_SY
  +--> ?PR?_SENDCMD?DQIOT_FP_SY
  +--> ?PR?_AS608_SENDDATA?DQIOT_FP_SY
  +--> ?PR?_SENDCHECK?DQIOT_FP_SY
  +--> ?PR?_JUDGESTR?DQIOT_FP_SY

?PR?MMI_DQ_FP_REG_MODULE?MMI_FPS                 -----    -----      -----    -----
  +--> ?PR?PS_REGMODEL?DQIOT_FP_SY

?PR?PS_REGMODEL?DQIOT_FP_SY                      -----    -----      -----    -----
  +--> ?PR?AS608_PACKHEAD?DQIOT_FP_SY
  +--> ?PR?_SENDFLAG?DQIOT_FP_SY
  +--> ?PR?_SENDLENGTH?DQIOT_FP_SY
  +--> ?PR?_SENDCMD?DQIOT_FP_SY
  +--> ?PR?_SENDCHECK?DQIOT_FP_SY
  +--> ?PR?_JUDGESTR?DQIOT_FP_SY

?PR?_MMI_DQ_FP_STORE_CHAR?MMI_FPS                -----    -----      0008H    0003H
  +--> ?PR?_PS_STORECHAR?DQIOT_FP_SY

?PR?_PS_STORECHAR?DQIOT_FP_SY                    -----    -----      000BH    0003H
  +--> ?PR?AS608_PACKHEAD?DQIOT_FP_SY
  +--> ?PR?_SENDFLAG?DQIOT_FP_SY
  +--> ?PR?_SENDLENGTH?DQIOT_FP_SY
  +--> ?PR?_SENDCMD?DQIOT_FP_SY
  +--> ?PR?_AS608_SENDDATA?DQIOT_FP_SY
  +--> ?PR?_SENDCHECK?DQIOT_FP_SY
  +--> ?PR?_JUDGESTR?DQIOT_FP_SY

?PR?_MMI_DQ_FS_SET_FP?MMI_FS                     -----    -----      -----    -----
  +--> ?PR?_MMI_DQ_FDS_WRITE?MMI_FS

?PR?_MMI_MS_RESET_OPT_FUN?MMI_MS                 -----    -----      0003H    0002H
  +--> ?PR?MMI_DQ_MS_GET_SYS_STATE?MMI_MS
  +--> ?PR?_MMI_DQ_SET_AUD_STATE?MMI_AUDIO
  +--> ?PR?MMI_DQ_AUD_STOP?MMI_AUDIO
  +--> ?PR?_MMI_DQ_AUD_PLAY_WITH_ID?MMI_AUDIO
  +--> ?PR?_MMI_DQ_SIGNAL_LED_LIGHT?MMI_LED
  +--> ?PR?_MMI_DQ_SIGNAL_LED_CLOSE?MMI_LED
  +--> ?PR?MMI_DQ_FS_RESET?MMI_FS
  +--> ?PR?_MMI_DQ_MS_SET_SYS_STATE?MMI_MS

?PR?MMI_DQ_FS_RESET?MMI_FS                       -----    -----      -----    -----
  +--> ?PR?_MMI_DQ_FDS_WRITE?MMI_FS
  +--> ?PR?MMI_DQ_FP_EMPTY?MMI_FPS
  +--> ?PR?MMI_DQ_FS_CLR_SET?MMI_FS

?PR?MMI_MS_WIFI_OPT_FUN?MMI_MS                   -----    -----      0003H    0001H
BL51 BANKED LINKER/LOCATER V6.22.2.0                                                  03/04/2021  15:33:15  PAGE 23


  +--> ?PR?MMI_DQ_SYS_GET_WIFI_CHECK_TYPE?MM...
  +--> ?PR?MMI_DQ_WIFI_CHECK_CONNECT?MMI_WIFI
  +--> ?PR?MMI_DQ_WIFI_CHECK_OPEN?MMI_WIFI

?PR?MMI_DQ_WIFI_CHECK_CONNECT?MMI_WIFI           -----    -----      -----    -----
  +--> ?PR?WIFI_NET_CONNECT_STATE?DQIOT_DRV_...
  +--> ?PR?MMI_DQ_WIFI_CONNECTED_SUC?MMI_WIFI
  +--> ?PR?MMI_DQ_WIFI_CONNECTED_FAIL?MMI_WIFI
  +--> ?PR?_MMI_DQ_SYS_SET_WIFI_CHECK?MMI_SYS

?PR?WIFI_NET_CONNECT_STATE?DQIOT_DRV_...         -----    -----      0004H    0004H
  +--> ?CO?DQIOT_DRV_WIFI
  +--> ?PR?_UH010_WRITE_BYTE?DQIOT_DRV_WIFI
  +--> ?PR?_TIMER1_DELAY?TIMER
  +--> ?PR?_UH010_READDATAS?DQIOT_DRV_WIFI

?PR?_UH010_READDATAS?DQIOT_DRV_WIFI              -----    -----      0009H    0008H
  +--> ?PR?_I2C_MASTER_WRITE_DATA?I2C
  +--> ?PR?_I2C_MASTER_READ_DATA?I2C

?PR?_I2C_MASTER_READ_DATA?I2C                    -----    -----      0011H    0006H
  +--> ?PR?IIC_MASTER_START?I2C
  +--> ?PR?_IIC_MASTER_WRITE_BYTE?I2C
  +--> ?PR?_IIC_MASTER_READ_BYTE?I2C
  +--> ?PR?IIC_MASTER_STOP?I2C

?PR?_IIC_MASTER_READ_BYTE?I2C                    -----    -----      -----    -----
  +--> ?PR?DELAY_US?I2C

?PR?MMI_DQ_WIFI_CONNECTED_SUC?MMI_WIFI           -----    -----      -----    -----
  +--> ?PR?_MMI_DQ_FS_SET_WIFI_SETTING?MMI_FS
  +--> ?PR?_MMI_DQ_AUD_PLAY_WITH_ID?MMI_AUDIO
  +--> ?PR?_MMI_DQ_SET_AUD_STATE?MMI_AUDIO
  +--> ?PR?_MMI_DQ_SIGNAL_LED_CLOSE?MMI_LED
  +--> ?PR?_MMI_DQ_MS_SET_SYS_STATE?MMI_MS

?PR?_MMI_DQ_FS_SET_WIFI_SETTING?MMI_FS           -----    -----      -----    -----
  +--> ?PR?_MMI_DQ_FDS_WRITE?MMI_FS

?PR?MMI_DQ_WIFI_CONNECTED_FAIL?MMI_WIFI          -----    -----      -----    -----
  +--> ?PR?_MMI_DQ_FS_SET_WIFI_SETTING?MMI_FS
  +--> ?PR?_MMI_DQ_AUD_PLAY_WITH_ID?MMI_AUDIO
  +--> ?PR?_MMI_DQ_SET_AUD_STATE?MMI_AUDIO
  +--> ?PR?_MMI_DQ_SIGNAL_LED_CLOSE?MMI_LED
  +--> ?PR?_MMI_DQ_MS_SET_SYS_STATE?MMI_MS

?PR?MMI_DQ_WIFI_CHECK_OPEN?MMI_WIFI              -----    -----      0004H    0001H
  +--> ?PR?WIFI_OPEN_REPLY_GET?DQIOT_DRV_WIFI
  +--> ?PR?MMI_DQ_MS_GET_SYS_STATE?MMI_MS
  +--> ?PR?MMI_DQ_SYS_WAKE_UP?MMI_SYS
  +--> ?PR?_MMI_DQ_SYS_DOOR_OPEN?MMI_SYS
  +--> ?PR?_MMI_DQ_AUD_PLAY_WITH_ID?MMI_AUDIO
  +--> ?PR?_MMI_DQ_SYS_SET_WIFI_CHECK?MMI_SYS

?PR?WIFI_OPEN_REPLY_GET?DQIOT_DRV_WIFI           -----    -----      0005H    0004H
  +--> ?CO?DQIOT_DRV_WIFI
  +--> ?PR?_UH010_WRITE_BYTE?DQIOT_DRV_WIFI
BL51 BANKED LINKER/LOCATER V6.22.2.0                                                  03/04/2021  15:33:15  PAGE 24


  +--> ?PR?_TIMER1_DELAY?TIMER
  +--> ?PR?_UH010_READDATAS?DQIOT_DRV_WIFI

?PR?MMI_WAIT_SLEEP_TASK_PROC?MMI_MS              -----    -----      -----    -----
  +--> ?PR?MMI_DQ_AUD_GET_STATE?MMI_AUDIO
  +--> ?PR?MMI_DQ_RST_GET_PIN?MMI_RST
  +--> ?PR?MMI_DQ_FP_GET_PIN?MMI_FPS
  +--> ?PR?MMI_DQ_SYS_ENTER_SLEEP?MMI_SYS

?PR?MMI_DQ_AUD_GET_STATE?MMI_AUDIO               -----    -----      -----    -----
  +--> ?PR?DQIOT_DRV_AUDIO_GET_STATE?DQIOT_D...

?PR?MMI_DQ_SYS_ENTER_SLEEP?MMI_SYS               -----    -----      -----    -----
  +--> ?PR?MMI_DQ_BSP_ENTER_SLEEP?MMI_BSP
  +--> ?PR?_MMI_DQ_MS_SET_SYS_STATE?MMI_MS

?PR?MMI_DQ_BSP_ENTER_SLEEP?MMI_BSP               -----    -----      -----    -----
  +--> ?PR?DQIOT_DRV_ENTER_SLEEP?DQIOT_DRV

?PR?DQIOT_DRV_ENTER_SLEEP?DQIOT_DRV              -----    -----      -----    -----
  +--> ?PR?UART0_DEINIT?UART0
  +--> ?PR?DQIOT_DRV_FP_ENTER_SLEEP?DQIOT_DR...
  +--> ?PR?DQIOT_DRV_AUDIO_DEINIT?DQIOT_DRV_...

?C_INITSEG                                       -----    -----      -----    -----
  +--> ?PR?MMI_DQ_SYS_ADD_PWD?MMI_SYS
  +--> ?PR?MMI_DQ_SYS_ADD_FP?MMI_SYS
  +--> ?PR?MMI_DQ_SYS_DEL_FP?MMI_SYS
  +--> ?PR?MMI_DQ_SYS_CHG_ADMIN_PWD?MMI_SYS
  +--> ?PR?MMI_DQ_SYS_SET_OPEN_MODE?MMI_SYS
  +--> ?PR?MMI_DQ_SYS_WIFI_SETTING?MMI_SYS
  +--> ?PR?MMI_DQ_SYS_ADD_110_PWD?MMI_SYS
  +--> ?PR?MMI_DQ_SYS_ADD_110_FP?MMI_SYS

?PR?MMI_DQ_SYS_ADD_PWD?MMI_SYS                   -----    -----      -----    -----
  +--> ?PR?_MMI_DQ_AUD_PLAY_WITH_ID?MMI_AUDIO
  +--> ?PR?MMI_MS_PWD_INIT_VAR?MMI_MS
  +--> ?PR?_MMI_DQ_MS_SET_SYS_STATE?MMI_MS

?PR?MMI_DQ_SYS_ADD_FP?MMI_SYS                    -----    -----      -----    -----
  +--> ?PR?MMI_DQ_FS_GET_FP_UNUSE_INDEX?MMI_FS
  +--> ?PR?_MMI_DQ_AUD_PLAY_WITH_ID?MMI_AUDIO
  +--> ?PR?MMI_DQ_SYS_SHOW_CUR_MENU_LIST?MMI...
  +--> ?PR?_MMI_DQ_FP_LIGHT?MMI_FPS
  +--> ?PR?MMI_MS_OPT_TIME_INIT?MMI_MS
  +--> ?PR?_MMI_DQ_MS_SET_SYS_STATE?MMI_MS

?PR?MMI_DQ_SYS_DEL_FP?MMI_SYS                    -----    -----      -----    -----
  +--> ?PR?_MMI_DQ_AUD_PLAY_WITH_ID?MMI_AUDIO
  +--> ?PR?_MMI_DQ_FP_LIGHT?MMI_FPS
  +--> ?PR?MMI_MS_OPT_TIME_INIT?MMI_MS
  +--> ?PR?_MMI_DQ_MS_SET_SYS_STATE?MMI_MS

?PR?MMI_DQ_SYS_CHG_ADMIN_PWD?MMI_SYS             -----    -----      -----    -----
  +--> ?PR?_MMI_DQ_AUD_PLAY_WITH_ID?MMI_AUDIO
  +--> ?PR?MMI_MS_PWD_INIT_VAR?MMI_MS
  +--> ?PR?_MMI_DQ_MS_SET_SYS_STATE?MMI_MS
BL51 BANKED LINKER/LOCATER V6.22.2.0                                                  03/04/2021  15:33:15  PAGE 25



?PR?MMI_DQ_SYS_SET_OPEN_MODE?MMI_SYS             -----    -----      -----    -----
  +--> ?PR?_MMI_DQ_AUD_PLAY_WITH_ID?MMI_AUDIO
  +--> ?PR?_MMI_DQ_MS_SET_SYS_STATE?MMI_MS

?PR?MMI_DQ_SYS_WIFI_SETTING?MMI_SYS              -----    -----      -----    -----
  +--> ?PR?MMI_DQ_WIFI_SETTING?MMI_WIFI
  +--> ?PR?_MMI_DQ_AUD_PLAY_WITH_ID?MMI_AUDIO
  +--> ?PR?MMI_DQ_SYS_SHOW_CUR_MENU_LIST?MMI...
  +--> ?PR?_MMI_DQ_MS_SET_SYS_STATE?MMI_MS
  +--> ?PR?_MMI_DQ_SIGNAL_LED_SHINE_TIMER_ST...

?PR?MMI_DQ_WIFI_SETTING?MMI_WIFI                 -----    -----      0000H    0001H
  +--> ?PR?WIFI_WAKE_UP?DQIOT_DRV_WIFI
  +--> ?PR?_TIMER1_DELAY?TIMER
  +--> ?PR?WIFI_NET_CONNECT_SEND?DQIOT_DRV_WIFI
  +--> ?PR?_MMI_DQ_SYS_SET_WIFI_CHECK?MMI_SYS

?PR?WIFI_NET_CONNECT_SEND?DQIOT_DRV_WIFI         -----    -----      0001H    0002H
  +--> ?PR?_UH010_WRITE_BYTE?DQIOT_DRV_WIFI

?PR?MMI_DQ_SYS_ADD_110_PWD?MMI_SYS               -----    -----      -----    -----
  +--> ?PR?_MMI_DQ_AUD_PLAY_WITH_ID?MMI_AUDIO
  +--> ?PR?MMI_MS_PWD_INIT_VAR?MMI_MS
  +--> ?PR?_MMI_DQ_MS_SET_SYS_STATE?MMI_MS

?PR?MMI_DQ_SYS_ADD_110_FP?MMI_SYS                -----    -----      -----    -----
  +--> ?PR?_MMI_DQ_AUD_PLAY_WITH_ID?MMI_AUDIO
  +--> ?PR?_MMI_DQ_FP_LIGHT?MMI_FPS
  +--> ?PR?MMI_MS_OPT_TIME_INIT?MMI_MS
  +--> ?PR?_MMI_DQ_MS_SET_SYS_STATE?MMI_MS

*** NEW ROOT ***************************************************

?PR?TIMER0_ISR?TIMER                             -----    -----      -----    -----
  +--> ?PR?AUDIO_TIMER_EVENT_HANDLER?DQIOT_D...

?PR?AUDIO_TIMER_EVENT_HANDLER?DQIOT_D...         -----    -----      009CH    0001H
  +--> ?PR?TIMER0_STOP?TIMER
  +--> ?PR?AUDIO_SELECT_HANDLE_IN_TIMER?DQIO...

*** NEW ROOT ***************************************************

?PR?TIMER3_ISR?TIMER                             -----    -----      -----    -----
  +--> ?PR?SYSTEM_TIMER_EVENT_HANDLER?MMI_SYS

?PR?SYSTEM_TIMER_EVENT_HANDLER?MMI_SYS           -----    -----      009DH    0002H
  +--> ?PR?MMI_DQ_MS_GET_SYS_STATE?MMI_MS
  +--> ?PR?MMI_DQ_RST_TIMER_EVENT?MMI_RST
  +--> ?PR?MMI_DQ_MS_GET_RUN_FLAG?MMI_MS
  +--> ?PR?MMI_DQ_WIFI_GET_RUNNING_FLAG?MMI_...
  +--> ?PR?MMI_DQ_SYS_TIME_OUT_HANDLE?MMI_SYS

?PR?MMI_DQ_RST_TIMER_EVENT?MMI_RST               -----    -----      009FH    0001H
  +--> ?PR?DQIOT_DRV_GET_RESET_PIN?DQIOT_DRV...

?PR?MMI_DQ_SYS_TIME_OUT_HANDLE?MMI_SYS           -----    -----      -----    -----
BL51 BANKED LINKER/LOCATER V6.22.2.0                                                  03/04/2021  15:33:15  PAGE 26


  +--> ?PR?MMI_DQ_MS_GET_SYS_STATE?MMI_MS
  +--> ?PR?_MMI_DQ_AUD_PLAY_WITH_ID?MMI_AUDIO
  +--> ?PR?_MMI_DQ_MS_SET_SYS_STATE?MMI_MS

*** NEW ROOT ***************************************************

?PR?ADCINTERRUPT?ADC                             -----    -----      -----    -----
  +--> ?PR?ADC_READ12?ADC



SYMBOL TABLE OF MODULE:  .\Objects\DS05 (?C_STARTUP)

  VALUE           TYPE          NAME
  ----------------------------------

  -------         MODULE        ?C_STARTUP
  C:32B6H         SEGMENT       ?C_C51STARTUP
  I:0023H         SEGMENT       ?STACK
  C:0000H         PUBLIC        ?C_STARTUP
  D:00E0H         SYMBOL        ACC
  D:00F0H         SYMBOL        B
  D:0083H         SYMBOL        DPH
  D:0082H         SYMBOL        DPL
  N:0000H         SYMBOL        IBPSTACK
  N:0100H         SYMBOL        IBPSTACKTOP
  N:0100H         SYMBOL        IDATALEN
  C:32B9H         SYMBOL        IDATALOOP
  N:0000H         SYMBOL        PBPSTACK
  N:0100H         SYMBOL        PBPSTACKTOP
  N:0000H         SYMBOL        PDATALEN
  N:0000H         SYMBOL        PDATASTART
  N:0000H         SYMBOL        PPAGE
  N:0000H         SYMBOL        PPAGEENABLE
  D:00A0H         SYMBOL        PPAGE_SFR
  D:0081H         SYMBOL        SP
[...]
  C:42DEH         LINE#         126
  C:42E1H         LINE#         127
  C:42E8H         LINE#         128
  C:42E9H         LINE#         130
  C:42EEH         LINE#         131
  -------         ENDPROC       MMI_DQ_WIFI_CHECK_CONNECT
  -------         PROC          MMI_DQ_WIFI_OPEN_ASK
  -------         DO            
  X:0006H         SYMBOL        ret
  -------         ENDDO         
  C:4340H         LINE#         139
  C:4340H         LINE#         140
  C:4340H         LINE#         141
  C:4346H         LINE#         142
  C:4355H         LINE#         143
  C:4358H         LINE#         144
  C:435BH         LINE#         145
  C:4362H         LINE#         146
  C:4368H         LINE#         147
  C:4368H         LINE#         148
  C:436EH         LINE#         149
  C:4376H         LINE#         150
  C:4376H         LINE#         151
  C:437EH         LINE#         152
  C:437EH         LINE#         153
  C:4385H         LINE#         154
  C:4389H         LINE#         155
  C:4389H         LINE#         156
  C:438EH         LINE#         157
BL51 BANKED LINKER/LOCATER V6.22.2.0                                                  03/04/2021  15:33:15  PAGE 121


  -------         ENDPROC       MMI_DQ_WIFI_OPEN_ASK
  -------         PROC          MMI_DQ_WIFI_CHECK_OPEN
  -------         DO            
  X:0004H         SYMBOL        state
  -------         ENDDO         
  C:3E9BH         LINE#         165
  C:3E9BH         LINE#         166
  C:3E9BH         LINE#         167
  C:3EA3H         LINE#         168
  C:3EB1H         LINE#         169
  C:3EB6H         LINE#         170
  C:3EB6H         LINE#         171
  C:3EBEH         LINE#         172
  C:3EC1H         LINE#         173
  C:3EC6H         LINE#         174
  C:3EC6H         LINE#         175
  C:3EC8H         LINE#         176
  C:3EDFH         LINE#         177
  C:3EDFH         LINE#         178
  C:3EE7H         LINE#         179
  C:3EEAH         LINE#         180
  C:3EEFH         LINE#         181
  C:3EF6H         LINE#         182
  C:3EF7H         LINE#         184
  C:3EFCH         LINE#         186
  -------         ENDPROC       MMI_DQ_WIFI_CHECK_OPEN
  -------         PROC          MMI_DQ_WIFI_ADD_PASSWORD
  C:55BDH         LINE#         195
  C:55BDH         LINE#         196
  C:55BDH         LINE#         197
  C:55C0H         LINE#         199
  C:55C7H         LINE#         200
  -------         ENDPROC       MMI_DQ_WIFI_ADD_PASSWORD
  -------         PROC          MMI_DQ_WIFI_DEL_PASSWORD
  C:55CAH         LINE#         209
  C:55CAH         LINE#         210
  C:55CAH         LINE#         211
  C:55CDH         LINE#         213
  C:55D4H         LINE#         215
  -------         ENDPROC       MMI_DQ_WIFI_DEL_PASSWORD
  -------         PROC          MMI_DQ_WIFI_ADD_FP
  C:55D7H         LINE#         224
  C:55D7H         LINE#         225
  C:55D7H         LINE#         226
  C:55DAH         LINE#         228
  C:55E1H         LINE#         230
  -------         ENDPROC       MMI_DQ_WIFI_ADD_FP
  -------         PROC          MMI_DQ_WIFI_DEL_FP
  C:55E4H         LINE#         239
  C:55E4H         LINE#         240
  C:55E4H         LINE#         241
  C:55E7H         LINE#         243
  C:55EEH         LINE#         245
  -------         ENDPROC       MMI_DQ_WIFI_DEL_FP
  -------         PROC          MMI_DQ_WIFI_OPEN_BY_PASSWORD
  C:55F1H         LINE#         254
  C:55F1H         LINE#         255
BL51 BANKED LINKER/LOCATER V6.22.2.0                                                  03/04/2021  15:33:15  PAGE 122


  C:55F1H         LINE#         256
  C:55F4H         LINE#         258
  C:55FBH         LINE#         260
  -------         ENDPROC       MMI_DQ_WIFI_OPEN_BY_PASSWORD
  -------         PROC          MMI_DQ_WIFI_OPEN_BY_FP
  C:55FEH         LINE#         269
  C:55FEH         LINE#         270
  C:55FEH         LINE#         271
  C:5601H         LINE#         273
  C:5608H         LINE#         275
  -------         ENDPROC       MMI_DQ_WIFI_OPEN_BY_FP
  -------         PROC          MMI_DQ_WIFI_OPEN_BY_RFID
  C:560BH         LINE#         284
  C:560BH         LINE#         285
  C:560BH         LINE#         286
  C:560EH         LINE#         288
  C:5615H         LINE#         290
  -------         ENDPROC       MMI_DQ_WIFI_OPEN_BY_RFID
  -------         PROC          MMI_DQ_WIFI_OPEN_BY_KEY
  C:5618H         LINE#         300
  C:5618H         LINE#         301
  C:5618H         LINE#         302
  C:561BH         LINE#         304
  C:5622H         LINE#         306
  -------         ENDPROC       MMI_DQ_WIFI_OPEN_BY_KEY
  -------         PROC          MMI_DQ_WIFI_OPEN_BY_WIFI
  C:5823H         LINE#         315
  C:5823H         LINE#         316
  C:5823H         LINE#         318
  -------         ENDPROC       MMI_DQ_WIFI_OPEN_BY_WIFI
  -------         PROC          MMI_DQ_WIFI_DOOR_CLOSE
  C:5826H         LINE#         327
  C:5826H         LINE#         328
  C:5826H         LINE#         330
  -------         ENDPROC       MMI_DQ_WIFI_DOOR_CLOSE
  -------         PROC          MMI_DQ_WIFI_VIA_ALARM
  C:5625H         LINE#         339
  C:5625H         LINE#         340
  C:5625H         LINE#         341
  C:5628H         LINE#         343
  C:562FH         LINE#         345
  -------         ENDPROC       MMI_DQ_WIFI_VIA_ALARM
  -------         PROC          MMI_DQ_WIFI_PW_ALARM
  C:5632H         LINE#         354
  C:5632H         LINE#         355
  C:5632H         LINE#         356
  C:5635H         LINE#         358
  C:563CH         LINE#         360
  -------         ENDPROC       MMI_DQ_WIFI_PW_ALARM
  -------         PROC          MMI_DQ_WIFI_FP_ALARM
  C:563FH         LINE#         369
  C:563FH         LINE#         370
  C:563FH         LINE#         371
  C:5642H         LINE#         373
  C:5649H         LINE#         375
  -------         ENDPROC       MMI_DQ_WIFI_FP_ALARM
  -------         PROC          MMI_DQ_WIFI_RFID_ALARM
BL51 BANKED LINKER/LOCATER V6.22.2.0                                                  03/04/2021  15:33:15  PAGE 123


  C:564CH         LINE#         384
  C:564CH         LINE#         385
  C:564CH         LINE#         386
  C:564FH         LINE#         388
  C:5656H         LINE#         390
  -------         ENDPROC       MMI_DQ_WIFI_RFID_ALARM
  -------         PROC          MMI_DQ_WIFI_LOWPOWER_ALARM
  -------         DO            
  X:01A3H         SYMBOL        wifi_lowpower_flag
  -------         ENDDO         
  C:50A9H         LINE#         400
  C:50A9H         LINE#         401
  C:50A9H         LINE#         403
  C:50AFH         LINE#         404
  C:50AFH         LINE#         405
  C:50B1H         LINE#         406
  C:50B4H         LINE#         408
  C:50BBH         LINE#         410
  C:50BEH         LINE#         411
  C:50BEH         LINE#         412
  -------         ENDPROC       MMI_DQ_WIFI_LOWPOWER_ALARM
  -------         PROC          MMI_DQ_WIFI_SEND_PWD_110
  C:5065H         LINE#         420
  C:5065H         LINE#         421
  C:5065H         LINE#         422
  C:5068H         LINE#         423
  C:506FH         LINE#         424
  C:5072H         LINE#         425
  C:5079H         LINE#         426
  -------         ENDPROC       MMI_DQ_WIFI_SEND_PWD_110
  -------         PROC          MMI_DQ_WIFI_SEND_FP_110
  C:507CH         LINE#         435
  C:507CH         LINE#         436
  C:507CH         LINE#         437
  C:507FH         LINE#         438
  C:5086H         LINE#         439
  C:5089H         LINE#         440
  C:5090H         LINE#         441
  -------         ENDPROC       MMI_DQ_WIFI_SEND_FP_110
  -------         PROC          MMI_DQ_WIFI_SET_110
  C:5659H         LINE#         450
  C:5659H         LINE#         451
  C:5659H         LINE#         452
  C:565CH         LINE#         453
  C:5663H         LINE#         454
  -------         ENDPROC       MMI_DQ_WIFI_SET_110
  -------         PROC          MMI_DQ_WIFI_GET_RUNNING_FLAG
  C:52CCH         LINE#         465
  C:52CCH         LINE#         466
  C:52CCH         LINE#         467
  C:52DBH         LINE#         468
  C:52DEH         LINE#         469
  C:52E0H         LINE#         470
  -------         ENDPROC       MMI_DQ_WIFI_GET_RUNNING_FLAG
  -------         ENDMOD        MMI_WIFI

  -------         MODULE        ?C?FPADD
BL51 BANKED LINKER/LOCATER V6.22.2.0                                                  03/04/2021  15:33:15  PAGE 124


  C:00A5H         PUBLIC        ?C?FPADD
  C:00A1H         PUBLIC        ?C?FPSUB
  -------         ENDMOD        ?C?FPADD

  -------         MODULE        ?C?FPMUL
  C:0196H         PUBLIC        ?C?FPMUL
  -------         ENDMOD        ?C?FPMUL

  -------         MODULE        ?C?FPCMP
  C:029EH         PUBLIC        ?C?FPCMP
  C:029CH         PUBLIC        ?C?FPCMP3
  -------         ENDMOD        ?C?FPCMP

  -------         MODULE        ?C?FCAST
  C:031FH         PUBLIC        ?C?FCASTC
  C:031AH         PUBLIC        ?C?FCASTI
  C:0315H         PUBLIC        ?C?FCASTL
  -------         ENDMOD        ?C?FCAST

  -------         MODULE        ?C?CASTF
  C:0353H         PUBLIC        ?C?CASTF
  -------         ENDMOD        ?C?CASTF

  -------         MODULE        POW
  X:008EH         PUBLIC        ?_pow?BYTE
  C:1CD8H         PUBLIC        _pow
  -------         ENDMOD        POW

  -------         MODULE        ?C?CHKFLOAT
  C:03D4H         PUBLIC        ?C?CHKFLOAT
  -------         ENDMOD        ?C?CHKFLOAT

  -------         MODULE        ?C?FPNEG
  C:03EEH         PUBLIC        ?C?FPNEG
  -------         ENDMOD        ?C?FPNEG

  -------         MODULE        EXP
  C:3388H         PUBLIC        _EXP
  -------         ENDMOD        EXP

  -------         MODULE        LOG
  C:2AC6H         PUBLIC        _LOG
  C:2AC2H         PUBLIC        _LOG10
  -------         ENDMOD        LOG

  -------         MODULE        ?C?FPDIV
  C:0402H         PUBLIC        ?C?FPDIV
  -------         ENDMOD        ?C?FPDIV

  -------         MODULE        ?C?COPY
  C:05BCH         PUBLIC        ?C?COPY
  -------         ENDMOD        ?C?COPY

  -------         MODULE        ?C?CLDPTR
  C:05E2H         PUBLIC        ?C?CLDPTR
  -------         ENDMOD        ?C?CLDPTR

BL51 BANKED LINKER/LOCATER V6.22.2.0                                                  03/04/2021  15:33:15  PAGE 125


  -------         MODULE        ?C?CLDOPTR
  C:05FBH         PUBLIC        ?C?CLDOPTR
  -------         ENDMOD        ?C?CLDOPTR

  -------         MODULE        ?C?CSTPTR
  C:0628H         PUBLIC        ?C?CSTPTR
  -------         ENDMOD        ?C?CSTPTR

  -------         MODULE        ?C?CSTOPTR
  C:063AH         PUBLIC        ?C?CSTOPTR
  -------         ENDMOD        ?C?CSTOPTR

  -------         MODULE        ?C?IMUL
  C:065CH         PUBLIC        ?C?IMUL
  -------         ENDMOD        ?C?IMUL

  -------         MODULE        ?C?SIDIV
  C:066EH         PUBLIC        ?C?SIDIV
  -------         ENDMOD        ?C?SIDIV

  -------         MODULE        ?C?IILDX
  C:06A4H         PUBLIC        ?C?IILDX
  -------         ENDMOD        ?C?IILDX

  -------         MODULE        ?C?ILDIX
  C:06BAH         PUBLIC        ?C?ILDIX
  -------         ENDMOD        ?C?ILDIX

  -------         MODULE        ?C?ISTPTR
  C:06D0H         PUBLIC        ?C?ISTPTR
  -------         ENDMOD        ?C?ISTPTR

  -------         MODULE        ?C?ULDIV
  C:072BH         PUBLIC        ?C?ULDIV
  -------         ENDMOD        ?C?ULDIV

  -------         MODULE        ?C?LNEG
  C:07BDH         PUBLIC        ?C?LNEG
  -------         ENDMOD        ?C?LNEG

  -------         MODULE        ?C?ULSHR
  C:07CBH         PUBLIC        ?C?ULSHR
  -------         ENDMOD        ?C?ULSHR

  -------         MODULE        ?C?LLDCODE
  C:07DEH         PUBLIC        ?C?LLDCODE
  -------         ENDMOD        ?C?LLDCODE

  -------         MODULE        ?C?LLDXDATA0
  C:07EEH         PUBLIC        ?C?LLDXDATA0
  -------         ENDMOD        ?C?LLDXDATA0

  -------         MODULE        ?C?LLDCODE0
  C:07FAH         PUBLIC        ?C?LLDCODE0
  -------         ENDMOD        ?C?LLDCODE0

  -------         MODULE        ?C?LSTXDATA
BL51 BANKED LINKER/LOCATER V6.22.2.0                                                  03/04/2021  15:33:15  PAGE 126


  C:080AH         PUBLIC        ?C?LSTXDATA
  -------         ENDMOD        ?C?LSTXDATA

  -------         MODULE        ?C?LSTKXDATA
  C:0816H         PUBLIC        ?C?LSTKXDATA
  -------         ENDMOD        ?C?LSTKXDATA

  -------         MODULE        ?C?LSTKPTR
  C:0847H         PUBLIC        ?C?LSTKPTR
  -------         ENDMOD        ?C?LSTKPTR

  -------         MODULE        ?C?CCASE
  C:0861H         PUBLIC        ?C?CCASE
  -------         ENDMOD        ?C?CCASE

  -------         MODULE        ?C?ICALL
  C:0887H         PUBLIC        ?C?ICALL
  C:088BH         PUBLIC        ?C?ICALL2
  -------         ENDMOD        ?C?ICALL

  -------         MODULE        STRNCAT
  X:008EH         PUBLIC        ?_strncat?BYTE
  C:2E88H         PUBLIC        _strncat
  -------         ENDMOD        STRNCAT

  -------         MODULE        ?C?STRCPY
  C:0959H         PUBLIC        ?C?STRCPY
  -------         ENDMOD        ?C?STRCPY

  -------         MODULE        STRNCPY
  X:008EH         PUBLIC        ?_strncpy?BYTE
  C:3B72H         PUBLIC        _strncpy
  -------         ENDMOD        STRNCPY

  -------         MODULE        STRLEN
  C:52E1H         PUBLIC        _STRLEN
  -------         ENDMOD        STRLEN

  -------         MODULE        ?C?MEMCMP
  C:0AFCH         PUBLIC        ?C?MEMCMP
  -------         ENDMOD        ?C?MEMCMP

  -------         MODULE        ?C?MEMSET
  C:0B20H         PUBLIC        ?C?MEMSET
  -------         ENDMOD        ?C?MEMSET

  -------         MODULE        ?C?UIDIV
  C:0B4CH         PUBLIC        ?C?UIDIV
  -------         ENDMOD        ?C?UIDIV

  -------         MODULE        ?C?LSTKIDATA
  C:0BA1H         PUBLIC        ?C?LSTKIDATA
  -------         ENDMOD        ?C?LSTKIDATA

  -------         MODULE        ?C?LSTKPDATA
  C:0BBAH         PUBLIC        ?C?LSTKPDATA
  -------         ENDMOD        ?C?LSTKPDATA
BL51 BANKED LINKER/LOCATER V6.22.2.0                                                  03/04/2021  15:33:15  PAGE 127



*** WARNING L16: UNCALLED SEGMENT, IGNORED FOR OVERLAY PROCESS
    SEGMENT: ?PR?TIMER3_START?TIMER

*** WARNING L16: UNCALLED SEGMENT, IGNORED FOR OVERLAY PROCESS
    SEGMENT: ?PR?_ROM_1BYTEPROGRAM?EEPROM

*** WARNING L16: UNCALLED SEGMENT, IGNORED FOR OVERLAY PROCESS
    SEGMENT: ?PR?_ROM_BYTEREAD?EEPROM

*** WARNING L16: UNCALLED SEGMENT, IGNORED FOR OVERLAY PROCESS
    SEGMENT: ?PR?ADC_INIT?ADC

*** WARNING L16: UNCALLED SEGMENT, IGNORED FOR OVERLAY PROCESS
    SEGMENT: ?PR?INT1_INIT?DQIOT_DRV

*** WARNING L16: UNCALLED SEGMENT, IGNORED FOR OVERLAY PROCESS
    SEGMENT: ?PR?DQIOT_DRV_AUDIO_CHECK_BUSY?DQIOT_DRV_AUDIO

*** WARNING L16: UNCALLED SEGMENT, IGNORED FOR OVERLAY PROCESS
    SEGMENT: ?PR?DQIOT_DRV_AUDIO_GET_SECTION?DQIOT_DRV_AUDIO

*** WARNING L16: UNCALLED SEGMENT, IGNORED FOR OVERLAY PROCESS
    SEGMENT: ?PR?CONTROL_GET_CLOSE_STATE?DQIOT_DRV_CONTROL

*** WARNING L16: UNCALLED SEGMENT, IGNORED FOR OVERLAY PROCESS
    SEGMENT: ?PR?CONTROL_SET_CLOSE?DQIOT_DRV_CONTROL

*** WARNING L16: UNCALLED SEGMENT, IGNORED FOR OVERLAY PROCESS
    SEGMENT: ?PR?CONTROL_WAKE_UP?DQIOT_DRV_CONTROL

*** WARNING L16: UNCALLED SEGMENT, IGNORED FOR OVERLAY PROCESS
    SEGMENT: ?PR?DQIOT_DRV_GET_TOUCH_FLAG?DQIOT_DRV_TOUCH

*** WARNING L16: UNCALLED SEGMENT, IGNORED FOR OVERLAY PROCESS
    SEGMENT: ?PR?AS608_PACKHEAD2?DQIOT_FP_SY

*** WARNING L16: UNCALLED SEGMENT, IGNORED FOR OVERLAY PROCESS
    SEGMENT: ?PR?PS_GETECHO?DQIOT_FP_SY

*** WARNING L16: UNCALLED SEGMENT, IGNORED FOR OVERLAY PROCESS
    SEGMENT: ?PR?_PS_AUTOENROLL?DQIOT_FP_SY

*** WARNING L16: UNCALLED SEGMENT, IGNORED FOR OVERLAY PROCESS
    SEGMENT: ?PR?_PS_AUTOIDENTIFY?DQIOT_FP_SY

*** WARNING L16: UNCALLED SEGMENT, IGNORED FOR OVERLAY PROCESS
    SEGMENT: ?PR?_PS_HANDSHAKE?DQIOT_FP_SY

*** WARNING L16: UNCALLED SEGMENT, IGNORED FOR OVERLAY PROCESS
    SEGMENT: ?PR?PS_RESET?DQIOT_FP_SY

*** WARNING L16: UNCALLED SEGMENT, IGNORED FOR OVERLAY PROCESS
    SEGMENT: ?PR?PS_SLEEP?DQIOT_FP_SY

*** WARNING L16: UNCALLED SEGMENT, IGNORED FOR OVERLAY PROCESS
    SEGMENT: ?PR?DQIOT_DRV_RESET_INIT?DQIOT_DRV_RESET
BL51 BANKED LINKER/LOCATER V6.22.2.0                                                  03/04/2021  15:33:15  PAGE 128



*** WARNING L16: UNCALLED SEGMENT, IGNORED FOR OVERLAY PROCESS
    SEGMENT: ?PR?MMI_DQ_ALARM_INIT?MMI_ALARM

*** WARNING L16: UNCALLED SEGMENT, IGNORED FOR OVERLAY PROCESS
    SEGMENT: ?PR?MMI_DQ_FP_GET_FP_MODE?MMI_FPS

*** WARNING L16: UNCALLED SEGMENT, IGNORED FOR OVERLAY PROCESS
    SEGMENT: ?PR?_MMI_DQ_FP_GET_VALID_TEMPLETE?MMI_FPS

*** WARNING L16: UNCALLED SEGMENT, IGNORED FOR OVERLAY PROCESS
    SEGMENT: ?PR?_MMI_DQ_FP_SEARCH?MMI_FPS

*** WARNING L16: UNCALLED SEGMENT, IGNORED FOR OVERLAY PROCESS
    SEGMENT: ?PR?MMI_DQ_FP_GET_LIGHT?MMI_FPS

*** WARNING L16: UNCALLED SEGMENT, IGNORED FOR OVERLAY PROCESS
    SEGMENT: ?PR?_MMI_DQ_FS_SET_FACTORY_FLAG?MMI_FS

*** WARNING L16: UNCALLED SEGMENT, IGNORED FOR OVERLAY PROCESS
    SEGMENT: ?PR?MMI_DQ_FS_GET_FACTORY_FLAG?MMI_FS

*** WARNING L16: UNCALLED SEGMENT, IGNORED FOR OVERLAY PROCESS
    SEGMENT: ?PR?MMI_DQ_FS_GET_ALARM_FLAG?MMI_FS

*** WARNING L16: UNCALLED SEGMENT, IGNORED FOR OVERLAY PROCESS
    SEGMENT: ?PR?MMI_DQ_KEY_GET_VALUE?MMI_KEY

*** WARNING L16: UNCALLED SEGMENT, IGNORED FOR OVERLAY PROCESS
    SEGMENT: ?PR?MMI_DQ_KEY_ENTERSLEEP?MMI_KEY

*** WARNING L16: UNCALLED SEGMENT, IGNORED FOR OVERLAY PROCESS
    SEGMENT: ?PR?MMI_DQ_KEY_LIGHT_FLASH_TIMER_START?MMI_LED

*** WARNING L16: UNCALLED SEGMENT, IGNORED FOR OVERLAY PROCESS
    SEGMENT: ?PR?MMI_DQ_MOTOR_STOP?MMI_MOTOR

*** WARNING L16: UNCALLED SEGMENT, IGNORED FOR OVERLAY PROCESS
    SEGMENT: ?PR?_MMI_QUEUE_GETPREID?MMI_QUEUE

*** WARNING L16: UNCALLED SEGMENT, IGNORED FOR OVERLAY PROCESS
    SEGMENT: ?PR?MMI_QUEUELENGTH?MMI_QUEUE

*** WARNING L16: UNCALLED SEGMENT, IGNORED FOR OVERLAY PROCESS
    SEGMENT: ?PR?MMI_DQ_RST_INIT?MMI_RST

*** WARNING L16: UNCALLED SEGMENT, IGNORED FOR OVERLAY PROCESS
    SEGMENT: ?PR?MMI_DQ_SYS_AUD_END?MMI_SYS

*** WARNING L16: UNCALLED SEGMENT, IGNORED FOR OVERLAY PROCESS
    SEGMENT: ?PR?MMI_DQ_WIFI_SLEEP?MMI_WIFI

*** WARNING L16: UNCALLED SEGMENT, IGNORED FOR OVERLAY PROCESS
    SEGMENT: ?PR?MMI_DQ_WIFI_ADD_PASSWORD?MMI_WIFI

*** WARNING L16: UNCALLED SEGMENT, IGNORED FOR OVERLAY PROCESS
    SEGMENT: ?PR?MMI_DQ_WIFI_DEL_PASSWORD?MMI_WIFI
BL51 BANKED LINKER/LOCATER V6.22.2.0                                                  03/04/2021  15:33:15  PAGE 129



*** WARNING L16: UNCALLED SEGMENT, IGNORED FOR OVERLAY PROCESS
    SEGMENT: ?PR?MMI_DQ_WIFI_ADD_FP?MMI_WIFI

*** WARNING L16: UNCALLED SEGMENT, IGNORED FOR OVERLAY PROCESS
    SEGMENT: ?PR?MMI_DQ_WIFI_DEL_FP?MMI_WIFI

*** WARNING L16: UNCALLED SEGMENT, IGNORED FOR OVERLAY PROCESS
    SEGMENT: ?PR?MMI_DQ_WIFI_OPEN_BY_RFID?MMI_WIFI

*** WARNING L16: UNCALLED SEGMENT, IGNORED FOR OVERLAY PROCESS
    SEGMENT: ?PR?MMI_DQ_WIFI_OPEN_BY_KEY?MMI_WIFI

*** WARNING L16: UNCALLED SEGMENT, IGNORED FOR OVERLAY PROCESS
    SEGMENT: ?PR?MMI_DQ_WIFI_DOOR_CLOSE?MMI_WIFI

*** WARNING L16: UNCALLED SEGMENT, IGNORED FOR OVERLAY PROCESS
    SEGMENT: ?PR?MMI_DQ_WIFI_VIA_ALARM?MMI_WIFI

*** WARNING L16: UNCALLED SEGMENT, IGNORED FOR OVERLAY PROCESS
    SEGMENT: ?PR?MMI_DQ_WIFI_RFID_ALARM?MMI_WIFI

*** WARNING L15: MULTIPLE CALL TO SEGMENT
    SEGMENT: ?PR?_MMI_DQ_AUD_PLAY_WITH_ID?MMI_AUDIO
    CALLER1: ?C_C51STARTUP
    CALLER2: ?PR?TIMER3_ISR?TIMER

*** WARNING L15: MULTIPLE CALL TO SEGMENT
    SEGMENT: ?PR?_DQIOT_DRV_AUDIO_PLAY?DQIOT_DRV_AUDIO
    CALLER1: ?C_C51STARTUP
    CALLER2: ?PR?TIMER3_ISR?TIMER

Program Size: data=19.3 xdata=524 code=22574
LINK/LOCATE RUN COMPLETE.  47 WARNING(S),  0 ERROR(S)
