BL51 BANKED LINKER/LOCATER V6.22.2.0                                                    03/04/2021  14:31:22  PAGE 1


BL51 BANKED LINKER/LOCATER V6.22.2.0, INVOKED BY:
D:\KEIL_V5\C51\BIN\BL51.EXE .\Objects\STARTUP_OB38A08T2.obj, .\Objects\Main.obj, .\Objects\InitROM.obj, .\Objects\Audio.
>> obj, .\Objects\Bsp.obj, .\Objects\Fps.obj, .\Objects\I2C.obj, .\Objects\Led.obj, .\Objects\Timer.obj, .\Objects\Touch
>> .obj, .\Objects\UART0.obj, .\Objects\EEPROM.obj, .\Objects\ADC.obj, .\Objects\dqiot_fp_sy.obj, .\Objects\mmi_fps.obj 
>> TO .\Objects\DS05 PRINT (.\Listings\DS05.m51) RAMSIZE (256)


MEMORY MODEL: LARGE WITH FLOATING POINT ARITHMETIC


INPUT MODULES INCLUDED:
  .\Objects\STARTUP_OB38A08T2.obj (?C_STARTUP)
  .\Objects\Main.obj (MAIN)
  .\Objects\InitROM.obj (INITROM)
  .\Objects\Audio.obj (AUDIO)
  .\Objects\Bsp.obj (BSP)
  .\Objects\Fps.obj (FPS)
  .\Objects\I2C.obj (I2C)
  .\Objects\Led.obj (LED)
  .\Objects\Timer.obj (TIMER)
  .\Objects\Touch.obj (TOUCH)
  .\Objects\UART0.obj (UART0)
  .\Objects\EEPROM.obj (EEPROM)
  .\Objects\ADC.obj (ADC)
  .\Objects\dqiot_fp_sy.obj (DQIOT_FP_SY)
  .\Objects\mmi_fps.obj (MMI_FPS)
  D:\KEIL_V5\C51\LIB\C51FPL.LIB (?C?FPMUL)
  D:\KEIL_V5\C51\LIB\C51FPL.LIB (?C?FPCMP)
  D:\KEIL_V5\C51\LIB\C51FPL.LIB (?C?FCAST)
  D:\KEIL_V5\C51\LIB\C51FPL.LIB (?C?FPGETOPN)
  D:\KEIL_V5\C51\LIB\C51L.LIB (?C_INIT)
  D:\KEIL_V5\C51\LIB\C51L.LIB (?C?CLDOPTR)
  D:\KEIL_V5\C51\LIB\C51L.LIB (?C?CSTOPTR)
  D:\KEIL_V5\C51\LIB\C51L.LIB (?C?IILDX)
  D:\KEIL_V5\C51\LIB\C51L.LIB (?C?ISTPTR)
  D:\KEIL_V5\C51\LIB\C51L.LIB (?C?ULDIV)
  D:\KEIL_V5\C51\LIB\C51L.LIB (?C?LNEG)
  D:\KEIL_V5\C51\LIB\C51L.LIB (?C?ULSHR)
  D:\KEIL_V5\C51\LIB\C51L.LIB (?C?LSTXDATA)
  D:\KEIL_V5\C51\LIB\C51L.LIB (?C?LSTKXDATA)
  D:\KEIL_V5\C51\LIB\C51L.LIB (?C?LSTKPTR)
  D:\KEIL_V5\C51\LIB\C51L.LIB (?C?LSTKIDATA)
  D:\KEIL_V5\C51\LIB\C51L.LIB (?C?LSTKPDATA)


LINK MAP OF MODULE:  .\Objects\DS05 (?C_STARTUP)


            TYPE    BASE      LENGTH    RELOCATION   SEGMENT NAME
            -----------------------------------------------------

            * * * * * * *   D A T A   M E M O R Y   * * * * * * *
            REG     0000H     0008H     ABSOLUTE     "REG BANK 0"
            REG     0008H     0008H     ABSOLUTE     "REG BANK 1"
                    0010H     0010H                  *** GAP ***
            DATA    0020H     0002H     BIT_ADDR     ?BA?TOUCH
            BIT     0022H.0   0000H.1   UNIT         ?BI?UART0
            BIT     0022H.1   0000H.1   UNIT         ?BI?ADC
BL51 BANKED LINKER/LOCATER V6.22.2.0                                                  03/04/2021  14:31:22  PAGE 2


                    0022H.2   0000H.6                *** GAP ***
            IDATA   0023H     0001H     UNIT         ?STACK

            * * * * * * *  X D A T A   M E M O R Y  * * * * * * *
            XDATA   0000H     001BH     UNIT         _XDATA_GROUP_
            XDATA   001BH     0019H     UNIT         ?XD?DQIOT_FP_SY
            XDATA   0034H     0017H     UNIT         ?XD?AUDIO
            XDATA   004BH     0015H     UNIT         ?XD?UART0
            XDATA   0060H     0010H     UNIT         ?XD?FPS
            XDATA   0070H     0008H     UNIT         ?XD?MAIN
            XDATA   0078H     0006H     UNIT         ?XD?_I2C_MASTER_READ_DATA?I2C
            XDATA   007EH     0005H     UNIT         ?XD?_PS_AUTOENROLL?DQIOT_FP_SY
            XDATA   0083H     0005H     UNIT         ?XD?_PS_AUTOIDENTIFY?DQIOT_FP_SY
            XDATA   0088H     0005H     UNIT         ?XD?MMI_FPS
            XDATA   008DH     0004H     UNIT         ?XD?_PS_VALIDTEMPLETENUM?DQIOT_FP_SY
            XDATA   0091H     0004H     UNIT         ?XD?_MMI_DQ_FP_HIGH_SPEED_SEARCH?MMI_FPS
            XDATA   0095H     0003H     UNIT         ?XD?_MMI_DQ_FP_STORE_CHAR?MMI_FPS
            XDATA   0098H     0002H     UNIT         ?XD?TIMER
            XDATA   009AH     0002H     UNIT         ?XD?ADC
            XDATA   009CH     0001H     UNIT         ?XD?FPS_TEST?FPS
            XDATA   009DH     0001H     UNIT         ?XD?TOUCH
            XDATA   009EH     0001H     UNIT         ?XD?PS_SLEEP?DQIOT_FP_SY
            XDATA   009FH     0001H     UNIT         ?XD?_MMI_DQ_FP_GEN_CHAR?MMI_FPS

            * * * * * * *   C O D E   M E M O R Y   * * * * * * *
            CODE    0000H     0003H     ABSOLUTE     
            CODE    0003H     0008H     UNIT         ?PR?_UART0_TX?UART0
            CODE    000BH     0003H     ABSOLUTE     
            CODE    000EH     0005H     UNIT         ?PR?MMI_DQ_FP_GET_IMAGE?MMI_FPS
            CODE    0013H     0003H     ABSOLUTE     
            CODE    0016H     0005H     UNIT         ?PR?MMI_DQ_FP_MATCH?MMI_FPS
            CODE    001BH     0003H     ABSOLUTE     
            CODE    001EH     0005H     UNIT         ?PR?MMI_DQ_FP_REG_MODULE?MMI_FPS
            CODE    0023H     0003H     ABSOLUTE     
            CODE    0026H     002CH     UNIT         ?PR?TIMER1_ISR?TIMER
                    0052H     0001H                  *** GAP ***
            CODE    0053H     0003H     ABSOLUTE     
            CODE    0056H     0035H     UNIT         ?PR?UART0_INIT?UART0
            CODE    008BH     0003H     ABSOLUTE     
            CODE    008EH     000CH     UNIT         ?PR?_LED_OFF?LED
                    009AH     0001H                  *** GAP ***
            CODE    009BH     0003H     ABSOLUTE     
            CODE    009EH     0403H     UNIT         ?C?LIB_CODE
            CODE    04A1H     01D3H     UNIT         ?PR?_ADD_FR?MMI_FPS
            CODE    0674H     0163H     UNIT         ?PR?_DEL_FR?MMI_FPS
            CODE    07D7H     012FH     UNIT         ?PR?_JUDGESTR?DQIOT_FP_SY
            CODE    0906H     00FFH     UNIT         ?PR?MAIN?MAIN
            CODE    0A05H     00CBH     UNIT         ?PR?_FP_LIGHT?DQIOT_FP_SY
            CODE    0AD0H     00AAH     UNIT         ?PR?TOUCH_NORMAL?TOUCH
            CODE    0B7AH     00A3H     UNIT         ?PR?_PS_HIGHSPEEDSEARCH?DQIOT_FP_SY
            CODE    0C1DH     009AH     UNIT         ?C_C51STARTUP
            CODE    0CB7H     0099H     UNIT         ?PR?AUDIO_SELECT_HANDLE_IN_TIMER?AUDIO
            CODE    0D50H     0098H     UNIT         ?PR?AUDIO_TIMER_EVENT_HANDLER?AUDIO
            CODE    0DE8H     0074H     UNIT         ?PR?_GET_ADC_AVERAGE?ADC
            CODE    0E5CH     006FH     UNIT         ?C_INITSEG
            CODE    0ECBH     006CH     UNIT         ?PR?_AUDIO_PLAY?AUDIO
            CODE    0F37H     0066H     UNIT         ?PR?ADC_VOLT?ADC
BL51 BANKED LINKER/LOCATER V6.22.2.0                                                  03/04/2021  14:31:22  PAGE 3


            CODE    0F9DH     0066H     UNIT         ?PR?_PS_STORECHAR?DQIOT_FP_SY
            CODE    1003H     0066H     UNIT         ?PR?_PS_DELETCHAR?DQIOT_FP_SY
            CODE    1069H     0064H     UNIT         ?PR?_MMI_DQ_FP_HIGH_SPEED_SEARCH?MMI_FPS
            CODE    10CDH     0063H     UNIT         ?PR?_I2C_MASTER_READ_DATA?I2C
            CODE    1130H     005AH     UNIT         ?PR?_PS_AUTOENROLL?DQIOT_FP_SY
            CODE    118AH     005AH     UNIT         ?PR?_PS_AUTOIDENTIFY?DQIOT_FP_SY
            CODE    11E4H     0059H     UNIT         ?PR?_PS_VALIDTEMPLETENUM?DQIOT_FP_SY
            CODE    123DH     0051H     UNIT         ?PR?AUDIO_STOP?AUDIO
            CODE    128EH     004DH     UNIT         ?PR?_MMI_DQ_FP_STORE_CHAR?MMI_FPS
            CODE    12DBH     0049H     UNIT         ?PR?PRESS_FR?MMI_FPS
            CODE    1324H     0046H     UNIT         ?PR?AS608_PACKHEAD?DQIOT_FP_SY
            CODE    136AH     0045H     UNIT         ?PR?INT1_ISR?MAIN
            CODE    13AFH     0042H     UNIT         ?PR?_SENDCHECK?DQIOT_FP_SY
            CODE    13F1H     0041H     UNIT         ?PR?UART0_ISR?UART0
            CODE    1432H     0041H     UNIT         ?PR?_PS_HANDSHAKE?DQIOT_FP_SY
            CODE    1473H     003FH     UNIT         ?PR?_MMI_DQ_FP_GEN_CHAR?MMI_FPS
            CODE    14B2H     003BH     UNIT         ?PR?WDT_ISR?MAIN
            CODE    14EDH     003BH     UNIT         ?PR?TIMER0_ISR?TIMER
            CODE    1528H     003AH     UNIT         ?PR?_PS_GENCHAR?DQIOT_FP_SY
            CODE    1562H     0036H     UNIT         ?PR?_IIC_MASTER_READ_BYTE?I2C
            CODE    1598H     0034H     UNIT         ?PR?_I2C_MASTER_WRITE_DATA?I2C
            CODE    15CCH     0033H     UNIT         ?PR?_IIC_MASTER_WRITE_BYTE?I2C
            CODE    15FFH     0031H     UNIT         ?PR?ADCINTERRUPT?ADC
            CODE    1630H     002BH     UNIT         ?PR?FPS_TEST?FPS
            CODE    165BH     0028H     UNIT         ?PR?PS_GETIMAGE?DQIOT_FP_SY
            CODE    1683H     0026H     UNIT         ?PR?BSP_SLEEP?BSP
            CODE    16A9H     0025H     UNIT         ?PR?PS_MATCH?DQIOT_FP_SY
            CODE    16CEH     0025H     UNIT         ?PR?PS_SLEEP?DQIOT_FP_SY
            CODE    16F3H     0023H     UNIT         ?PR?PS_REGMODEL?DQIOT_FP_SY
            CODE    1716H     0023H     UNIT         ?PR?PS_EMPTY?DQIOT_FP_SY
            CODE    1739H     0020H     UNIT         ?PR?LED_INIT?LED
            CODE    1759H     0020H     UNIT         ?PR?PS_GETECHO?DQIOT_FP_SY
            CODE    1779H     001FH     UNIT         ?PR?TOUCH_ISR?TOUCH
            CODE    1798H     001DH     UNIT         ?PR?_SENDLENGTH?DQIOT_FP_SY
            CODE    17B5H     001CH     UNIT         ?PR?_TIMER1_DELAY?TIMER
            CODE    17D1H     001BH     UNIT         ?PR?BSP_INIT?BSP
            CODE    17ECH     0019H     UNIT         ?PR?IIC_MASTER_START?I2C
            CODE    1805H     0018H     UNIT         ?PR?_ROM_1BYTEPROGRAM?EEPROM
            CODE    181DH     0017H     UNIT         ?PR?AUDIO_INIT?AUDIO
            CODE    1834H     0016H     UNIT         ?PR?TIMER_INIT?TIMER
            CODE    184AH     0015H     UNIT         ?PR?DELAY_US?I2C
            CODE    185FH     0015H     UNIT         ?PR?MMI_DQ_FP_WORK?MMI_FPS
            CODE    1874H     0014H     UNIT         ?PR?_AS608_SENDDATA?DQIOT_FP_SY
            CODE    1888H     0013H     UNIT         ?PR?INT1_INIT?BSP
            CODE    189BH     0013H     UNIT         ?PR?ADC?ADC
            CODE    18AEH     0012H     UNIT         ?PR?_WRITE_EEPROM?EEPROM
            CODE    18C0H     0011H     UNIT         ?PR?I2C_MASTER_INIT?I2C
            CODE    18D1H     0011H     UNIT         ?PR?ISP_ENABLE?EEPROM
            CODE    18E2H     0011H     UNIT         ?PR?ISP_DISABLE?EEPROM
            CODE    18F3H     0011H     UNIT         ?PR?ADC_READ12?ADC
            CODE    1904H     0010H     UNIT         ?PR?_READ_EEPROM?EEPROM
            CODE    1914H     000BH     UNIT         ?PR?ADC_INIT?ADC
            CODE    191FH     000AH     UNIT         ?PR?IIC_MASTER_STOP?I2C
            CODE    1929H     0009H     UNIT         ?PR?FPS_INIT?FPS
            CODE    1932H     0008H     UNIT         ?PR?_ROM_BYTEREAD?EEPROM
            CODE    193AH     0008H     UNIT         ?PR?_GET_ADC_DATA?ADC
            CODE    1942H     0007H     UNIT         ?PR?_LED_ON?LED
BL51 BANKED LINKER/LOCATER V6.22.2.0                                                  03/04/2021  14:31:22  PAGE 4


            CODE    1949H     0007H     UNIT         ?PR?_MMI_DQ_FP_DELETE?MMI_FPS
            CODE    1950H     0006H     UNIT         ?PR?TOUCH_GETINPUT?TOUCH
            CODE    1956H     0006H     UNIT         ?PR?_ADC_START?ADC
            CODE    195CH     0006H     UNIT         ?PR?FP_GET_LIGHT?DQIOT_FP_SY
            CODE    1962H     0006H     UNIT         ?PR?MMI_DQ_FP_GET_PIN?MMI_FPS
            CODE    1968H     0005H     UNIT         ?PR?MMI_DQ_FP_EMPTY?MMI_FPS
            CODE    196DH     0005H     UNIT         ?PR?_MMI_DQ_FP_GET_VALID_TEMPLETE?MMI_FPS
            CODE    1972H     0005H     UNIT         ?PR?MMI_DQ_FP_GET_LIGHT?MMI_FPS
            CODE    1977H     0003H     UNIT         ?PR?BSP_WAKEUP?BSP
            CODE    197AH     0003H     UNIT         ?PR?TIMER0_START?TIMER
            CODE    197DH     0003H     UNIT         ?PR?TIMER0_STOP?TIMER
            CODE    1980H     0003H     UNIT         ?PR?TOUCH_AUTO_SET_COUNTER_LIMIT_RANGE?TOUCH
            CODE    1983H     0003H     UNIT         ?PR?TOUCH_INIT?TOUCH
            CODE    1986H     0003H     UNIT         ?PR?_SENDFLAG?DQIOT_FP_SY
            CODE    1989H     0003H     UNIT         ?PR?_SENDCMD?DQIOT_FP_SY
            CODE    198CH     0003H     UNIT         ?PR?PS_RESET?DQIOT_FP_SY
            CODE    198FH     0003H     UNIT         ?PR?MMI_DQ_FP_GET_FP_MODE?MMI_FPS
            CODE    1992H     0003H     UNIT         ?PR?_MMI_DQ_FP_LIGHT?MMI_FPS
                    1995H     059BH                  *** GAP ***
            CODE    1F30H     0001H     ABSOLUTE     
            CODE    1F31H     0001H     ABSOLUTE     
            CODE    1F32H     0001H     ABSOLUTE     
            CODE    1F33H     0001H     ABSOLUTE     
            CODE    1F34H     0001H     ABSOLUTE     
            CODE    1F35H     0001H     ABSOLUTE     
                    1F36H     0001H                  *** GAP ***
            CODE    1F37H     0001H     ABSOLUTE     
            CODE    1F38H     0001H     ABSOLUTE     
            CODE    1F39H     0001H     ABSOLUTE     
            CODE    1F3AH     0001H     ABSOLUTE     
            CODE    1F3BH     0001H     ABSOLUTE     
            CODE    1F3CH     0001H     ABSOLUTE     
            CODE    1F3DH     0001H     ABSOLUTE     
            CODE    1F3EH     0001H     ABSOLUTE     
            CODE    1F3FH     0001H     ABSOLUTE     
            CODE    1F40H     0001H     ABSOLUTE     
            CODE    1F41H     0001H     ABSOLUTE     
            CODE    1F42H     0001H     ABSOLUTE     
            CODE    1F43H     0001H     ABSOLUTE     
            CODE    1F44H     0001H     ABSOLUTE     
            CODE    1F45H     0001H     ABSOLUTE     
            CODE    1F46H     0001H     ABSOLUTE     
            CODE    1F47H     0001H     ABSOLUTE     
            CODE    1F48H     0001H     ABSOLUTE     
            CODE    1F49H     0001H     ABSOLUTE     
            CODE    1F4AH     0001H     ABSOLUTE     
            CODE    1F4BH     0001H     ABSOLUTE     
                    1F4CH     0004H                  *** GAP ***
            CODE    1F50H     0001H     ABSOLUTE     
            CODE    1F51H     0001H     ABSOLUTE     
            CODE    1F52H     0001H     ABSOLUTE     
            CODE    1F53H     0001H     ABSOLUTE     
            CODE    1F54H     0001H     ABSOLUTE     
            CODE    1F55H     0001H     ABSOLUTE     
            CODE    1F56H     0001H     ABSOLUTE     
            CODE    1F57H     0001H     ABSOLUTE     
            CODE    1F58H     0001H     ABSOLUTE     
BL51 BANKED LINKER/LOCATER V6.22.2.0                                                  03/04/2021  14:31:22  PAGE 5


            CODE    1F59H     0001H     ABSOLUTE     
            CODE    1F5AH     0001H     ABSOLUTE     
            CODE    1F5BH     0001H     ABSOLUTE     
            CODE    1F5CH     0001H     ABSOLUTE     
            CODE    1F5DH     0001H     ABSOLUTE     
            CODE    1F5EH     0001H     ABSOLUTE     
            CODE    1F5FH     0001H     ABSOLUTE     
            CODE    1F60H     0010H     ABSOLUTE     
            CODE    1F70H     0010H     ABSOLUTE     
            CODE    1F80H     0018H     ABSOLUTE     
                    1F98H     0008H                  *** GAP ***
            CODE    1FA0H     0030H     ABSOLUTE     
            CODE    1FD0H     0030H     ABSOLUTE     



OVERLAY MAP OF MODULE:   .\Objects\DS05 (?C_STARTUP)


SEGMENT                                            XDATA_GROUP
  +--> CALLED SEGMENT                            START    LENGTH
----------------------------------------------------------------
?C_C51STARTUP                                    -----    -----
  +--> ?PR?MAIN?MAIN
  +--> ?C_INITSEG

?PR?MAIN?MAIN                                    0000H    0005H
  +--> ?PR?BSP_INIT?BSP
  +--> ?PR?LED_INIT?LED
  +--> ?PR?TOUCH_INIT?TOUCH
  +--> ?PR?TIMER_INIT?TIMER
  +--> ?PR?AUDIO_INIT?AUDIO
  +--> ?PR?FPS_INIT?FPS
  +--> ?PR?ADC_INIT?ADC
  +--> ?PR?_TIMER1_DELAY?TIMER
  +--> ?PR?_I2C_MASTER_WRITE_DATA?I2C
  +--> ?PR?_LED_ON?LED
  +--> ?PR?ADC_VOLT?ADC
  +--> ?PR?_AUDIO_PLAY?AUDIO
  +--> ?PR?TOUCH_NORMAL?TOUCH
  +--> ?PR?TOUCH_GETINPUT?TOUCH
  +--> ?PR?_FP_LIGHT?DQIOT_FP_SY
  +--> ?PR?_LED_OFF?LED
  +--> ?PR?_ADD_FR?MMI_FPS
  +--> ?PR?_DEL_FR?MMI_FPS
  +--> ?PR?MMI_DQ_FP_WORK?MMI_FPS
  +--> ?PR?PRESS_FR?MMI_FPS

?PR?FPS_INIT?FPS                                 -----    -----
  +--> ?PR?UART0_INIT?UART0

?PR?_I2C_MASTER_WRITE_DATA?I2C                   0005H    0005H
  +--> ?PR?IIC_MASTER_START?I2C
  +--> ?PR?_IIC_MASTER_WRITE_BYTE?I2C
  +--> ?PR?IIC_MASTER_STOP?I2C

?PR?IIC_MASTER_START?I2C                         -----    -----
BL51 BANKED LINKER/LOCATER V6.22.2.0                                                  03/04/2021  14:31:22  PAGE 6


  +--> ?PR?DELAY_US?I2C

?PR?_IIC_MASTER_WRITE_BYTE?I2C                   -----    -----
  +--> ?PR?DELAY_US?I2C

?PR?IIC_MASTER_STOP?I2C                          -----    -----
  +--> ?PR?DELAY_US?I2C

?PR?ADC_VOLT?ADC                                 0005H    0004H
  +--> ?PR?_TIMER1_DELAY?TIMER
  +--> ?PR?_GET_ADC_AVERAGE?ADC

?PR?_GET_ADC_AVERAGE?ADC                         0009H    0007H
  +--> ?PR?_GET_ADC_DATA?ADC
  +--> ?PR?_TIMER1_DELAY?TIMER

?PR?_GET_ADC_DATA?ADC                            0010H    0001H
  +--> ?PR?ADC?ADC

?PR?ADC?ADC                                      -----    -----
  +--> ?PR?_ADC_START?ADC

?PR?_AUDIO_PLAY?AUDIO                            000CH    0002H
  +--> ?PR?TIMER0_START?TIMER

?PR?_FP_LIGHT?DQIOT_FP_SY                        000CH    0003H
  +--> ?PR?AS608_PACKHEAD?DQIOT_FP_SY
  +--> ?PR?_SENDFLAG?DQIOT_FP_SY
  +--> ?PR?_SENDLENGTH?DQIOT_FP_SY
  +--> ?PR?_SENDCMD?DQIOT_FP_SY
  +--> ?PR?_AS608_SENDDATA?DQIOT_FP_SY
  +--> ?PR?_SENDCHECK?DQIOT_FP_SY

?PR?AS608_PACKHEAD?DQIOT_FP_SY                   -----    -----
  +--> ?PR?_AS608_SENDDATA?DQIOT_FP_SY

?PR?_AS608_SENDDATA?DQIOT_FP_SY                  -----    -----
  +--> ?PR?_UART0_TX?UART0

?PR?_SENDFLAG?DQIOT_FP_SY                        -----    -----
  +--> ?PR?_AS608_SENDDATA?DQIOT_FP_SY

?PR?_SENDLENGTH?DQIOT_FP_SY                      0015H    0002H
  +--> ?PR?_AS608_SENDDATA?DQIOT_FP_SY

?PR?_SENDCMD?DQIOT_FP_SY                         -----    -----
  +--> ?PR?_AS608_SENDDATA?DQIOT_FP_SY

?PR?_SENDCHECK?DQIOT_FP_SY                       0015H    0002H
  +--> ?PR?_AS608_SENDDATA?DQIOT_FP_SY

?PR?_ADD_FR?MMI_FPS                              0005H    0007H
  +--> ?PR?_AUDIO_PLAY?AUDIO
  +--> ?PR?PS_GETIMAGE?DQIOT_FP_SY
  +--> ?PR?_PS_GENCHAR?DQIOT_FP_SY
  +--> ?PR?_PS_HIGHSPEEDSEARCH?DQIOT_FP_SY
  +--> ?PR?_FP_LIGHT?DQIOT_FP_SY
BL51 BANKED LINKER/LOCATER V6.22.2.0                                                  03/04/2021  14:31:22  PAGE 7


  +--> ?PR?PS_MATCH?DQIOT_FP_SY
  +--> ?PR?PS_REGMODEL?DQIOT_FP_SY
  +--> ?PR?_PS_STORECHAR?DQIOT_FP_SY
  +--> ?PR?_TIMER1_DELAY?TIMER

?PR?PS_GETIMAGE?DQIOT_FP_SY                      -----    -----
  +--> ?PR?AS608_PACKHEAD?DQIOT_FP_SY
  +--> ?PR?_SENDFLAG?DQIOT_FP_SY
  +--> ?PR?_SENDLENGTH?DQIOT_FP_SY
  +--> ?PR?_SENDCMD?DQIOT_FP_SY
  +--> ?PR?_SENDCHECK?DQIOT_FP_SY
  +--> ?PR?_JUDGESTR?DQIOT_FP_SY

?PR?_JUDGESTR?DQIOT_FP_SY                        0015H    0005H
  +--> ?PR?_TIMER1_DELAY?TIMER

?PR?_PS_GENCHAR?DQIOT_FP_SY                      000CH    0001H
  +--> ?PR?AS608_PACKHEAD?DQIOT_FP_SY
  +--> ?PR?_SENDFLAG?DQIOT_FP_SY
  +--> ?PR?_SENDLENGTH?DQIOT_FP_SY
  +--> ?PR?_SENDCMD?DQIOT_FP_SY
  +--> ?PR?_AS608_SENDDATA?DQIOT_FP_SY
  +--> ?PR?_SENDCHECK?DQIOT_FP_SY
  +--> ?PR?_JUDGESTR?DQIOT_FP_SY

?PR?_PS_HIGHSPEEDSEARCH?DQIOT_FP_SY              000CH    0009H
  +--> ?PR?AS608_PACKHEAD?DQIOT_FP_SY
  +--> ?PR?_SENDFLAG?DQIOT_FP_SY
  +--> ?PR?_SENDLENGTH?DQIOT_FP_SY
  +--> ?PR?_SENDCMD?DQIOT_FP_SY
  +--> ?PR?_AS608_SENDDATA?DQIOT_FP_SY
  +--> ?PR?_SENDCHECK?DQIOT_FP_SY
  +--> ?PR?_JUDGESTR?DQIOT_FP_SY

?PR?PS_MATCH?DQIOT_FP_SY                         -----    -----
  +--> ?PR?AS608_PACKHEAD?DQIOT_FP_SY
  +--> ?PR?_SENDFLAG?DQIOT_FP_SY
  +--> ?PR?_SENDLENGTH?DQIOT_FP_SY
  +--> ?PR?_SENDCMD?DQIOT_FP_SY
  +--> ?PR?_SENDCHECK?DQIOT_FP_SY
  +--> ?PR?_JUDGESTR?DQIOT_FP_SY

?PR?PS_REGMODEL?DQIOT_FP_SY                      -----    -----
  +--> ?PR?AS608_PACKHEAD?DQIOT_FP_SY
  +--> ?PR?_SENDFLAG?DQIOT_FP_SY
  +--> ?PR?_SENDLENGTH?DQIOT_FP_SY
  +--> ?PR?_SENDCMD?DQIOT_FP_SY
  +--> ?PR?_SENDCHECK?DQIOT_FP_SY
  +--> ?PR?_JUDGESTR?DQIOT_FP_SY

?PR?_PS_STORECHAR?DQIOT_FP_SY                    000CH    0003H
  +--> ?PR?AS608_PACKHEAD?DQIOT_FP_SY
  +--> ?PR?_SENDFLAG?DQIOT_FP_SY
  +--> ?PR?_SENDLENGTH?DQIOT_FP_SY
  +--> ?PR?_SENDCMD?DQIOT_FP_SY
  +--> ?PR?_AS608_SENDDATA?DQIOT_FP_SY
  +--> ?PR?_SENDCHECK?DQIOT_FP_SY
BL51 BANKED LINKER/LOCATER V6.22.2.0                                                  03/04/2021  14:31:22  PAGE 8


  +--> ?PR?_JUDGESTR?DQIOT_FP_SY

?PR?_DEL_FR?MMI_FPS                              0005H    0007H
  +--> ?PR?PS_EMPTY?DQIOT_FP_SY
  +--> ?PR?_AUDIO_PLAY?AUDIO
  +--> ?PR?PS_GETIMAGE?DQIOT_FP_SY
  +--> ?PR?_PS_GENCHAR?DQIOT_FP_SY
  +--> ?PR?_PS_HIGHSPEEDSEARCH?DQIOT_FP_SY
  +--> ?PR?_FP_LIGHT?DQIOT_FP_SY
  +--> ?PR?_PS_DELETCHAR?DQIOT_FP_SY
  +--> ?PR?_TIMER1_DELAY?TIMER

?PR?PS_EMPTY?DQIOT_FP_SY                         -----    -----
  +--> ?PR?AS608_PACKHEAD?DQIOT_FP_SY
  +--> ?PR?_SENDFLAG?DQIOT_FP_SY
  +--> ?PR?_SENDLENGTH?DQIOT_FP_SY
  +--> ?PR?_SENDCMD?DQIOT_FP_SY
  +--> ?PR?_SENDCHECK?DQIOT_FP_SY
  +--> ?PR?_JUDGESTR?DQIOT_FP_SY

?PR?_PS_DELETCHAR?DQIOT_FP_SY                    000CH    0004H
  +--> ?PR?AS608_PACKHEAD?DQIOT_FP_SY
  +--> ?PR?_SENDFLAG?DQIOT_FP_SY
  +--> ?PR?_SENDLENGTH?DQIOT_FP_SY
  +--> ?PR?_SENDCMD?DQIOT_FP_SY
  +--> ?PR?_AS608_SENDDATA?DQIOT_FP_SY
  +--> ?PR?_SENDCHECK?DQIOT_FP_SY
  +--> ?PR?_JUDGESTR?DQIOT_FP_SY

?PR?PRESS_FR?MMI_FPS                             0005H    0005H
  +--> ?PR?PS_GETIMAGE?DQIOT_FP_SY
  +--> ?PR?_PS_GENCHAR?DQIOT_FP_SY
  +--> ?PR?_PS_HIGHSPEEDSEARCH?DQIOT_FP_SY
  +--> ?PR?_AUDIO_PLAY?AUDIO
  +--> ?PR?_FP_LIGHT?DQIOT_FP_SY

*** NEW ROOT ***************************************************

?PR?INT1_ISR?MAIN                                -----    -----
  +--> ?PR?_LED_OFF?LED
  +--> ?PR?_LED_ON?LED

*** NEW ROOT ***************************************************

?PR?TIMER0_ISR?TIMER                             -----    -----
  +--> ?PR?AUDIO_TIMER_EVENT_HANDLER?AUDIO

?PR?AUDIO_TIMER_EVENT_HANDLER?AUDIO              001AH    0001H
  +--> ?PR?TIMER0_STOP?TIMER
  +--> ?PR?AUDIO_SELECT_HANDLE_IN_TIMER?AUDIO

*** NEW ROOT ***************************************************

?PR?ADCINTERRUPT?ADC                             -----    -----
  +--> ?PR?ADC_READ12?ADC


BL51 BANKED LINKER/LOCATER V6.22.2.0                                                  03/04/2021  14:31:22  PAGE 9



SYMBOL TABLE OF MODULE:  .\Objects\DS05 (?C_STARTUP)

  VALUE           TYPE          NAME
  ----------------------------------

  -------         MODULE        ?C_STARTUP
  C:0C1DH         SEGMENT       ?C_C51STARTUP
  I:0023H         SEGMENT       ?STACK
  C:0000H         PUBLIC        ?C_STARTUP
  D:00E0H         SYMBOL        ACC
  D:00F0H         SYMBOL        B
  D:0083H         SYMBOL        DPH
  D:0082H         SYMBOL        DPL
  N:0000H         SYMBOL        IBPSTACK
  N:0100H         SYMBOL        IBPSTACKTOP
  N:0100H         SYMBOL        IDATALEN
  C:0C20H         SYMBOL        IDATALOOP
  N:0000H         SYMBOL        PBPSTACK
  N:0100H         SYMBOL        PBPSTACKTOP
  N:0000H         SYMBOL        PDATALEN
  N:0000H         SYMBOL        PDATASTART
  N:0000H         SYMBOL        PPAGE
  N:0000H         SYMBOL        PPAGEENABLE
  D:00A0H         SYMBOL        PPAGE_SFR
  D:0081H         SYMBOL        SP
  C:0C1DH         SYMBOL        STARTUP1
  N:0000H         SYMBOL        XBPSTACK
  N:0000H         SYMBOL        XBPSTACKTOP
  N:0400H         SYMBOL        XDATALEN
  C:0C2BH         SYMBOL        XDATALOOP
  N:0000H         SYMBOL        XDATASTART
  C:0000H         LINE#         126
  C:0C1DH         LINE#         133
  C:0C1FH         LINE#         134
  C:0C20H         LINE#         135
  C:0C21H         LINE#         136
  C:0C23H         LINE#         140
  C:0C26H         LINE#         141
  C:0C28H         LINE#         145
  C:0C2AH         LINE#         147
  C:0C2BH         LINE#         148
  C:0C2CH         LINE#         149
  C:0C2DH         LINE#         150
  C:0C2FH         LINE#         151
  C:0C31H         LINE#         185
  C:0C34H         LINE#         196
  -------         ENDMOD        ?C_STARTUP

  -------         MODULE        MAIN
  C:0000H         SYMBOL        _ICE_DUMMY_
  D:0080H         PUBLIC        P0
  D:0090H         PUBLIC        P1
  D:00A0H         PUBLIC        P2
  D:00B0H         PUBLIC        P3
  D:00A8H         PUBLIC        IEN0
  D:00B8H         PUBLIC        IEN1
BL51 BANKED LINKER/LOCATER V6.22.2.0                                                  03/04/2021  14:31:22  PAGE 10


  X:0070H         SYMBOL        AS608_Addr
  B:00A0H.6       PUBLIC        P2_6
  C:0906H         PUBLIC        main
  D:0098H         PUBLIC        SCON
  D:0088H         PUBLIC        TCON
  C:14B2H         PUBLIC        WDT_ISR
  D:00E0H         PUBLIC        ACC
  D:00F8H         PUBLIC        IIC0S
  X:0074H         PUBLIC        c_data
  D:00E6H         PUBLIC        LVC
  C:136AH         PUBLIC        INT1_ISR
  X:0077H         PUBLIC        touch_t
  D:00D0H         PUBLIC        PSW
  D:00C0H         PUBLIC        IRCON
  -------         PROC          WDT_ISR
  C:14B2H         LINE#         17
  C:14CFH         LINE#         19
  C:14D2H         LINE#         20
  -------         ENDPROC       WDT_ISR
  -------         PROC          INT1_ISR
  C:136AH         LINE#         22
  C:1387H         LINE#         24
  C:138CH         LINE#         25
  C:138CH         LINE#         26
  C:138FH         LINE#         27
  C:1391H         LINE#         29
  C:1391H         LINE#         30
  C:1394H         LINE#         31
  C:1394H         LINE#         32
  -------         ENDPROC       INT1_ISR
  -------         PROC          MAIN
  -------         DO            
  X:0000H         SYMBOL        num
  X:0002H         SYMBOL        state
  X:0003H         SYMBOL        ID
  -------         ENDDO         
  C:0906H         LINE#         35
  C:0906H         LINE#         36
  C:0906H         LINE#         37
  C:090DH         LINE#         38
  C:090FH         LINE#         39
  C:0913H         LINE#         41
  C:0916H         LINE#         42
  C:0919H         LINE#         43
  C:091CH         LINE#         44
  C:091FH         LINE#         45
  C:0922H         LINE#         46
  C:0925H         LINE#         47
  C:0928H         LINE#         49
  C:092BH         LINE#         74
  C:0932H         LINE#         75
  C:0943H         LINE#         77
  C:094AH         LINE#         78
  C:095BH         LINE#         80
  C:0960H         LINE#         82
  C:0968H         LINE#         83
  C:0971H         LINE#         84
BL51 BANKED LINKER/LOCATER V6.22.2.0                                                  03/04/2021  14:31:22  PAGE 11


  C:0971H         LINE#         86
  C:0976H         LINE#         87
  C:097EH         LINE#         88
  C:097EH         LINE#         89
  C:0983H         LINE#         90
  C:0983H         LINE#         91
  C:0983H         LINE#         93
  C:0983H         LINE#         94
  C:0983H         LINE#         95
  C:0986H         LINE#         97
  C:098DH         LINE#         98
  C:098DH         LINE#         99
  C:0992H         LINE#         100
  C:0998H         LINE#         101
  C:099DH         LINE#         102
  C:09ABH         LINE#         103
  C:09ADH         LINE#         104
  C:09B7H         LINE#         105
  C:09B7H         LINE#         106
  C:09BFH         LINE#         107
  C:09C4H         LINE#         109
  C:09CCH         LINE#         110
  C:09D7H         LINE#         111
  C:09DFH         LINE#         112
  C:09E5H         LINE#         113
  C:09EDH         LINE#         114
  C:09F2H         LINE#         118
  C:09F9H         LINE#         119
  C:09F9H         LINE#         121
  C:09FFH         LINE#         122
  C:0A02H         LINE#         137
  -------         ENDPROC       MAIN
  -------         ENDMOD        MAIN

  -------         MODULE        INITROM
  C:1F4BH         PUBLIC        CO_ALG
  C:1F4AH         PUBLIC        CO_AUX
  C:1F60H         PUBLIC        CO_DEBOUNCE
  C:1F47H         PUBLIC        CO_GKWKCNT
  C:1F51H         PUBLIC        CO_GP0S0
  C:1F50H         PUBLIC        CO_GP0S1
  C:1F53H         PUBLIC        CO_GP1S0
  C:1F52H         PUBLIC        CO_GP1S1
  C:1F55H         PUBLIC        CO_GP2S0
  C:1F54H         PUBLIC        CO_GP2S1
  C:1F57H         PUBLIC        CO_GP3S0
  C:1F56H         PUBLIC        CO_GP3S1
  C:1F59H         PUBLIC        CO_GP4S0
  C:1F58H         PUBLIC        CO_GP4S1
  C:1F5BH         PUBLIC        CO_GP5S0
  C:1F5AH         PUBLIC        CO_GP5S1
  C:1F5DH         PUBLIC        CO_GP6S0
  C:1F5CH         PUBLIC        CO_GP6S1
  C:1F5FH         PUBLIC        CO_GP7S0
  C:1F5EH         PUBLIC        CO_GP7S1
  C:1F48H         PUBLIC        CO_GPUCNT
  C:1F3FH         PUBLIC        CO_KEYSCANNUM
BL51 BANKED LINKER/LOCATER V6.22.2.0                                                  03/04/2021  14:31:22  PAGE 12


  C:1F3EH         PUBLIC        CO_PDGPEN
  C:1F3BH         PUBLIC        CO_PSMODE
  C:1FA0H         PUBLIC        CO_RAWMAX
  C:1FD0H         PUBLIC        CO_RAWMIN
  C:1F70H         PUBLIC        CO_RELEASE
  C:1F80H         PUBLIC        CO_SENSITIVITY
  C:1F49H         PUBLIC        CO_SKUCNT
  C:1F3AH         PUBLIC        CO_SKWKCNT
  C:1F37H         PUBLIC        CO_TKCON
  C:1F41H         PUBLIC        CO_TKDC
  C:1F34H         PUBLIC        CO_TKEN0
  C:1F35H         PUBLIC        CO_TKEN1
  C:1F42H         PUBLIC        CO_TKFC0
  C:1F43H         PUBLIC        CO_TKFC1
  C:1F45H         PUBLIC        CO_TKFC2
  C:1F46H         PUBLIC        CO_TKFC3
  C:1F44H         PUBLIC        CO_TKFC4
  C:1F39H         PUBLIC        CO_TKPSSR
  C:1F40H         PUBLIC        CO_TKRVC
  C:1F38H         PUBLIC        CO_TKSW
  C:1F3CH         PUBLIC        CO_WKTKEN0
  C:1F3DH         PUBLIC        CO_WKTKEN1
  C:1F30H         PUBLIC        _TOUCH_INITROM
  -------         ENDMOD        INITROM

  -------         MODULE        AUDIO
  C:0000H         SYMBOL        _ICE_DUMMY_
  D:00D4H         PUBLIC        P1M0
  D:00D3H         PUBLIC        P0M1
  D:00D5H         PUBLIC        P1M1
  D:0080H         PUBLIC        P0
  D:0090H         PUBLIC        P1
  D:00A0H         PUBLIC        P2
  D:00B0H         PUBLIC        P3
  C:0CB7H         PUBLIC        Audio_Select_Handle_in_Timer
  D:00A8H         PUBLIC        IEN0
  D:00B8H         PUBLIC        IEN1
  B:0080H.0       PUBLIC        P0_0
  B:0080H.1       PUBLIC        P0_1
  X:0034H         PUBLIC        audio_flag
  B:0090H.6       PUBLIC        P1_6
  X:0035H         PUBLIC        audio_time_count
  D:0098H         PUBLIC        SCON
  D:0088H         PUBLIC        TCON
  C:0D50H         PUBLIC        Audio_timer_event_handler
  D:00E0H         PUBLIC        ACC
  D:00F8H         PUBLIC        IIC0S
  C:181DH         PUBLIC        Audio_Init
  X:0036H         SYMBOL        audio_cache
  C:0ECBH         PUBLIC        _Audio_Play
  X:004AH         PUBLIC        audio_section
  D:00D0H         PUBLIC        PSW
  D:00C0H         PUBLIC        IRCON
  C:123DH         PUBLIC        Audio_Stop
  D:00D2H         PUBLIC        P0M0
  -------         PROC          AUDIO_INIT
  C:181DH         LINE#         28
BL51 BANKED LINKER/LOCATER V6.22.2.0                                                  03/04/2021  14:31:22  PAGE 13


  C:181DH         LINE#         29
  C:181DH         LINE#         30
  C:1823H         LINE#         31
  C:1829H         LINE#         32
  C:182FH         LINE#         34
  C:1831H         LINE#         35
  C:1833H         LINE#         36
  -------         ENDPROC       AUDIO_INIT
  -------         PROC          _AUDIO_PLAY
  X:000CH         SYMBOL        aud_id
  -------         DO            
  X:000DH         SYMBOL        i
  -------         ENDDO         
  C:0ECBH         LINE#         39
  C:0ED0H         LINE#         40
  C:0ED0H         LINE#         41
  C:0ED3H         LINE#         42
  C:0EDCH         LINE#         43
  C:0EDCH         LINE#         44
  C:0EDEH         LINE#         45
  C:0EE6H         LINE#         46
  C:0EEBH         LINE#         47
  C:0EEEH         LINE#         48
  C:0EEEH         LINE#         50
  C:0EEEH         LINE#         51
  C:0F04H         LINE#         52
  C:0F04H         LINE#         53
  C:0F11H         LINE#         54
  C:0F11H         LINE#         55
  C:0F19H         LINE#         56
  C:0F24H         LINE#         57
  C:0F36H         LINE#         58
  C:0F36H         LINE#         60
  -------         ENDPROC       _AUDIO_PLAY
  -------         PROC          AUDIO_STOP
  -------         DO            
  D:0007H         SYMBOL        i
  -------         ENDDO         
  C:123DH         LINE#         62
  C:123DH         LINE#         63
  C:123DH         LINE#         64
  C:123FH         LINE#         66
  C:1248H         LINE#         69
  C:124BH         LINE#         71
  C:1257H         LINE#         72
  C:1257H         LINE#         73
  C:1263H         LINE#         74
  C:1266H         LINE#         76
  C:1277H         LINE#         77
  C:1277H         LINE#         78
  C:1278H         LINE#         79
  C:127EH         LINE#         80
  C:1281H         LINE#         81
  C:1283H         LINE#         83
  C:1283H         LINE#         84
  C:1284H         LINE#         85
  C:128AH         LINE#         86
BL51 BANKED LINKER/LOCATER V6.22.2.0                                                  03/04/2021  14:31:22  PAGE 14


  C:128AH         LINE#         88
  C:128DH         LINE#         90
  -------         ENDPROC       AUDIO_STOP
  -------         PROC          AUDIO_SELECT_HANDLE_IN_TIMER
  C:0CB7H         LINE#         92
  C:0CB7H         LINE#         93
  C:0CB7H         LINE#         94
  C:0CC2H         LINE#         95
  C:0CC2H         LINE#         96
  C:0CC9H         LINE#         97
  C:0CC9H         LINE#         98
  C:0CCBH         LINE#         99
  C:0CCDH         LINE#         100
  C:0CCFH         LINE#         101
  C:0CD5H         LINE#         102
  C:0CD5H         LINE#         103
  C:0CD7H         LINE#         104
  C:0CD9H         LINE#         105
  C:0CE4H         LINE#         106
  C:0CE4H         LINE#         107
  C:0CE6H         LINE#         108
  C:0CE6H         LINE#         109
  C:0CECH         LINE#         111
  C:0D0CH         LINE#         112
  C:0D0CH         LINE#         113
  C:0D0CH         LINE#         114
  C:0D0CH         LINE#         115
  C:0D0CH         LINE#         116
  C:0D0CH         LINE#         117
  C:0D0CH         LINE#         118
  C:0D0EH         LINE#         119
  C:0D14H         LINE#         120
  C:0D14H         LINE#         121
  C:0D1DH         LINE#         122
  C:0D1DH         LINE#         123
  C:0D1FH         LINE#         124
  C:0D21H         LINE#         125
  C:0D27H         LINE#         126
  C:0D27H         LINE#         127
  C:0D29H         LINE#         128
  C:0D2BH         LINE#         129
  C:0D31H         LINE#         130
  C:0D31H         LINE#         131
  C:0D33H         LINE#         132
  C:0D33H         LINE#         133
  C:0D39H         LINE#         134
  C:0D43H         LINE#         135
  C:0D43H         LINE#         136
  C:0D45H         LINE#         137
  C:0D47H         LINE#         138
  C:0D49H         LINE#         139
  C:0D4FH         LINE#         140
  C:0D4FH         LINE#         142
  C:0D4FH         LINE#         144
  -------         ENDPROC       AUDIO_SELECT_HANDLE_IN_TIMER
  -------         PROC          AUDIO_TIMER_EVENT_HANDLER
  -------         DO            
BL51 BANKED LINKER/LOCATER V6.22.2.0                                                  03/04/2021  14:31:22  PAGE 15


  X:001AH         SYMBOL        i
  -------         ENDDO         
  C:0D50H         LINE#         146
  C:0D50H         LINE#         147
  C:0D50H         LINE#         148
  C:0D61H         LINE#         149
  C:0D61H         LINE#         151
  C:0D67H         LINE#         152
  C:0D67H         LINE#         153
  C:0D6BH         LINE#         154
  C:0D6EH         LINE#         157
  C:0D73H         LINE#         158
  C:0D74H         LINE#         160
  C:0D74H         LINE#         161
  C:0D79H         LINE#         162
  C:0D7EH         LINE#         163
  C:0D86H         LINE#         164
  C:0D9FH         LINE#         165
  C:0D9FH         LINE#         166
  C:0DADH         LINE#         167
  C:0DADH         LINE#         168
  C:0DC2H         LINE#         169
  C:0DC2H         LINE#         171
  C:0DC2H         LINE#         172
  C:0DCAH         LINE#         173
  C:0DDFH         LINE#         174
  C:0DE3H         LINE#         175
  C:0DE3H         LINE#         176
  C:0DE4H         LINE#         178
  C:0DE7H         LINE#         179
  -------         ENDPROC       AUDIO_TIMER_EVENT_HANDLER
  -------         ENDMOD        AUDIO

  -------         MODULE        BSP
  C:0000H         SYMBOL        _ICE_DUMMY_
  D:00D4H         PUBLIC        P1M0
  D:00D3H         PUBLIC        P0M1
  D:00D6H         PUBLIC        P2M0
  D:00D5H         PUBLIC        P1M1
  D:0080H         PUBLIC        P0
  D:00D7H         PUBLIC        P2M1
  D:0090H         PUBLIC        P1
  D:00A0H         PUBLIC        P2
  C:1683H         PUBLIC        Bsp_Sleep
  D:00B0H         PUBLIC        P3
  D:00A8H         PUBLIC        IEN0
  D:00B8H         PUBLIC        IEN1
  B:0080H.0       PUBLIC        P0_0
  C:1888H         PUBLIC        INT1_Init
  B:0090H.3       PUBLIC        P1_3
  B:00A0H.5       PUBLIC        P2_5
  B:0090H.6       PUBLIC        P1_6
  B:00A0H.6       PUBLIC        P2_6
  C:17D1H         PUBLIC        Bsp_Init
  D:0098H         PUBLIC        SCON
  D:0088H         PUBLIC        TCON
  D:00EEH         PUBLIC        INTDEG
BL51 BANKED LINKER/LOCATER V6.22.2.0                                                  03/04/2021  14:31:22  PAGE 16


  D:00E0H         PUBLIC        ACC
  B:0088H.2       PUBLIC        IT1
  B:00A8H.2       PUBLIC        EX1
  D:00F8H         PUBLIC        IIC0S
  D:0098H         PUBLIC        S0CON
  C:1977H         PUBLIC        Bsp_Wakeup
  D:00E5H         PUBLIC        ENHIT
  D:00D0H         PUBLIC        PSW
  D:00C0H         PUBLIC        IRCON
  D:00D2H         PUBLIC        P0M0
  -------         PROC          BSP_INIT
  C:17D1H         LINE#         23
  C:17D1H         LINE#         24
  C:17D1H         LINE#         25
  C:17D7H         LINE#         26
  C:17DDH         LINE#         27
  C:17E3H         LINE#         28
  C:17E9H         LINE#         30
  C:17EBH         LINE#         31
  -------         ENDPROC       BSP_INIT
  -------         PROC          BSP_SLEEP
  C:1683H         LINE#         33
  C:1683H         LINE#         34
  C:1683H         LINE#         35
  C:1685H         LINE#         37
  C:1688H         LINE#         38
  C:168BH         LINE#         39
  C:168EH         LINE#         40
  C:1691H         LINE#         41
  C:1694H         LINE#         42
  C:1696H         LINE#         43
  C:1698H         LINE#         45
  C:169BH         LINE#         46
  C:169EH         LINE#         47
  C:16A1H         LINE#         48
  C:16A4H         LINE#         49
  C:16A6H         LINE#         50
  C:16A8H         LINE#         54
  -------         ENDPROC       BSP_SLEEP
  -------         PROC          BSP_WAKEUP
  C:1977H         LINE#         56
  C:1977H         LINE#         57
  C:1977H         LINE#         58
  C:1979H         LINE#         59
  -------         ENDPROC       BSP_WAKEUP
  -------         PROC          INT1_INIT
  C:1888H         LINE#         61
  C:1888H         LINE#         62
  C:1888H         LINE#         63
  C:188BH         LINE#         64
  C:188EH         LINE#         65
  C:1890H         LINE#         67
  C:1892H         LINE#         68
  C:1895H         LINE#         69
  C:1898H         LINE#         70
  C:189AH         LINE#         71
  -------         ENDPROC       INT1_INIT
BL51 BANKED LINKER/LOCATER V6.22.2.0                                                  03/04/2021  14:31:22  PAGE 17


  -------         ENDMOD        BSP

  -------         MODULE        FPS
  C:0000H         SYMBOL        _ICE_DUMMY_
  D:00D3H         PUBLIC        P0M1
  D:0080H         PUBLIC        P0
  D:0090H         PUBLIC        P1
  D:00A0H         PUBLIC        P2
  D:00B0H         PUBLIC        P3
  D:00A8H         PUBLIC        IEN0
  D:00B8H         PUBLIC        IEN1
  C:1929H         PUBLIC        Fps_Init
  C:1630H         PUBLIC        Fps_Test
  D:0098H         PUBLIC        SCON
  D:0088H         PUBLIC        TCON
  X:0060H         PUBLIC        test_data
  D:00E0H         PUBLIC        ACC
  D:00F8H         PUBLIC        IIC0S
  D:00D0H         PUBLIC        PSW
  D:00C0H         PUBLIC        IRCON
  D:00D2H         PUBLIC        P0M0
  -------         PROC          FPS_INIT
  C:1929H         LINE#         13
  C:1929H         LINE#         14
  C:1929H         LINE#         15
  C:192FH         LINE#         17
  -------         ENDPROC       FPS_INIT
  -------         PROC          FPS_TEST
  -------         DO            
  X:009CH         SYMBOL        i
  -------         ENDDO         
  C:1630H         LINE#         21
  C:1630H         LINE#         22
  C:1630H         LINE#         24
  C:1643H         LINE#         25
  C:165AH         LINE#         26
  -------         ENDPROC       FPS_TEST
  -------         ENDMOD        FPS

  -------         MODULE        I2C
  C:0000H         SYMBOL        _ICE_DUMMY_
  D:00D6H         PUBLIC        P2M0
  D:0080H         PUBLIC        P0
  D:00DAH         PUBLIC        P3M0
  D:00D7H         PUBLIC        P2M1
  D:0090H         PUBLIC        P1
  D:00DBH         PUBLIC        P3M1
  D:00A0H         PUBLIC        P2
  D:00B0H         PUBLIC        P3
  C:18C0H         PUBLIC        I2C_Master_Init
  D:00A8H         PUBLIC        IEN0
  D:00B8H         PUBLIC        IEN1
  B:00B0H.0       PUBLIC        P3_0
  B:00A0H.3       PUBLIC        P2_3
  D:0098H         PUBLIC        SCON
  D:0088H         PUBLIC        TCON
  C:17F6H         PUBLIC        iic_master_start
BL51 BANKED LINKER/LOCATER V6.22.2.0                                                  03/04/2021  14:31:22  PAGE 18


  C:1562H         PUBLIC        _iic_master_read_byte
  D:00E0H         PUBLIC        ACC
  C:10CDH         PUBLIC        _I2C_Master_Read_Data
  C:15CCH         PUBLIC        _iic_master_write_byte
  C:191FH         PUBLIC        iic_master_stop
  D:00F8H         PUBLIC        IIC0S
  C:1598H         PUBLIC        _I2C_Master_Write_Data
  C:184FH         PUBLIC        delay_us
  D:00D0H         PUBLIC        PSW
  D:00C0H         PUBLIC        IRCON
  C:184AH         SYMBOL        L?0030
  -------         PROC          L?0029
  -------         ENDPROC       L?0029
  C:184AH         SYMBOL        L?0030
  -------         PROC          DELAY_US
  -------         DO            
  D:0007H         SYMBOL        i
  -------         ENDDO         
  C:184FH         LINE#         21
  C:184FH         LINE#         22
  C:184FH         LINE#         24
  C:185EH         LINE#         25
  -------         ENDPROC       DELAY_US
  -------         PROC          I2C_MASTER_INIT
  C:18C0H         LINE#         27
  C:18C0H         LINE#         28
  C:18C0H         LINE#         29
  C:18C6H         LINE#         30
  C:18CCH         LINE#         32
  C:18CEH         LINE#         33
  C:18D0H         LINE#         34
  -------         ENDPROC       I2C_MASTER_INIT
  -------         PROC          L?0031
  -------         ENDPROC       L?0031
  -------         PROC          IIC_MASTER_START
  C:17F6H         LINE#         36
  C:17F6H         LINE#         37
  C:17F6H         LINE#         38
  C:17F8H         LINE#         39
  C:17FAH         LINE#         40
  C:17FDH         LINE#         41
  C:17FFH         LINE#         42
  C:1802H         LINE#         43
  C:1804H         LINE#         44
  -------         ENDPROC       IIC_MASTER_START
  -------         PROC          IIC_MASTER_STOP
  C:191FH         LINE#         46
  C:191FH         LINE#         47
  C:191FH         LINE#         48
  C:1921H         LINE#         49
  C:1923H         LINE#         50
  C:1923H         LINE#         51
  C:1923H         LINE#         52
  C:1926H         LINE#         53
  C:1928H         LINE#         54
  -------         ENDPROC       IIC_MASTER_STOP
  -------         PROC          _IIC_MASTER_READ_BYTE
BL51 BANKED LINKER/LOCATER V6.22.2.0                                                  03/04/2021  14:31:22  PAGE 19


  D:0006H         SYMBOL        ack
  -------         DO            
  D:0004H         SYMBOL        i
  D:0005H         SYMBOL        buffer
  -------         ENDDO         
  C:1562H         LINE#         57
  C:1564H         LINE#         58
  C:1564H         LINE#         60
  C:1566H         LINE#         61
  C:1568H         LINE#         62
  C:156AH         LINE#         63
  C:1575H         LINE#         64
  C:1575H         LINE#         65
  C:1575H         LINE#         66
  C:1575H         LINE#         67
  C:1578H         LINE#         68
  C:157CH         LINE#         69
  C:157FH         LINE#         70
  C:1582H         LINE#         71
  C:1584H         LINE#         72
  C:1587H         LINE#         74
  C:158AH         LINE#         75
  C:158EH         LINE#         77
  C:1590H         LINE#         78
  C:1590H         LINE#         79
  C:1590H         LINE#         80
  C:1593H         LINE#         81
  C:1595H         LINE#         83
  C:1597H         LINE#         84
  -------         ENDPROC       _IIC_MASTER_READ_BYTE
  -------         PROC          _IIC_MASTER_WRITE_BYTE
  D:0006H         SYMBOL        send
  -------         DO            
  D:0005H         SYMBOL        i
  D:0007H         SYMBOL        ack
  -------         ENDDO         
  C:15CCH         LINE#         86
  C:15CEH         LINE#         87
  C:15CEH         LINE#         91
  C:15D0H         LINE#         92
  C:15DCH         LINE#         93
  C:15DCH         LINE#         94
  C:15E0H         LINE#         95
  C:15E4H         LINE#         97
  C:15E6H         LINE#         98
  C:15EAH         LINE#         99
  C:15EAH         LINE#         100
  C:15EAH         LINE#         101
  C:15EDH         LINE#         102
  C:15EFH         LINE#         103
  C:15F2H         LINE#         105
  C:15F4H         LINE#         106
  C:15F4H         LINE#         107
  C:15F4H         LINE#         108
  C:15F7H         LINE#         109
  C:15FCH         LINE#         110
  C:15FEH         LINE#         112
BL51 BANKED LINKER/LOCATER V6.22.2.0                                                  03/04/2021  14:31:22  PAGE 20


  C:15FEH         LINE#         113
  -------         ENDPROC       _IIC_MASTER_WRITE_BYTE
  -------         PROC          _I2C_MASTER_READ_DATA
  D:0006H         SYMBOL        addr
  X:0079H         SYMBOL        receivedata
  X:007CH         SYMBOL        receivelen
  -------         DO            
  X:007DH         SYMBOL        i
  -------         ENDDO         
  C:10CDH         LINE#         115
  C:10D0H         LINE#         116
  C:10D0H         LINE#         118
  C:10D3H         LINE#         119
  C:10DAH         LINE#         120
  C:10EBH         LINE#         121
  C:10EBH         LINE#         122
  C:1108H         LINE#         123
  C:1110H         LINE#         124
  C:112DH         LINE#         125
  -------         ENDPROC       _I2C_MASTER_READ_DATA
  -------         PROC          _I2C_MASTER_WRITE_DATA
  D:0006H         SYMBOL        addr
  X:0006H         SYMBOL        senddata
  X:0009H         SYMBOL        sendlen
  -------         DO            
  D:0004H         SYMBOL        i
  -------         ENDDO         
  C:1598H         LINE#         128
  C:159BH         LINE#         129
  C:159BH         LINE#         131
  C:159EH         LINE#         132
  C:15A3H         LINE#         133
  C:15AFH         LINE#         134
  C:15AFH         LINE#         135
  C:15C6H         LINE#         136
  C:15C9H         LINE#         137
  -------         ENDPROC       _I2C_MASTER_WRITE_DATA
  -------         ENDMOD        I2C

  -------         MODULE        LED
  C:0000H         SYMBOL        _ICE_DUMMY_
  D:0080H         PUBLIC        P0
  D:0090H         PUBLIC        P1
  D:00A0H         PUBLIC        P2
  D:00B0H         PUBLIC        P3
  C:1739H         PUBLIC        Led_Init
  D:00A8H         PUBLIC        IEN0
  D:00B8H         PUBLIC        IEN1
  C:008EH         PUBLIC        _Led_Off
  B:0090H.5       PUBLIC        P1_5
  C:1942H         PUBLIC        _Led_On
  D:0098H         PUBLIC        SCON
  D:0088H         PUBLIC        TCON
  D:00E0H         PUBLIC        ACC
  D:00F8H         PUBLIC        IIC0S
  D:00D0H         PUBLIC        PSW
  D:00C0H         PUBLIC        IRCON
BL51 BANKED LINKER/LOCATER V6.22.2.0                                                  03/04/2021  14:31:22  PAGE 21


  -------         PROC          LED_INIT
  C:1739H         LINE#         5
  C:1739H         LINE#         6
  C:1739H         LINE#         7
  C:173FH         LINE#         8
  C:1741H         LINE#         9
  C:1747H         LINE#         10
  C:174AH         LINE#         11
  C:174CH         LINE#         12
  C:1752H         LINE#         13
  C:1758H         LINE#         14
  -------         ENDPROC       LED_INIT
  -------         PROC          _LED_ON
  D:0007H         SYMBOL        led
  C:1942H         LINE#         16
  C:1942H         LINE#         17
  C:1942H         LINE#         18
  C:1948H         LINE#         19
  -------         ENDPROC       _LED_ON
  -------         PROC          _LED_OFF
  D:0007H         SYMBOL        led
  C:008EH         LINE#         21
  C:008EH         LINE#         22
  C:008EH         LINE#         23
  C:0099H         LINE#         24
  -------         ENDPROC       _LED_OFF
  -------         ENDMOD        LED

  -------         MODULE        TIMER
  C:0000H         SYMBOL        _ICE_DUMMY_
  D:0080H         PUBLIC        P0
  D:0090H         PUBLIC        P1
  D:00A0H         PUBLIC        P2
  C:14EDH         PUBLIC        TIMER0_ISR
  D:00B0H         PUBLIC        P3
  C:0026H         PUBLIC        TIMER1_ISR
  C:17B5H         PUBLIC        _TIMER1_Delay
  D:00A8H         PUBLIC        IEN0
  D:00B8H         PUBLIC        IEN1
  C:197AH         PUBLIC        TIMER0_Start
  D:0098H         PUBLIC        SCON
  D:0089H         PUBLIC        TMOD
  D:0088H         PUBLIC        TCON
  C:197DH         PUBLIC        TIMER0_Stop
  D:00E0H         PUBLIC        ACC
  D:008CH         PUBLIC        TH0
  D:008DH         PUBLIC        TH1
  D:008AH         PUBLIC        TL0
  D:008BH         PUBLIC        TL1
  X:0098H         PUBLIC        timer1_delay_count
  B:0088H.4       PUBLIC        TR0
  B:0088H.6       PUBLIC        TR1
  D:00F8H         PUBLIC        IIC0S
  D:00D9H         PUBLIC        PFCON
  C:1834H         PUBLIC        TIMER_Init
  D:00D0H         PUBLIC        PSW
  D:00C0H         PUBLIC        IRCON
BL51 BANKED LINKER/LOCATER V6.22.2.0                                                  03/04/2021  14:31:22  PAGE 22


  -------         PROC          TIMER_INIT
  C:1834H         LINE#         19
  C:1834H         LINE#         20
  C:1834H         LINE#         21
  C:1837H         LINE#         22
  C:183AH         LINE#         23
  C:183DH         LINE#         24
  C:1840H         LINE#         25
  C:1843H         LINE#         26
  C:1846H         LINE#         27
  C:1849H         LINE#         28
  -------         ENDPROC       TIMER_INIT
  -------         PROC          TIMER0_START
  C:197AH         LINE#         30
  C:197AH         LINE#         31
  C:197AH         LINE#         32
  C:197CH         LINE#         33
  -------         ENDPROC       TIMER0_START
  -------         PROC          TIMER0_STOP
  C:197DH         LINE#         35
  C:197DH         LINE#         36
  C:197DH         LINE#         37
  C:197FH         LINE#         38
  -------         ENDPROC       TIMER0_STOP
  -------         PROC          _TIMER1_DELAY
  D:0006H         SYMBOL        delay_ms
  C:17B5H         LINE#         41
  C:17B5H         LINE#         42
  C:17B5H         LINE#         43
  C:17BDH         LINE#         44
  C:17BFH         LINE#         45
  C:17CEH         LINE#         46
  C:17D0H         LINE#         47
  -------         ENDPROC       _TIMER1_DELAY
  -------         PROC          TIMER0_ISR
  C:14EDH         LINE#         50
  C:150AH         LINE#         55
  C:150DH         LINE#         56
  -------         ENDPROC       TIMER0_ISR
  -------         PROC          TIMER1_ISR
  C:0026H         LINE#         58
  C:002EH         LINE#         61
  C:003DH         LINE#         62
  C:0049H         LINE#         63
  -------         ENDPROC       TIMER1_ISR
  -------         ENDMOD        TIMER

  -------         MODULE        TOUCH
  C:0000H         SYMBOL        _ICE_DUMMY_
  B:0020H.0       PUBLIC        bTk00Flag
  D:0080H         PUBLIC        P0
  B:0021H.2       PUBLIC        bTk10Flag
  B:0020H.1       PUBLIC        bTk01Flag
  D:0090H         PUBLIC        P1
  B:0021H.3       PUBLIC        bTk11Flag
  B:0020H.2       PUBLIC        bTk02Flag
  D:00A0H         PUBLIC        P2
BL51 BANKED LINKER/LOCATER V6.22.2.0                                                  03/04/2021  14:31:22  PAGE 23


  B:0021H.4       PUBLIC        bTk12Flag
  B:0020H.3       PUBLIC        bTk03Flag
  D:00B0H         PUBLIC        P3
  B:0021H.5       PUBLIC        bTk13Flag
  B:0020H.4       PUBLIC        bTk04Flag
  B:0021H.6       PUBLIC        bTk14Flag
  B:0020H.5       PUBLIC        bTk05Flag
  B:0021H.7       PUBLIC        bTk15Flag
  B:0020H.6       PUBLIC        bTk06Flag
  B:00A8H.7       PUBLIC        EA
  B:0020H.7       PUBLIC        bTk07Flag
  B:0021H.0       PUBLIC        bTk08Flag
  C:1980H         PUBLIC        TOUCH_Auto_Set_Counter_Limit_Range
  B:0021H.1       PUBLIC        bTk09Flag
  D:00A8H         PUBLIC        IEN0
  D:00B8H         PUBLIC        IEN1
  D:0098H         PUBLIC        SCON
  D:0088H         PUBLIC        TCON
  D:00BBH         PUBLIC        TKSTATUS0
  D:00F4H         PUBLIC        TKSTATUS1
  C:1950H         PUBLIC        Touch_Getinput
  D:00E0H         PUBLIC        ACC
  X:009DH         PUBLIC        g_ucTkNumber
  C:0AD0H         PUBLIC        Touch_Normal
  C:1779H         PUBLIC        TOUCH_ISR
  D:00F8H         PUBLIC        IIC0S
  D:0020H         PUBLIC        ucTkStatusPort0
  D:00D0H         PUBLIC        PSW
  D:0021H         PUBLIC        ucTkStatusPort1
  C:1983H         PUBLIC        Touch_Init
  D:00C0H         PUBLIC        IRCON
  -------         PROC          TOUCH_ISR
  C:1779H         LINE#         29
  C:1786H         LINE#         31
  C:1788H         LINE#         32
  C:178BH         LINE#         33
  C:178DH         LINE#         34
  -------         ENDPROC       TOUCH_ISR
  -------         PROC          TOUCH_AUTO_SET_COUNTER_LIMIT_RANGE
  C:1980H         LINE#         41
  C:1980H         LINE#         42
  C:1980H         LINE#         43
  -------         ENDPROC       TOUCH_AUTO_SET_COUNTER_LIMIT_RANGE
  -------         PROC          TOUCH_INIT
  C:1983H         LINE#         46
  C:1983H         LINE#         47
  C:1983H         LINE#         48
  -------         ENDPROC       TOUCH_INIT
  -------         PROC          TOUCH_NORMAL
  C:0AD0H         LINE#         51
  C:0AD0H         LINE#         52
  C:0AD0H         LINE#         53
  C:0AD3H         LINE#         55
  C:0AD6H         LINE#         56
  C:0AD9H         LINE#         58
  C:0AE1H         LINE#         59
  C:0AE1H         LINE#         60
BL51 BANKED LINKER/LOCATER V6.22.2.0                                                  03/04/2021  14:31:22  PAGE 24


  C:0AE7H         LINE#         61
  C:0AE8H         LINE#         62
  C:0AF2H         LINE#         63
  C:0AF2H         LINE#         64
  C:0AF5H         LINE#         65
  C:0AF9H         LINE#         66
  C:0AFCH         LINE#         67
  C:0AFEH         LINE#         68
  C:0B01H         LINE#         69
  C:0B08H         LINE#         70
  C:0B0BH         LINE#         71
  C:0B12H         LINE#         72
  C:0B15H         LINE#         73
  C:0B1CH         LINE#         74
  C:0B1FH         LINE#         75
  C:0B25H         LINE#         76
  C:0B28H         LINE#         77
  C:0B2FH         LINE#         78
  C:0B32H         LINE#         79
  C:0B39H         LINE#         80
  C:0B3CH         LINE#         81
  C:0B3EH         LINE#         82
  C:0B41H         LINE#         83
  C:0B43H         LINE#         84
  C:0B46H         LINE#         85
  C:0B48H         LINE#         86
  C:0B4BH         LINE#         87
  C:0B52H         LINE#         88
  C:0B55H         LINE#         89
  C:0B5CH         LINE#         90
  C:0B5FH         LINE#         91
  C:0B66H         LINE#         92
  C:0B69H         LINE#         93
  C:0B70H         LINE#         94
  C:0B73H         LINE#         95
  C:0B79H         LINE#         97
  C:0B79H         LINE#         98
  -------         ENDPROC       TOUCH_NORMAL
  -------         PROC          TOUCH_GETINPUT
  C:1950H         LINE#         100
  C:1950H         LINE#         101
  C:1950H         LINE#         102
  C:1955H         LINE#         103
  -------         ENDPROC       TOUCH_GETINPUT
  -------         ENDMOD        TOUCH

  -------         MODULE        UART0
  C:0000H         SYMBOL        _ICE_DUMMY_
  D:0080H         PUBLIC        P0
  D:0090H         PUBLIC        P1
  D:00A0H         PUBLIC        P2
  D:00B0H         PUBLIC        P3
  C:0056H         PUBLIC        UART0_init
  D:00A8H         PUBLIC        IEN0
  D:00B8H         PUBLIC        IEN1
  B:0022H.0       PUBLIC        bU0TX
  B:0098H.0       PUBLIC        RI
BL51 BANKED LINKER/LOCATER V6.22.2.0                                                  03/04/2021  14:31:22  PAGE 25


  B:0098H.1       PUBLIC        TI
  D:00BAH         PUBLIC        S0RELH
  D:0087H         PUBLIC        PCON
  D:00AAH         PUBLIC        S0RELL
  D:0098H         PUBLIC        SCON
  D:0088H         PUBLIC        TCON
  C:13F1H         PUBLIC        UART0_ISR
  D:00E0H         PUBLIC        ACC
  X:004BH         PUBLIC        UART0_RXBUF
  X:005FH         PUBLIC        UART0_RXLEN
  D:00F8H         PUBLIC        IIC0S
  D:0099H         PUBLIC        S0BUF
  D:0098H         PUBLIC        S0CON
  D:0091H         PUBLIC        AUX
  C:0003H         PUBLIC        _UART0_TX
  D:00D0H         PUBLIC        PSW
  D:00C0H         PUBLIC        IRCON
  -------         PROC          UART0_INIT
  -------         DO            
  D:0007H         SYMBOL        i
  -------         ENDDO         
  C:0056H         LINE#         18
  C:0056H         LINE#         19
  C:0056H         LINE#         21
  C:0059H         LINE#         22
  C:005CH         LINE#         23
  C:005FH         LINE#         24
  C:0062H         LINE#         25
  C:0065H         LINE#         26
  C:0068H         LINE#         27
  C:006AH         LINE#         29
  C:0076H         LINE#         30
  C:0085H         LINE#         31
  C:008AH         LINE#         32
  -------         ENDPROC       UART0_INIT
  -------         PROC          UART0_ISR
  C:13F1H         LINE#         34
  C:13FEH         LINE#         36
  C:1401H         LINE#         37
  C:1401H         LINE#         38
  C:1403H         LINE#         39
  C:1410H         LINE#         40
  C:1421H         LINE#         41
  C:1423H         LINE#         43
  C:1423H         LINE#         44
  C:1425H         LINE#         45
  C:1427H         LINE#         46
  C:1427H         LINE#         47
  -------         ENDPROC       UART0_ISR
  -------         PROC          _UART0_TX
  D:0007H         SYMBOL        n_temp0
  C:0003H         LINE#         49
  C:0003H         LINE#         50
  C:0003H         LINE#         51
  C:0005H         LINE#         52
  C:0007H         LINE#         53
  C:000AH         LINE#         54
BL51 BANKED LINKER/LOCATER V6.22.2.0                                                  03/04/2021  14:31:22  PAGE 26


  -------         ENDPROC       _UART0_TX
  -------         ENDMOD        UART0

  -------         MODULE        EEPROM
  C:0000H         SYMBOL        _ICE_DUMMY_
  D:00F7H         PUBLIC        TAKEY
  D:0080H         PUBLIC        P0
  D:0090H         PUBLIC        P1
  D:00A0H         PUBLIC        P2
  D:00B0H         PUBLIC        P3
  C:18E2H         PUBLIC        ISP_Disable
  B:00A8H.7       PUBLIC        EA
  D:00A8H         PUBLIC        IEN0
  D:00B8H         PUBLIC        IEN1
  C:18D1H         PUBLIC        ISP_Enable
  C:1904H         PUBLIC        _Read_EEPROM
  D:0098H         PUBLIC        SCON
  D:0088H         PUBLIC        TCON
  C:18AEH         PUBLIC        _Write_EEPROM
  D:00E1H         PUBLIC        ISPFAH
  D:00E2H         PUBLIC        ISPFAL
  D:00E3H         PUBLIC        ISPFDL
  D:00E0H         PUBLIC        ACC
  D:00F8H         PUBLIC        IIC0S
  C:1932H         PUBLIC        _ROM_ByteRead
  D:008FH         PUBLIC        IFCON
  C:1805H         PUBLIC        _ROM_1ByteProgram
  D:00E4H         PUBLIC        ISPFC
  D:00D0H         PUBLIC        PSW
  D:00C0H         PUBLIC        IRCON
  -------         PROC          ISP_ENABLE
  C:18D1H         LINE#         14
  C:18D1H         LINE#         15
  C:18D1H         LINE#         16
  C:18D3H         LINE#         17
  C:18D6H         LINE#         18
  C:18D9H         LINE#         19
  C:18DCH         LINE#         20
  C:18DFH         LINE#         21
  C:18E1H         LINE#         22
  -------         ENDPROC       ISP_ENABLE
  -------         PROC          ISP_DISABLE
  C:18E2H         LINE#         24
  C:18E2H         LINE#         25
  C:18E2H         LINE#         26
  C:18E4H         LINE#         27
  C:18E7H         LINE#         28
  C:18EAH         LINE#         29
  C:18EDH         LINE#         30
  C:18F0H         LINE#         31
  C:18F2H         LINE#         32
  -------         ENDPROC       ISP_DISABLE
  -------         PROC          _ROM_1BYTEPROGRAM
  D:0002H         SYMBOL        Addr
  D:0005H         SYMBOL        Data
  C:1805H         LINE#         34
  C:1809H         LINE#         35
BL51 BANKED LINKER/LOCATER V6.22.2.0                                                  03/04/2021  14:31:22  PAGE 27


  C:1809H         LINE#         36
  C:180CH         LINE#         37
  C:180FH         LINE#         38
  C:1813H         LINE#         39
  C:1817H         LINE#         40
  C:181AH         LINE#         41
  -------         ENDPROC       _ROM_1BYTEPROGRAM
  -------         PROC          _WRITE_EEPROM
  D:0007H         SYMBOL        Addr
  D:0005H         SYMBOL        Data
  C:18AEH         LINE#         55
  C:18AEH         LINE#         56
  C:18AEH         LINE#         57
  C:18B1H         LINE#         58
  C:18B4H         LINE#         59
  C:18B6H         LINE#         60
  C:18BAH         LINE#         61
  C:18BDH         LINE#         62
  -------         ENDPROC       _WRITE_EEPROM
  -------         PROC          _READ_EEPROM
  D:0007H         SYMBOL        Addr
  -------         DO            
  D:0007H         SYMBOL        Data
  -------         ENDDO         
  C:1904H         LINE#         65
  C:1904H         LINE#         66
  C:1904H         LINE#         68
  C:1907H         LINE#         69
  C:190AH         LINE#         70
  C:190CH         LINE#         71
  C:190FH         LINE#         72
  C:1911H         LINE#         73
  -------         ENDPROC       _READ_EEPROM
  -------         PROC          _ROM_BYTEREAD
  D:0006H         SYMBOL        Addr
  C:1932H         LINE#         78
  C:1932H         LINE#         79
  C:1932H         LINE#         80
  C:1939H         LINE#         81
  -------         ENDPROC       _ROM_BYTEREAD
  -------         ENDMOD        EEPROM

  -------         MODULE        ADC
  C:0000H         SYMBOL        _ICE_DUMMY_
  D:0080H         PUBLIC        P0
  D:0090H         PUBLIC        P1
  D:00A0H         PUBLIC        P2
  D:00B0H         PUBLIC        P3
  B:00A8H.7       PUBLIC        EA
  C:18F3H         PUBLIC        ADC_Read12
  D:00A8H         PUBLIC        IEN0
  D:00B8H         PUBLIC        IEN1
  C:0F37H         PUBLIC        adc_VolT
  C:15FFH         PUBLIC        ADCInterrupt
  C:0DE8H         SYMBOL        _Get_Adc_Average
  D:0098H         PUBLIC        SCON
  D:0088H         PUBLIC        TCON
BL51 BANKED LINKER/LOCATER V6.22.2.0                                                  03/04/2021  14:31:22  PAGE 28


  C:1956H         PUBLIC        _ADC_Start
  D:00ABH         PUBLIC        ADCC1
  D:00ACH         PUBLIC        ADCC2
  C:1914H         PUBLIC        ADC_Init
  D:00E0H         PUBLIC        ACC
  C:193AH         PUBLIC        _get_adc_data
  C:189BH         PUBLIC        ADC
  B:0022H.1       PUBLIC        ADCfinish
  D:00ADH         PUBLIC        ADCDH
  B:00B8H.2       PUBLIC        IEADC
  D:00F8H         PUBLIC        IIC0S
  D:00AEH         PUBLIC        ADCDL
  D:00AFH         PUBLIC        ADCCS
  X:009AH         PUBLIC        n_data
  D:00D0H         PUBLIC        PSW
  D:00C0H         PUBLIC        IRCON
  -------         PROC          _ADC_START
  D:0007H         SYMBOL        n_ADC_CH
  C:1956H         LINE#         8
  C:1956H         LINE#         9
  C:1956H         LINE#         10
  C:1958H         LINE#         11
  C:195BH         LINE#         12
  -------         ENDPROC       _ADC_START
  -------         PROC          ADC_INIT
  C:1914H         LINE#         14
  C:1914H         LINE#         15
  C:1914H         LINE#         16
  C:1917H         LINE#         17
  C:191AH         LINE#         18
  C:191CH         LINE#         19
  C:191EH         LINE#         20
  -------         ENDPROC       ADC_INIT
  -------         PROC          ADC_READ12
  -------         DO            
  D:0006H         SYMBOL        n_ADCD12
  -------         ENDDO         
  C:18F3H         LINE#         22
  C:18F3H         LINE#         23
  C:18F3H         LINE#         24
  C:18F4H         LINE#         25
  C:1903H         LINE#         26
  C:1903H         LINE#         27
  -------         ENDPROC       ADC_READ12
  -------         PROC          ADCINTERRUPT
  C:15FFH         LINE#         29
  C:1612H         LINE#         31
  C:161DH         LINE#         32
  C:161FH         LINE#         33
  -------         ENDPROC       ADCINTERRUPT
  -------         PROC          ADC
  C:189BH         LINE#         35
  C:189BH         LINE#         36
  C:189BH         LINE#         37
  C:189BH         LINE#         38
  C:189BH         LINE#         39
  C:189BH         LINE#         45
BL51 BANKED LINKER/LOCATER V6.22.2.0                                                  03/04/2021  14:31:22  PAGE 29


  C:189BH         LINE#         46
  C:189BH         LINE#         52
  C:189BH         LINE#         53
  C:189BH         LINE#         59
  C:189BH         LINE#         60
  C:189BH         LINE#         66
  C:189BH         LINE#         67
  C:189BH         LINE#         73
  C:189BH         LINE#         74
  C:189BH         LINE#         79
  C:189BH         LINE#         80
  C:189BH         LINE#         81
  C:18A0H         LINE#         82
  C:18A3H         LINE#         84
  C:18A5H         LINE#         85
  C:18A5H         LINE#         86
  C:18A5H         LINE#         87
  C:18A5H         LINE#         88
  C:18A5H         LINE#         94
  C:18A5H         LINE#         95
  C:18A5H         LINE#         101
  C:18ADH         LINE#         102
  -------         ENDPROC       ADC
  -------         PROC          _GET_ADC_DATA
  X:0010H         SYMBOL        adc_channel_addr
  -------         DO            
  D:0006H         SYMBOL        adc_data
  -------         ENDDO         
  C:193AH         LINE#         111
  C:193FH         LINE#         112
  C:193FH         LINE#         114
  -------         ENDPROC       _GET_ADC_DATA
  -------         PROC          _GET_ADC_AVERAGE
  X:0009H         SYMBOL        adc_channel_addr
  X:000AH         SYMBOL        times
  -------         DO            
  X:000BH         SYMBOL        temp_val
  X:000FH         SYMBOL        t
  -------         ENDDO         
  C:0DE8H         LINE#         125
  C:0DF0H         LINE#         126
  C:0DF0H         LINE#         127
  C:0DF8H         LINE#         129
  C:0E0AH         LINE#         130
  C:0E0AH         LINE#         131
  C:0E35H         LINE#         132
  C:0E3CH         LINE#         133
  C:0E44H         LINE#         134
  -------         ENDPROC       _GET_ADC_AVERAGE
  -------         PROC          ADC_VOLT
  -------         DO            
  D:0006H         SYMBOL        adcx
  X:0005H         SYMBOL        temp
  -------         ENDDO         
  C:0F37H         LINE#         144
  C:0F37H         LINE#         145
  C:0F37H         LINE#         150
BL51 BANKED LINKER/LOCATER V6.22.2.0                                                  03/04/2021  14:31:22  PAGE 30


  C:0F3EH         LINE#         151
  C:0F45H         LINE#         154
  C:0F5EH         LINE#         156
  C:0F79H         LINE#         157
  C:0F7CH         LINE#         158
  C:0F97H         LINE#         159
  C:0F9AH         LINE#         161
  C:0F9CH         LINE#         162
  -------         ENDPROC       ADC_VOLT
  -------         ENDMOD        ADC

  -------         MODULE        DQIOT_FP_SY
  C:0000H         SYMBOL        _ICE_DUMMY_
  C:16CEH         PUBLIC        PS_Sleep
  D:0080H         PUBLIC        P0
  D:0090H         PUBLIC        P1
  D:00A0H         PUBLIC        P2
  D:00B0H         PUBLIC        P3
  C:1986H         PUBLIC        _SendFlag
  C:198CH         PUBLIC        PS_Reset
  C:1332H         PUBLIC        AS608_PackHead
  C:165BH         PUBLIC        PS_GetImage
  D:00A8H         PUBLIC        IEN0
  D:00B8H         PUBLIC        IEN1
  X:001BH         SYMBOL        AS608_Addr
  C:0F9DH         PUBLIC        _PS_StoreChar
  C:1716H         PUBLIC        PS_Empty
  C:16F3H         PUBLIC        PS_RegModel
  C:1885H         PUBLIC        _AS608_SendData
  C:1528H         PUBLIC        _PS_GenChar
  C:1759H         PUBLIC        PS_GetEcho
  C:07DDH         SYMBOL        _JudgeStr
  D:0098H         PUBLIC        SCON
  D:0088H         PUBLIC        TCON
  C:1989H         PUBLIC        _Sendcmd
  D:00E0H         PUBLIC        ACC
  C:0B7AH         PUBLIC        _PS_HighSpeedSearch
  D:00F8H         PUBLIC        IIC0S
  X:001FH         SYMBOL        Light_Color
  X:0020H         SYMBOL        uart_rec_buff
  C:118AH         PUBLIC        _PS_AutoIdentify
  C:13D8H         PUBLIC        _SendCheck
  C:1130H         PUBLIC        _PS_AutoEnRoll
  C:11E4H         PUBLIC        _PS_ValidTempleteNum
  C:1432H         PUBLIC        _PS_HandShake
  C:0A05H         PUBLIC        _FP_Light
  C:179CH         PUBLIC        _SendLength
  C:195CH         PUBLIC        FP_Get_Light
  C:16A9H         PUBLIC        PS_Match
  C:1003H         PUBLIC        _PS_DeletChar
  D:00D0H         PUBLIC        PSW
  D:00C0H         PUBLIC        IRCON
  -------         PROC          L?0064
  -------         ENDPROC       L?0064
  -------         PROC          _AS608_SENDDATA
  D:0007H         SYMBOL        send_data
  C:1885H         LINE#         87
BL51 BANKED LINKER/LOCATER V6.22.2.0                                                  03/04/2021  14:31:22  PAGE 31


  C:1885H         LINE#         88
  C:1885H         LINE#         89
  -------         ENDPROC       _AS608_SENDDATA
  C:1327H         SYMBOL        L?0066
  -------         PROC          L?0065
  -------         ENDPROC       L?0065
  C:1327H         SYMBOL        L?0066
  -------         PROC          AS608_PACKHEAD
  C:1332H         LINE#         96
  C:1332H         LINE#         97
  C:1332H         LINE#         99
  C:1337H         LINE#         100
  C:133CH         LINE#         103
  C:1341H         LINE#         104
  C:1346H         LINE#         105
  C:135CH         LINE#         106
  C:1367H         LINE#         108
  C:1369H         LINE#         109
  -------         ENDPROC       AS608_PACKHEAD
  -------         PROC          _SENDFLAG
  D:0007H         SYMBOL        flag
  C:1986H         LINE#         116
  C:1986H         LINE#         117
  C:1986H         LINE#         118
  -------         ENDPROC       _SENDFLAG
  C:1798H         SYMBOL        L?0068
  -------         PROC          L?0067
  -------         ENDPROC       L?0067
  C:1798H         SYMBOL        L?0068
  -------         PROC          _SENDLENGTH
  X:0015H         SYMBOL        length
  C:179CH         LINE#         126
  C:17A4H         LINE#         127
  C:17A4H         LINE#         128
  C:17ACH         LINE#         129
  -------         ENDPROC       _SENDLENGTH
  -------         PROC          _SENDCMD
  D:0007H         SYMBOL        cmd
  C:1989H         LINE#         137
  C:1989H         LINE#         138
  C:1989H         LINE#         139
  -------         ENDPROC       _SENDCMD
  C:13BEH         SYMBOL        L?0058
  C:13C2H         SYMBOL        L?0059
  C:13D4H         SYMBOL        L?0060
  -------         PROC          L?0057
  -------         ENDPROC       L?0057
  C:13BEH         SYMBOL        L?0058
  C:13C2H         SYMBOL        L?0059
  C:13D4H         SYMBOL        L?0060
  -------         PROC          _SENDCHECK
  X:0015H         SYMBOL        check
  C:13D8H         LINE#         147
  C:13E0H         LINE#         148
  C:13E0H         LINE#         149
  C:13E8H         LINE#         150
  -------         ENDPROC       _SENDCHECK
BL51 BANKED LINKER/LOCATER V6.22.2.0                                                  03/04/2021  14:31:22  PAGE 32


  C:07D7H         SYMBOL        L?0062
  C:07D9H         SYMBOL        L?0063
  -------         PROC          L?0061
  -------         ENDPROC       L?0061
  C:07D7H         SYMBOL        L?0062
  C:07D9H         SYMBOL        L?0063
  -------         PROC          _JUDGESTR
  X:0015H         SYMBOL        waittime
  X:0017H         SYMBOL        length
  -------         DO            
  X:0018H         SYMBOL        i
  X:0019H         SYMBOL        j
  -------         ENDDO         
  C:07DDH         LINE#         162
  C:07E8H         LINE#         163
  C:07E8H         LINE#         165
  C:07EDH         LINE#         167
  C:07FEH         LINE#         168
  C:07FEH         LINE#         170
  C:0805H         LINE#         173
  C:081EH         LINE#         174
  C:081EH         LINE#         176
  C:0831H         LINE#         177
  C:0831H         LINE#         178
  C:0852H         LINE#         179
  C:0852H         LINE#         180
  C:085AH         LINE#         183
  C:08C1H         LINE#         184
  C:08C1H         LINE#         185
  C:08CFH         LINE#         186
  C:08CFH         LINE#         187
  C:08EAH         LINE#         188
  C:08F0H         LINE#         189
  C:08F8H         LINE#         193
  C:08FDH         LINE#         195
  C:0903H         LINE#         196
  C:0903H         LINE#         197
  C:0903H         LINE#         198
  C:0903H         LINE#         200
  C:0905H         LINE#         201
  -------         ENDPROC       _JUDGESTR
  -------         PROC          PS_GETECHO
  C:1759H         LINE#         203
  C:1759H         LINE#         204
  C:1759H         LINE#         205
  C:175CH         LINE#         206
  C:1761H         LINE#         207
  C:1764H         LINE#         208
  C:1769H         LINE#         209
  C:1770H         LINE#         211
  -------         ENDPROC       PS_GETECHO
  -------         PROC          PS_GETIMAGE
  C:165BH         LINE#         217
  C:165BH         LINE#         218
  C:165BH         LINE#         220
  C:1660H         LINE#         223
  C:1668H         LINE#         224
BL51 BANKED LINKER/LOCATER V6.22.2.0                                                  03/04/2021  14:31:22  PAGE 33


  C:166BH         LINE#         225
  C:1670H         LINE#         226
  C:1673H         LINE#         227
  C:1678H         LINE#         228
  C:167FH         LINE#         232
  C:1682H         LINE#         233
  -------         ENDPROC       PS_GETIMAGE
  -------         PROC          _PS_GENCHAR
  X:000CH         SYMBOL        BufferID
  C:1528H         LINE#         239
  C:152DH         LINE#         240
  C:152DH         LINE#         241
  C:1535H         LINE#         242
  C:1538H         LINE#         243
  C:153DH         LINE#         244
  C:1544H         LINE#         245
  C:1549H         LINE#         246
  C:1551H         LINE#         247
  C:155EH         LINE#         250
  C:1561H         LINE#         251
  -------         ENDPROC       _PS_GENCHAR
  -------         PROC          PS_MATCH
  C:16A9H         LINE#         256
  C:16A9H         LINE#         257
  C:16A9H         LINE#         258
  C:16B1H         LINE#         259
  C:16B4H         LINE#         260
  C:16B9H         LINE#         261
  C:16BCH         LINE#         262
  C:16C1H         LINE#         263
  C:16C8H         LINE#         265
  C:16CDH         LINE#         266
  -------         ENDPROC       PS_MATCH
  -------         PROC          PS_REGMODEL
  C:16F3H         LINE#         271
  C:16F3H         LINE#         272
  C:16F3H         LINE#         273
  C:16FBH         LINE#         274
  C:16FEH         LINE#         275
  C:1703H         LINE#         276
  C:1706H         LINE#         277
  C:170BH         LINE#         278
  C:1712H         LINE#         280
  C:1715H         LINE#         281
  -------         ENDPROC       PS_REGMODEL
  -------         PROC          _PS_STORECHAR
  X:000CH         SYMBOL        BufferID
  X:000DH         SYMBOL        PageID
  C:0F9DH         LINE#         288
  C:0FA8H         LINE#         289
  C:0FA8H         LINE#         290
  C:0FB0H         LINE#         291
  C:0FB3H         LINE#         292
  C:0FB8H         LINE#         293
  C:0FBFH         LINE#         294
  C:0FC4H         LINE#         295
  C:0FCCH         LINE#         296
BL51 BANKED LINKER/LOCATER V6.22.2.0                                                  03/04/2021  14:31:22  PAGE 34


  C:0FD4H         LINE#         297
  C:0FDDH         LINE#         298
  C:0FFFH         LINE#         300
  C:1002H         LINE#         301
  -------         ENDPROC       _PS_STORECHAR
  -------         PROC          _PS_DELETCHAR
  X:000CH         SYMBOL        PageID
  X:000EH         SYMBOL        N
  C:1003H         LINE#         307
  C:1011H         LINE#         308
  C:1011H         LINE#         309
  C:1019H         LINE#         310
  C:101CH         LINE#         311
  C:1021H         LINE#         312
  C:1028H         LINE#         313
  C:102DH         LINE#         314
  C:1035H         LINE#         315
  C:103EH         LINE#         316
  C:1046H         LINE#         317
  C:104FH         LINE#         318
  C:1065H         LINE#         322
  C:1068H         LINE#         323
[...]
  D:0006H         SYMBOL        retval
  X:0097H         SYMBOL        real_buf_id
  -------         ENDDO         
  C:128EH         LINE#         122
  C:1296H         LINE#         123
  C:1296H         LINE#         124
  C:1298H         LINE#         127
  C:129EH         LINE#         128
  C:12A3H         LINE#         129
  C:12A9H         LINE#         130
  C:12B1H         LINE#         131
  C:12B7H         LINE#         132
  C:12BFH         LINE#         133
  C:12C5H         LINE#         134
  C:12CBH         LINE#         136
  -------         ENDPROC       _MMI_DQ_FP_STORE_CHAR
  -------         PROC          _MMI_DQ_FP_DELETE
  D:0006H         SYMBOL        index
  -------         DO            
  D:0005H         SYMBOL        retval
  -------         ENDDO         
  C:1949H         LINE#         146
  C:1949H         LINE#         147
  C:1949H         LINE#         148
  C:194BH         LINE#         150
  -------         ENDPROC       _MMI_DQ_FP_DELETE
  -------         PROC          MMI_DQ_FP_EMPTY
  -------         DO            
  D:0007H         SYMBOL        retval
  -------         ENDDO         
  C:1968H         LINE#         160
  C:1968H         LINE#         161
  C:1968H         LINE#         162
  C:196AH         LINE#         164
  -------         ENDPROC       MMI_DQ_FP_EMPTY
  -------         PROC          _MMI_DQ_FP_GET_VALID_TEMPLETE
  D:0001H         SYMBOL        count
  -------         DO            
  D:0007H         SYMBOL        retval
BL51 BANKED LINKER/LOCATER V6.22.2.0                                                  03/04/2021  14:31:22  PAGE 40


  -------         ENDDO         
  C:196DH         LINE#         174
  C:196DH         LINE#         175
  C:196DH         LINE#         176
  C:196FH         LINE#         178
  -------         ENDPROC       _MMI_DQ_FP_GET_VALID_TEMPLETE
  -------         PROC          _MMI_DQ_FP_HIGH_SPEED_SEARCH
  D:0007H         SYMBOL        Buf_id
  X:0091H         SYMBOL        index
  -------         DO            
  D:0006H         SYMBOL        retval
  X:0094H         SYMBOL        real_buf_id
  -------         ENDDO         
  C:1069H         LINE#         188
  C:1074H         LINE#         189
  C:1074H         LINE#         190
  C:1076H         LINE#         193
  C:107CH         LINE#         194
  C:1081H         LINE#         195
  C:1087H         LINE#         196
  C:108FH         LINE#         197
  C:1095H         LINE#         198
  C:109DH         LINE#         199
  C:10A3H         LINE#         200
  C:10A9H         LINE#         201
  -------         ENDPROC       _MMI_DQ_FP_HIGH_SPEED_SEARCH
  -------         PROC          _MMI_DQ_FP_LIGHT
  D:0007H         SYMBOL        light_id
  C:1992H         LINE#         211
  C:1992H         LINE#         212
  C:1992H         LINE#         213
  -------         ENDPROC       _MMI_DQ_FP_LIGHT
  -------         PROC          MMI_DQ_FP_GET_LIGHT
  -------         DO            
  D:0007H         SYMBOL        retval
  -------         ENDDO         
  C:1972H         LINE#         222
  C:1972H         LINE#         223
  C:1972H         LINE#         224
  C:1974H         LINE#         225
  -------         ENDPROC       MMI_DQ_FP_GET_LIGHT
  -------         PROC          MMI_DQ_FP_WORK
  C:185FH         LINE#         236
  C:185FH         LINE#         237
  C:185FH         LINE#         238
  C:1862H         LINE#         239
  C:1862H         LINE#         240
  C:1868H         LINE#         241
  C:1868H         LINE#         242
  C:186AH         LINE#         243
  C:186CH         LINE#         244
  C:186CH         LINE#         245
  C:186CH         LINE#         247
  C:1871H         LINE#         248
  C:1873H         LINE#         249
  -------         ENDPROC       MMI_DQ_FP_WORK
  -------         PROC          MMI_DQ_FP_GET_PIN
BL51 BANKED LINKER/LOCATER V6.22.2.0                                                  03/04/2021  14:31:22  PAGE 41


  C:1962H         LINE#         251
  C:1962H         LINE#         252
  C:1962H         LINE#         254
  C:1967H         LINE#         255
  -------         ENDPROC       MMI_DQ_FP_GET_PIN
  -------         PROC          _ADD_FR
  X:0005H         SYMBOL        ID
  -------         DO            
  X:0007H         SYMBOL        i
  X:0008H         SYMBOL        ensure
  X:0009H         SYMBOL        processnum
  X:000AH         SYMBOL        index
  -------         ENDDO         
  C:04A1H         LINE#         264
  C:04A9H         LINE#         265
  C:04A9H         LINE#         266
  C:04B0H         LINE#         267
  C:04B4H         LINE#         269
  C:04B4H         LINE#         270
  C:04B4H         LINE#         271
  C:04DCH         LINE#         272
  C:04DCH         LINE#         273
  C:04DCH         LINE#         274
  C:04E1H         LINE#         275
  C:04E7H         LINE#         276
  C:04E7H         LINE#         277
  C:04EDH         LINE#         278
  C:04F5H         LINE#         279
  C:04FAH         LINE#         280
  C:04FAH         LINE#         281
  C:0504H         LINE#         282
  C:0506H         LINE#         283
  C:0506H         LINE#         284
  C:0524H         LINE#         285
  C:0526H         LINE#         286
  C:0526H         LINE#         287
  C:0526H         LINE#         288
  C:0526H         LINE#         289
  C:0528H         LINE#         291
  C:0528H         LINE#         293
  C:052DH         LINE#         294
  C:0532H         LINE#         295
  C:0538H         LINE#         296
  C:0538H         LINE#         297
  C:053BH         LINE#         299
  C:053BH         LINE#         300
  C:053BH         LINE#         301
  C:053BH         LINE#         302
  C:053BH         LINE#         303
  C:053DH         LINE#         306
  C:053DH         LINE#         308
  C:053DH         LINE#         309
  C:0542H         LINE#         310
  C:0548H         LINE#         312
  C:0548H         LINE#         313
  C:054EH         LINE#         315
  C:0556H         LINE#         316
BL51 BANKED LINKER/LOCATER V6.22.2.0                                                  03/04/2021  14:31:22  PAGE 42


  C:055BH         LINE#         317
  C:055BH         LINE#         318
  C:0565H         LINE#         319
  C:0567H         LINE#         320
  C:0567H         LINE#         321
  C:0585H         LINE#         322
  C:0587H         LINE#         323
  C:0587H         LINE#         324
  C:0587H         LINE#         325
  C:0587H         LINE#         326
  C:0589H         LINE#         328
  C:0589H         LINE#         330
  C:058EH         LINE#         331
  C:0594H         LINE#         332
  C:0594H         LINE#         333
  C:0597H         LINE#         335
  C:0597H         LINE#         336
  C:059CH         LINE#         337
  C:05A1H         LINE#         338
  C:05A1H         LINE#         339
  C:05A4H         LINE#         342
  C:05A4H         LINE#         344
  C:05A4H         LINE#         346
  C:05ACH         LINE#         347
  C:05B1H         LINE#         348
  C:05B1H         LINE#         350
  C:05B7H         LINE#         351
  C:05BAH         LINE#         353
  C:05BAH         LINE#         354
  C:05BFH         LINE#         355
  C:05C4H         LINE#         356
  C:05C9H         LINE#         357
  C:05CEH         LINE#         358
  C:05CEH         LINE#         359
  C:05CEH         LINE#         361
  C:05D0H         LINE#         363
  C:05D0H         LINE#         365
  C:05D8H         LINE#         366
  C:05DAH         LINE#         367
  C:05DAH         LINE#         369
  C:05DEH         LINE#         370
  C:05E0H         LINE#         372
  C:05E0H         LINE#         373
  C:05E5H         LINE#         374
  C:05EAH         LINE#         375
  C:05EFH         LINE#         376
  C:05F0H         LINE#         378
  C:05F0H         LINE#         380
  C:05F2H         LINE#         382
  C:05F2H         LINE#         383
  C:0601H         LINE#         384
  C:0601H         LINE#         386
  C:0606H         LINE#         387
  C:060BH         LINE#         388
  C:0610H         LINE#         390
  C:0610H         LINE#         392
  C:0622H         LINE#         393
BL51 BANKED LINKER/LOCATER V6.22.2.0                                                  03/04/2021  14:31:22  PAGE 43


  C:0624H         LINE#         394
  C:0624H         LINE#         395
  C:0629H         LINE#         396
  C:062EH         LINE#         397
  C:063DH         LINE#         399
  C:063DH         LINE#         401
  C:063DH         LINE#         402
  C:0642H         LINE#         403
  C:0647H         LINE#         404
  C:064CH         LINE#         405
  C:0651H         LINE#         407
  C:0651H         LINE#         408
  C:0651H         LINE#         409
  C:0651H         LINE#         410
  C:0658H         LINE#         411
  C:0663H         LINE#         412
  C:0663H         LINE#         413
  C:0667H         LINE#         414
  C:066EH         LINE#         415
  C:0673H         LINE#         418
  C:0673H         LINE#         419
  C:0673H         LINE#         420
  -------         ENDPROC       _ADD_FR
  -------         PROC          _DEL_FR
  X:0005H         SYMBOL        TouchNum
  -------         DO            
  X:0007H         SYMBOL        i
  X:0008H         SYMBOL        ensure
  X:0009H         SYMBOL        processnum
  X:000AH         SYMBOL        index
  -------         ENDDO         
  C:0674H         LINE#         431
  C:067CH         LINE#         432
  C:067CH         LINE#         433
  C:0683H         LINE#         434
  C:0687H         LINE#         436
  C:068BH         LINE#         437
  C:068BH         LINE#         438
  C:0693H         LINE#         439
  C:0695H         LINE#         440
  C:0698H         LINE#         442
  C:069DH         LINE#         444
  C:069DH         LINE#         446
  C:06ACH         LINE#         447
  C:06ACH         LINE#         448
  C:06ACH         LINE#         449
  C:06ACH         LINE#         450
  C:06C6H         LINE#         451
  C:06C6H         LINE#         453
  C:06C6H         LINE#         454
  C:06CBH         LINE#         455
  C:06D1H         LINE#         457
  C:06D1H         LINE#         458
  C:06D7H         LINE#         459
  C:06DFH         LINE#         460
  C:06E4H         LINE#         461
  C:06E4H         LINE#         462
BL51 BANKED LINKER/LOCATER V6.22.2.0                                                  03/04/2021  14:31:22  PAGE 44


  C:06EEH         LINE#         463
  C:06F0H         LINE#         464
  C:06F0H         LINE#         465
  C:070EH         LINE#         466
  C:0710H         LINE#         467
  C:0710H         LINE#         469
  C:0715H         LINE#         470
  C:071AH         LINE#         471
  C:0720H         LINE#         472
  C:0723H         LINE#         480
  C:0723H         LINE#         481
  C:0723H         LINE#         482
  C:0723H         LINE#         483
  C:0723H         LINE#         484
  C:0725H         LINE#         487
  C:0725H         LINE#         489
  C:0725H         LINE#         490
  C:072AH         LINE#         491
  C:0730H         LINE#         493
  C:0730H         LINE#         494
  C:0736H         LINE#         495
  C:073EH         LINE#         496
  C:0740H         LINE#         497
  C:0740H         LINE#         498
  C:074AH         LINE#         499
  C:074CH         LINE#         500
  C:074CH         LINE#         501
  C:076AH         LINE#         502
  C:076CH         LINE#         503
  C:076CH         LINE#         505
  C:0770H         LINE#         506
  C:0776H         LINE#         507
  C:0778H         LINE#         509
  C:0778H         LINE#         510
  C:0778H         LINE#         511
  C:0778H         LINE#         512
  C:0778H         LINE#         513
  C:077AH         LINE#         515
  C:077AH         LINE#         516
  C:077FH         LINE#         517
  C:0781H         LINE#         518
  C:0781H         LINE#         519
  C:0783H         LINE#         522
  C:0783H         LINE#         524
  C:0783H         LINE#         525
  C:0797H         LINE#         526
  C:0799H         LINE#         527
  C:0799H         LINE#         528
  C:079EH         LINE#         529
  C:07A3H         LINE#         531
  C:07A3H         LINE#         533
  C:07A3H         LINE#         534
  C:07A8H         LINE#         535
  C:07ADH         LINE#         536
  C:07ADH         LINE#         537
  C:07ADH         LINE#         538
  C:07B4H         LINE#         539
BL51 BANKED LINKER/LOCATER V6.22.2.0                                                  03/04/2021  14:31:22  PAGE 45


  C:07BFH         LINE#         540
  C:07BFH         LINE#         541
  C:07C3H         LINE#         542
  C:07CAH         LINE#         543
  C:07CFH         LINE#         544
  C:07D6H         LINE#         547
  C:07D6H         LINE#         548
  C:07D6H         LINE#         549
  C:07D6H         LINE#         550
  -------         ENDPROC       _DEL_FR
  -------         PROC          PRESS_FR
  -------         DO            
  D:0007H         SYMBOL        ensure
  X:0005H         SYMBOL        index
  X:0007H         SYMBOL        str
  -------         ENDDO         
  C:12DBH         LINE#         559
  C:12DBH         LINE#         560
  C:12DBH         LINE#         562
  C:12E2H         LINE#         564
  C:12E5H         LINE#         565
  C:12E8H         LINE#         566
  C:12E8H         LINE#         567
  C:12EDH         LINE#         568
  C:12F0H         LINE#         569
  C:12F0H         LINE#         570
  C:1309H         LINE#         571
  C:130CH         LINE#         572
  C:130CH         LINE#         573
  C:1311H         LINE#         574
  C:1313H         LINE#         575
  C:1315H         LINE#         577
  C:1317H         LINE#         578
  C:1319H         LINE#         580
  C:1319H         LINE#         581
  C:131EH         LINE#         582
  C:1323H         LINE#         583
  C:1323H         LINE#         584
  C:1323H         LINE#         587
  -------         ENDPROC       PRESS_FR
  -------         ENDMOD        MMI_FPS

  -------         MODULE        ?C?FPMUL
  C:009EH         PUBLIC        ?C?FPMUL
  -------         ENDMOD        ?C?FPMUL

  -------         MODULE        ?C?FPCMP
  C:01A6H         PUBLIC        ?C?FPCMP
  C:01A4H         PUBLIC        ?C?FPCMP3
  -------         ENDMOD        ?C?FPCMP

  -------         MODULE        ?C?FCAST
  C:0227H         PUBLIC        ?C?FCASTC
  C:0222H         PUBLIC        ?C?FCASTI
  C:021DH         PUBLIC        ?C?FCASTL
  -------         ENDMOD        ?C?FCAST

BL51 BANKED LINKER/LOCATER V6.22.2.0                                                  03/04/2021  14:31:22  PAGE 46


  -------         MODULE        ?C?CLDOPTR
  C:02A5H         PUBLIC        ?C?CLDOPTR
  -------         ENDMOD        ?C?CLDOPTR

  -------         MODULE        ?C?CSTOPTR
  C:02D2H         PUBLIC        ?C?CSTOPTR
  -------         ENDMOD        ?C?CSTOPTR

  -------         MODULE        ?C?IILDX
  C:02F4H         PUBLIC        ?C?IILDX
  -------         ENDMOD        ?C?IILDX

  -------         MODULE        ?C?ISTPTR
  C:030AH         PUBLIC        ?C?ISTPTR
  -------         ENDMOD        ?C?ISTPTR

  -------         MODULE        ?C?ULDIV
  C:0365H         PUBLIC        ?C?ULDIV
  -------         ENDMOD        ?C?ULDIV

  -------         MODULE        ?C?LNEG
  C:03F7H         PUBLIC        ?C?LNEG
  -------         ENDMOD        ?C?LNEG

  -------         MODULE        ?C?ULSHR
  C:0405H         PUBLIC        ?C?ULSHR
  -------         ENDMOD        ?C?ULSHR

  -------         MODULE        ?C?LSTXDATA
  C:0418H         PUBLIC        ?C?LSTXDATA
  -------         ENDMOD        ?C?LSTXDATA

  -------         MODULE        ?C?LSTKXDATA
  C:0424H         PUBLIC        ?C?LSTKXDATA
  -------         ENDMOD        ?C?LSTKXDATA

  -------         MODULE        ?C?LSTKPTR
  C:0455H         PUBLIC        ?C?LSTKPTR
  -------         ENDMOD        ?C?LSTKPTR

  -------         MODULE        ?C?LSTKIDATA
  C:046FH         PUBLIC        ?C?LSTKIDATA
  -------         ENDMOD        ?C?LSTKIDATA

  -------         MODULE        ?C?LSTKPDATA
  C:0488H         PUBLIC        ?C?LSTKPDATA
  -------         ENDMOD        ?C?LSTKPDATA

*** WARNING L16: UNCALLED SEGMENT, IGNORED FOR OVERLAY PROCESS
    SEGMENT: ?PR?AUDIO_STOP?AUDIO

*** WARNING L16: UNCALLED SEGMENT, IGNORED FOR OVERLAY PROCESS
    SEGMENT: ?PR?BSP_SLEEP?BSP

*** WARNING L16: UNCALLED SEGMENT, IGNORED FOR OVERLAY PROCESS
    SEGMENT: ?PR?BSP_WAKEUP?BSP

BL51 BANKED LINKER/LOCATER V6.22.2.0                                                  03/04/2021  14:31:22  PAGE 47


*** WARNING L16: UNCALLED SEGMENT, IGNORED FOR OVERLAY PROCESS
    SEGMENT: ?PR?INT1_INIT?BSP

*** WARNING L16: UNCALLED SEGMENT, IGNORED FOR OVERLAY PROCESS
    SEGMENT: ?PR?FPS_TEST?FPS

*** WARNING L16: UNCALLED SEGMENT, IGNORED FOR OVERLAY PROCESS
    SEGMENT: ?PR?I2C_MASTER_INIT?I2C

*** WARNING L16: UNCALLED SEGMENT, IGNORED FOR OVERLAY PROCESS
    SEGMENT: ?PR?_I2C_MASTER_READ_DATA?I2C

*** WARNING L16: UNCALLED SEGMENT, IGNORED FOR OVERLAY PROCESS
    SEGMENT: ?PR?TOUCH_AUTO_SET_COUNTER_LIMIT_RANGE?TOUCH

*** WARNING L16: UNCALLED SEGMENT, IGNORED FOR OVERLAY PROCESS
    SEGMENT: ?PR?_ROM_1BYTEPROGRAM?EEPROM

*** WARNING L16: UNCALLED SEGMENT, IGNORED FOR OVERLAY PROCESS
    SEGMENT: ?PR?_WRITE_EEPROM?EEPROM

*** WARNING L16: UNCALLED SEGMENT, IGNORED FOR OVERLAY PROCESS
    SEGMENT: ?PR?_READ_EEPROM?EEPROM

*** WARNING L16: UNCALLED SEGMENT, IGNORED FOR OVERLAY PROCESS
    SEGMENT: ?PR?_ROM_BYTEREAD?EEPROM

*** WARNING L16: UNCALLED SEGMENT, IGNORED FOR OVERLAY PROCESS
    SEGMENT: ?PR?PS_GETECHO?DQIOT_FP_SY

*** WARNING L16: UNCALLED SEGMENT, IGNORED FOR OVERLAY PROCESS
    SEGMENT: ?PR?_PS_AUTOENROLL?DQIOT_FP_SY

*** WARNING L16: UNCALLED SEGMENT, IGNORED FOR OVERLAY PROCESS
    SEGMENT: ?PR?_PS_AUTOIDENTIFY?DQIOT_FP_SY

*** WARNING L16: UNCALLED SEGMENT, IGNORED FOR OVERLAY PROCESS
    SEGMENT: ?PR?_PS_HANDSHAKE?DQIOT_FP_SY

*** WARNING L16: UNCALLED SEGMENT, IGNORED FOR OVERLAY PROCESS
    SEGMENT: ?PR?PS_RESET?DQIOT_FP_SY

*** WARNING L16: UNCALLED SEGMENT, IGNORED FOR OVERLAY PROCESS
    SEGMENT: ?PR?PS_SLEEP?DQIOT_FP_SY

*** WARNING L16: UNCALLED SEGMENT, IGNORED FOR OVERLAY PROCESS
    SEGMENT: ?PR?MMI_DQ_FP_GET_FP_MODE?MMI_FPS

*** WARNING L16: UNCALLED SEGMENT, IGNORED FOR OVERLAY PROCESS
    SEGMENT: ?PR?MMI_DQ_FP_GET_IMAGE?MMI_FPS

*** WARNING L16: UNCALLED SEGMENT, IGNORED FOR OVERLAY PROCESS
    SEGMENT: ?PR?_MMI_DQ_FP_GEN_CHAR?MMI_FPS

*** WARNING L16: UNCALLED SEGMENT, IGNORED FOR OVERLAY PROCESS
    SEGMENT: ?PR?MMI_DQ_FP_MATCH?MMI_FPS

BL51 BANKED LINKER/LOCATER V6.22.2.0                                                  03/04/2021  14:31:22  PAGE 48


*** WARNING L16: UNCALLED SEGMENT, IGNORED FOR OVERLAY PROCESS
    SEGMENT: ?PR?MMI_DQ_FP_REG_MODULE?MMI_FPS

*** WARNING L16: UNCALLED SEGMENT, IGNORED FOR OVERLAY PROCESS
    SEGMENT: ?PR?_MMI_DQ_FP_STORE_CHAR?MMI_FPS

*** WARNING L16: UNCALLED SEGMENT, IGNORED FOR OVERLAY PROCESS
    SEGMENT: ?PR?_MMI_DQ_FP_DELETE?MMI_FPS

*** WARNING L16: UNCALLED SEGMENT, IGNORED FOR OVERLAY PROCESS
    SEGMENT: ?PR?MMI_DQ_FP_EMPTY?MMI_FPS

*** WARNING L16: UNCALLED SEGMENT, IGNORED FOR OVERLAY PROCESS
    SEGMENT: ?PR?_MMI_DQ_FP_GET_VALID_TEMPLETE?MMI_FPS

*** WARNING L16: UNCALLED SEGMENT, IGNORED FOR OVERLAY PROCESS
    SEGMENT: ?PR?_MMI_DQ_FP_HIGH_SPEED_SEARCH?MMI_FPS

*** WARNING L16: UNCALLED SEGMENT, IGNORED FOR OVERLAY PROCESS
    SEGMENT: ?PR?_MMI_DQ_FP_LIGHT?MMI_FPS

*** WARNING L16: UNCALLED SEGMENT, IGNORED FOR OVERLAY PROCESS
    SEGMENT: ?PR?MMI_DQ_FP_GET_LIGHT?MMI_FPS

*** WARNING L16: UNCALLED SEGMENT, IGNORED FOR OVERLAY PROCESS
    SEGMENT: ?PR?MMI_DQ_FP_GET_PIN?MMI_FPS

Program Size: data=19.2 xdata=160 code=6742
LINK/LOCATE RUN COMPLETE.  31 WARNING(S),  0 ERROR(S)
