C51 COMPILER V9.59.0.0   EEPROM                                                            03/04/2021 15:14:13 PAGE 1   


C51 COMPILER V9.59.0.0, COMPILATION OF MODULE EEPROM
OBJECT MODULE PLACED IN .\Objects\EEPROM.obj
COMPILER INVOKED BY: D:\Keil_v5\C51\BIN\C51.EXE ..\src\EEPROM.c LARGE OPTIMIZE(8,SPEED) BROWSE INCDIR(..\inc;..\mmi_inc)
                    - DEBUG OBJECTEXTEND PRINT(.\Listings\EEPROM.lst) TABS(2) OBJECT(.\Objects\EEPROM.obj)

line level    source

   1          #include "OB38A08T2.h"
   2          #include <absacc.h>    /* Include Macro Definitions */
   3          #include "EEPROM.h"
   4          
   5          /*ISPFC.ISPF[2:0]*/
   6          #define d_1Byte_Program_ROM     0
   7          //#define d_2Byte_Program_ROM     1
   8          #define d_Write_EEPROM          3
   9          #define d_Read_EEPROM           4
  10          
  11          //====================================================================
  12          
  13          
  14          void ISP_Enable(void)
  15          {
  16   1          EA     = 0;
  17   1          TAKEY  = 0x55;
  18   1          TAKEY  = 0xAA;
  19   1          TAKEY  = 0x5A;
  20   1          IFCON |= 0x01;      // ISPE=1, Enable ISP function
  21   1          EA     = 1;
  22   1      }
  23          
  24          void ISP_Disable(void)
  25          {
  26   1          EA     = 0;
  27   1          TAKEY  = 0x55;
  28   1          TAKEY  = 0xAA;
  29   1          TAKEY  = 0x5A;
  30   1          IFCON &= 0xFE;      // ISPE=0, Disable  ISP function
  31   1          EA     = 1;
  32   1      }
  33          
  34          void ROM_1ByteProgram(unsigned int Addr, unsigned char Data)
  35          {
  36   1          ISP_Enable();
  37   1          ISPFAH = Addr>>8;
  38   1          ISPFAL = Addr;
  39   1          ISPFDL = Data;
  40   1          ISPFC  = d_1Byte_Program_ROM;
  41   1          ISP_Disable();
  42   1      }
  43          
  44          //void ROM_2ByteProgram(unsigned int Addr, unsigned int Data)
  45          //{
  46          //    ISP_Enable();
  47          //    ISPFAH = Addr>>8;
  48          //    ISPFAL = Addr;
  49          //    ISPFDL = Data;
  50          //    ISPFDH = Data>>8;
  51          //    ISPFC  = d_2Byte_Program_ROM;
  52          //    ISP_Disable();
  53          //}
  54          
C51 COMPILER V9.59.0.0   EEPROM                                                            03/04/2021 15:14:13 PAGE 2   

  55          void Write_EEPROM(unsigned char Addr, unsigned char Data)
  56          {
  57   1          ISP_Enable();
  58   1          ISPFAH = 0x00;
  59   1          ISPFAL = Addr;
  60   1          ISPFDL = Data;
  61   1          ISPFC  = d_Write_EEPROM;
  62   1          ISP_Disable();
  63   1      }
  64          
  65          unsigned char Read_EEPROM(unsigned char Addr)
  66          {
  67   1          unsigned char Data;
  68   1          ISP_Enable();
  69   1          ISPFAH = 0x00;
  70   1          ISPFAL = Addr;
  71   1          ISPFC  = d_Read_EEPROM;
  72   1          Data   = ISPFDL;
  73   1          ISP_Disable();
  74   1          return Data;
  75   1      }
  76          
  77          
  78          unsigned char ROM_ByteRead(unsigned int Addr)
  79          {
  80   1          return CBYTE[Addr];         //The range of valid index values for this macro is 0-255
  81   1      }
  82          


MODULE INFORMATION:   STATIC OVERLAYABLE
   CODE SIZE        =    100    ----
   CONSTANT SIZE    =   ----    ----
   XDATA SIZE       =   ----    ----
   PDATA SIZE       =   ----    ----
   DATA SIZE        =   ----    ----
   IDATA SIZE       =   ----    ----
   BIT SIZE         =   ----    ----
END OF MODULE INFORMATION.


C51 COMPILATION COMPLETE.  0 WARNING(S),  0 ERROR(S)
