C51 COMPILER V9.59.0.0   TIMER                                                             03/04/2021 10:18:16 PAGE 1   


C51 COMPILER V9.59.0.0, COMPILATION OF MODULE TIMER
OBJECT MODULE PLACED IN .\Objects\Timer.obj
COMPILER INVOKED BY: D:\Keil_v5\C51\BIN\C51.EXE ..\src\Timer.c LARGE OPTIMIZE(8,SPEED) BROWSE INCDIR(..\inc;..\mmi_inc;.
                    -.\dqiot_inc) DEBUG OBJECTEXTEND PRINT(.\Listings\Timer.lst) TABS(2) OBJECT(.\Objects\Timer.obj)

line level    source

   1          #include "OB38A08T2.h"
   2          #include "Timer.h"
   3          
   4          #define TIMER0_VECTOR   d_T0_Vector       //TIMER0 Interrupt Vevtor
   5          #define TIMER1_VECTOR   d_T1_Vector       //TIMER0 Interrupt Vevtor
   6          #define d_T0MOD         0x02    //TMOD[3:0] TIMER0 Mode setting
   7          #define d_T1MOD         0x02    //TMOD[7:4] TIMER1 Mode setting
   8          #define ET2             0x00    //TIMER2 overflow Interrupt Enable (Default 0 Disable)
   9          #define ET1             0x01    //TIMER1 overflow Interrupt Enable (Default 0 Disable)
  10          #define ET0             0x01    //TIMER0 overflow Interrupt Enable (Default 0 Disable)
  11          
  12          #define d_MODEVALUE_T0      256    //MODE2 8bit 256(Auto Reload)
  13          #define d_RELOADVALUE_T0    200    //User Define Reload Value
  14          
  15          #define d_MODEVALUE_T1      256    //MODE2 8bit 256(Auto Reload)
  16          #define d_RELOADVALUE_T1    167    //User Define Reload Value
  17          
  18          unsigned int timer1_delay_count;
  19          void TIMER_Init(void)  //Initialize TIMER0
  20          {
  21   1          IEN0 |= (ET2<<5)|(ET1<<3)|(ET0<<1); //IE=IEN0
  22   1          TMOD  = (d_T1MOD<<4)|(d_T0MOD);
  23   1          TH0   = (d_MODEVALUE_T0-d_RELOADVALUE_T0);  //MODE2 8bit 256(Auto Reload)
  24   1          TL0   = (d_MODEVALUE_T0-d_RELOADVALUE_T0);
  25   1          TH1   = (d_MODEVALUE_T1-d_RELOADVALUE_T1);  //MODE2 8bit 256(Auto Reload)
  26   1          TL1   = (d_MODEVALUE_T1-d_RELOADVALUE_T1);
  27   1          PFCON |= (0x02<<2);
  28   1      }
  29          
  30          void TIMER0_Start(void)
  31          {
  32   1          TR0   = 1; //Timer0 Start bit 
  33   1      }
  34          
  35          void TIMER0_Stop(void)
  36          {
  37   1          TR0   = 0; //Timer0 Start bit 
  38   1      }
  39          
  40          
  41          void TIMER1_Delay(unsigned int delay_ms)
  42          {
  43   1        timer1_delay_count = delay_ms;
  44   1          TR1 = 1; 
  45   1          while(timer1_delay_count > 0);
  46   1        TR1 = 0;
  47   1      }
  48          
  49          
  50          void TIMER0_ISR(void) interrupt TIMER0_VECTOR
  51          {
  52   1          // To do something by using timer interrupt.
  53   1          
  54   1        extern void Audio_timer_event_handler(void);
C51 COMPILER V9.59.0.0   TIMER                                                             03/04/2021 10:18:16 PAGE 2   

  55   1        Audio_timer_event_handler();
  56   1      }
  57          
  58          void TIMER1_ISR(void) interrupt TIMER1_VECTOR
  59          {
  60   1          // To do something by using timer interrupt.
  61   1          if(timer1_delay_count>0)
  62   1          timer1_delay_count--;
  63   1      }
  64          


MODULE INFORMATION:   STATIC OVERLAYABLE
   CODE SIZE        =    159    ----
   CONSTANT SIZE    =   ----    ----
   XDATA SIZE       =      2    ----
   PDATA SIZE       =   ----    ----
   DATA SIZE        =   ----    ----
   IDATA SIZE       =   ----    ----
   BIT SIZE         =   ----    ----
END OF MODULE INFORMATION.


C51 COMPILATION COMPLETE.  0 WARNING(S),  0 ERROR(S)
